Archive member included to satisfy reference by file (symbol)

c:/program files (x86)/atollic/truestudio for stm32 9.3.0/armtools/bin/../lib/gcc/arm-atollic-eabi/6.3.1/../../../../arm-atollic-eabi/lib/armv7e-m/fpu/fpv5-d16\libc_nano.a(lib_a-errno.o)
                              Src\syscalls.o (__errno)
c:/program files (x86)/atollic/truestudio for stm32 9.3.0/armtools/bin/../lib/gcc/arm-atollic-eabi/6.3.1/../../../../arm-atollic-eabi/lib/armv7e-m/fpu/fpv5-d16\libc_nano.a(lib_a-impure.o)
                              c:/program files (x86)/atollic/truestudio for stm32 9.3.0/armtools/bin/../lib/gcc/arm-atollic-eabi/6.3.1/../../../../arm-atollic-eabi/lib/armv7e-m/fpu/fpv5-d16\libc_nano.a(lib_a-errno.o) (_impure_ptr)
c:/program files (x86)/atollic/truestudio for stm32 9.3.0/armtools/bin/../lib/gcc/arm-atollic-eabi/6.3.1/../../../../arm-atollic-eabi/lib/armv7e-m/fpu/fpv5-d16\libc_nano.a(lib_a-init.o)
                              startup\startup_stm32f767xx.o (__libc_init_array)
c:/program files (x86)/atollic/truestudio for stm32 9.3.0/armtools/bin/../lib/gcc/arm-atollic-eabi/6.3.1/../../../../arm-atollic-eabi/lib/armv7e-m/fpu/fpv5-d16\libc_nano.a(lib_a-memset.o)
                              Src\main.o (memset)
c:/program files (x86)/atollic/truestudio for stm32 9.3.0/armtools/bin/../lib/gcc/arm-atollic-eabi/6.3.1/armv7e-m/fpu/fpv5-d16\libgcc.a(_aeabi_uldivmod.o)
                              Drivers\STM32F7xx_HAL_Driver\Src\stm32f7xx_hal_rcc.o (__aeabi_uldivmod)
c:/program files (x86)/atollic/truestudio for stm32 9.3.0/armtools/bin/../lib/gcc/arm-atollic-eabi/6.3.1/armv7e-m/fpu/fpv5-d16\libgcc.a(_udivmoddi4.o)
                              c:/program files (x86)/atollic/truestudio for stm32 9.3.0/armtools/bin/../lib/gcc/arm-atollic-eabi/6.3.1/armv7e-m/fpu/fpv5-d16\libgcc.a(_aeabi_uldivmod.o) (__udivmoddi4)
c:/program files (x86)/atollic/truestudio for stm32 9.3.0/armtools/bin/../lib/gcc/arm-atollic-eabi/6.3.1/armv7e-m/fpu/fpv5-d16\libgcc.a(_dvmd_tls.o)
                              c:/program files (x86)/atollic/truestudio for stm32 9.3.0/armtools/bin/../lib/gcc/arm-atollic-eabi/6.3.1/armv7e-m/fpu/fpv5-d16\libgcc.a(_aeabi_uldivmod.o) (__aeabi_ldiv0)

Allocating common symbols
Common symbol       size              file

uwTick              0x4               Drivers\STM32F7xx_HAL_Driver\Src\stm32f7xx_hal.o
pFlash              0x1c              Drivers\STM32F7xx_HAL_Driver\Src\stm32f7xx_hal_flash.o
Receive_Data        0xa               Src\main.o
htim2               0x40              Src\main.o
huart2              0x80              Src\main.o

Discarded input sections

 .text          0x00000000        0x0 c:/program files (x86)/atollic/truestudio for stm32 9.3.0/armtools/bin/../lib/gcc/arm-atollic-eabi/6.3.1/armv7e-m/fpu/fpv5-d16/crti.o
 .data          0x00000000        0x0 c:/program files (x86)/atollic/truestudio for stm32 9.3.0/armtools/bin/../lib/gcc/arm-atollic-eabi/6.3.1/armv7e-m/fpu/fpv5-d16/crti.o
 .bss           0x00000000        0x0 c:/program files (x86)/atollic/truestudio for stm32 9.3.0/armtools/bin/../lib/gcc/arm-atollic-eabi/6.3.1/armv7e-m/fpu/fpv5-d16/crti.o
 .data          0x00000000        0x4 c:/program files (x86)/atollic/truestudio for stm32 9.3.0/armtools/bin/../lib/gcc/arm-atollic-eabi/6.3.1/armv7e-m/fpu/fpv5-d16/crtbegin.o
 .text          0x00000000        0x0 Drivers\STM32F7xx_HAL_Driver\Src\stm32f7xx_hal.o
 .data          0x00000000        0x0 Drivers\STM32F7xx_HAL_Driver\Src\stm32f7xx_hal.o
 .bss           0x00000000        0x0 Drivers\STM32F7xx_HAL_Driver\Src\stm32f7xx_hal.o
 .text.HAL_MspInit
                0x00000000        0x2 Drivers\STM32F7xx_HAL_Driver\Src\stm32f7xx_hal.o
 .text.HAL_MspDeInit
                0x00000000        0x2 Drivers\STM32F7xx_HAL_Driver\Src\stm32f7xx_hal.o
 .text.HAL_DeInit
                0x00000000       0x2c Drivers\STM32F7xx_HAL_Driver\Src\stm32f7xx_hal.o
 .text.HAL_GetTickPrio
                0x00000000        0xc Drivers\STM32F7xx_HAL_Driver\Src\stm32f7xx_hal.o
 .text.HAL_SetTickFreq
                0x00000000       0x24 Drivers\STM32F7xx_HAL_Driver\Src\stm32f7xx_hal.o
 .text.HAL_GetTickFreq
                0x00000000        0xc Drivers\STM32F7xx_HAL_Driver\Src\stm32f7xx_hal.o
 .text.HAL_SuspendTick
                0x00000000       0x10 Drivers\STM32F7xx_HAL_Driver\Src\stm32f7xx_hal.o
 .text.HAL_ResumeTick
                0x00000000       0x10 Drivers\STM32F7xx_HAL_Driver\Src\stm32f7xx_hal.o
 .text.HAL_GetHalVersion
                0x00000000        0x8 Drivers\STM32F7xx_HAL_Driver\Src\stm32f7xx_hal.o
 .text.HAL_GetREVID
                0x00000000        0xc Drivers\STM32F7xx_HAL_Driver\Src\stm32f7xx_hal.o
 .text.HAL_GetDEVID
                0x00000000       0x10 Drivers\STM32F7xx_HAL_Driver\Src\stm32f7xx_hal.o
 .text.HAL_GetUIDw0
                0x00000000        0xc Drivers\STM32F7xx_HAL_Driver\Src\stm32f7xx_hal.o
 .text.HAL_GetUIDw1
                0x00000000        0xc Drivers\STM32F7xx_HAL_Driver\Src\stm32f7xx_hal.o
 .text.HAL_GetUIDw2
[...]
Memory Configuration

Name             Origin             Length             Attributes
RAM              0x20000000         0x00080000         xrw
FLASH            0x08000000         0x00200000         xr
*default*        0x00000000         0xffffffff

Linker script and memory map

LOAD c:/program files (x86)/atollic/truestudio for stm32 9.3.0/armtools/bin/../lib/gcc/arm-atollic-eabi/6.3.1/armv7e-m/fpu/fpv5-d16/crti.o
LOAD c:/program files (x86)/atollic/truestudio for stm32 9.3.0/armtools/bin/../lib/gcc/arm-atollic-eabi/6.3.1/armv7e-m/fpu/fpv5-d16/crtbegin.o
LOAD Drivers\STM32F7xx_HAL_Driver\Src\stm32f7xx_hal.o
LOAD Drivers\STM32F7xx_HAL_Driver\Src\stm32f7xx_hal_cortex.o
LOAD Drivers\STM32F7xx_HAL_Driver\Src\stm32f7xx_hal_dma.o
LOAD Drivers\STM32F7xx_HAL_Driver\Src\stm32f7xx_hal_dma_ex.o
LOAD Drivers\STM32F7xx_HAL_Driver\Src\stm32f7xx_hal_exti.o
LOAD Drivers\STM32F7xx_HAL_Driver\Src\stm32f7xx_hal_flash.o
LOAD Drivers\STM32F7xx_HAL_Driver\Src\stm32f7xx_hal_flash_ex.o
LOAD Drivers\STM32F7xx_HAL_Driver\Src\stm32f7xx_hal_gpio.o
LOAD Drivers\STM32F7xx_HAL_Driver\Src\stm32f7xx_hal_i2c.o
LOAD Drivers\STM32F7xx_HAL_Driver\Src\stm32f7xx_hal_i2c_ex.o
LOAD Drivers\STM32F7xx_HAL_Driver\Src\stm32f7xx_hal_pwr.o
LOAD Drivers\STM32F7xx_HAL_Driver\Src\stm32f7xx_hal_pwr_ex.o
LOAD Drivers\STM32F7xx_HAL_Driver\Src\stm32f7xx_hal_rcc.o
LOAD Drivers\STM32F7xx_HAL_Driver\Src\stm32f7xx_hal_rcc_ex.o
LOAD Drivers\STM32F7xx_HAL_Driver\Src\stm32f7xx_hal_tim.o
LOAD Drivers\STM32F7xx_HAL_Driver\Src\stm32f7xx_hal_tim_ex.o
LOAD Drivers\STM32F7xx_HAL_Driver\Src\stm32f7xx_hal_uart.o
LOAD Drivers\STM32F7xx_HAL_Driver\Src\stm32f7xx_hal_uart_ex.o
LOAD Src\main.o
LOAD Src\stm32f7xx_hal_msp.o
LOAD Src\stm32f7xx_it.o
LOAD Src\syscalls.o
LOAD Src\system_stm32f7xx.o
LOAD startup\startup_stm32f767xx.o
                0x00000080                malloc_getpagesize_P = 0x80
START GROUP
LOAD c:/program files (x86)/atollic/truestudio for stm32 9.3.0/armtools/bin/../lib/gcc/arm-atollic-eabi/6.3.1/../../../../arm-atollic-eabi/lib/armv7e-m/fpu/fpv5-d16\libc_nano.a
LOAD c:/program files (x86)/atollic/truestudio for stm32 9.3.0/armtools/bin/../lib/gcc/arm-atollic-eabi/6.3.1/../../../../arm-atollic-eabi/lib/armv7e-m/fpu/fpv5-d16\libm.a
END GROUP
START GROUP
LOAD c:/program files (x86)/atollic/truestudio for stm32 9.3.0/armtools/bin/../lib/gcc/arm-atollic-eabi/6.3.1/armv7e-m/fpu/fpv5-d16\libgcc.a
LOAD c:/program files (x86)/atollic/truestudio for stm32 9.3.0/armtools/bin/../lib/gcc/arm-atollic-eabi/6.3.1/../../../../arm-atollic-eabi/lib/armv7e-m/fpu/fpv5-d16\libc_nano.a
END GROUP
START GROUP
LOAD c:/program files (x86)/atollic/truestudio for stm32 9.3.0/armtools/bin/../lib/gcc/arm-atollic-eabi/6.3.1/armv7e-m/fpu/fpv5-d16\libgcc.a
LOAD c:/program files (x86)/atollic/truestudio for stm32 9.3.0/armtools/bin/../lib/gcc/arm-atollic-eabi/6.3.1/../../../../arm-atollic-eabi/lib/armv7e-m/fpu/fpv5-d16\libc_nano.a
LOAD c:/program files (x86)/atollic/truestudio for stm32 9.3.0/armtools/bin/../lib/gcc/arm-atollic-eabi/6.3.1/../../../../arm-atollic-eabi/lib/armv7e-m/fpu/fpv5-d16\libnosys.a
END GROUP
START GROUP
LOAD c:/program files (x86)/atollic/truestudio for stm32 9.3.0/armtools/bin/../lib/gcc/arm-atollic-eabi/6.3.1/armv7e-m/fpu/fpv5-d16\libgcc.a
LOAD c:/program files (x86)/atollic/truestudio for stm32 9.3.0/armtools/bin/../lib/gcc/arm-atollic-eabi/6.3.1/../../../../arm-atollic-eabi/lib/armv7e-m/fpu/fpv5-d16\libc_nano.a
LOAD c:/program files (x86)/atollic/truestudio for stm32 9.3.0/armtools/bin/../lib/gcc/arm-atollic-eabi/6.3.1/../../../../arm-atollic-eabi/lib/armv7e-m/fpu/fpv5-d16\libnosys.a
END GROUP
LOAD c:/program files (x86)/atollic/truestudio for stm32 9.3.0/armtools/bin/../lib/gcc/arm-atollic-eabi/6.3.1/armv7e-m/fpu/fpv5-d16/crtend.o
LOAD c:/program files (x86)/atollic/truestudio for stm32 9.3.0/armtools/bin/../lib/gcc/arm-atollic-eabi/6.3.1/armv7e-m/fpu/fpv5-d16/crtn.o
                0x20080000                _estack = 0x20080000
                0x00000200                _Min_Heap_Size = 0x200
                0x00000400                _Min_Stack_Size = 0x400

.isr_vector     0x08000000      0x1f8
                0x08000000                . = ALIGN (0x4)
 *(.isr_vector)
 .isr_vector    0x08000000      0x1f8 startup\startup_stm32f767xx.o
                0x08000000                g_pfnVectors
                0x080001f8                . = ALIGN (0x4)

.text           0x080001f8     0x203c
                0x080001f8                . = ALIGN (0x4)
 *(.text)
 .text          0x080001f8       0x40 c:/program files (x86)/atollic/truestudio for stm32 9.3.0/armtools/bin/../lib/gcc/arm-atollic-eabi/6.3.1/armv7e-m/fpu/fpv5-d16/crtbegin.o
 .text          0x08000238       0x30 c:/program files (x86)/atollic/truestudio for stm32 9.3.0/armtools/bin/../lib/gcc/arm-atollic-eabi/6.3.1/armv7e-m/fpu/fpv5-d16\libgcc.a(_aeabi_uldivmod.o)
                0x08000238                __aeabi_uldivmod
 .text          0x08000268      0x2dc c:/program files (x86)/atollic/truestudio for stm32 9.3.0/armtools/bin/../lib/gcc/arm-atollic-eabi/6.3.1/armv7e-m/fpu/fpv5-d16\libgcc.a(_udivmoddi4.o)
                0x08000268                __udivmoddi4
 .text          0x08000544        0x4 c:/program files (x86)/atollic/truestudio for stm32 9.3.0/armtools/bin/../lib/gcc/arm-atollic-eabi/6.3.1/armv7e-m/fpu/fpv5-d16\libgcc.a(_dvmd_tls.o)
                0x08000544                __aeabi_idiv0
                0x08000544                __aeabi_ldiv0
 *(.text*)
 .text.HAL_InitTick
                0x08000548       0x48 Drivers\STM32F7xx_HAL_Driver\Src\stm32f7xx_hal.o
                0x08000548                HAL_InitTick
 .text.HAL_Init
                0x08000590       0x16 Drivers\STM32F7xx_HAL_Driver\Src\stm32f7xx_hal.o
                0x08000590                HAL_Init
 *fill*         0x080005a6        0x2 
 .text.HAL_IncTick
                0x080005a8       0x18 Drivers\STM32F7xx_HAL_Driver\Src\stm32f7xx_hal.o
                0x080005a8                HAL_IncTick
 .text.HAL_GetTick
                0x080005c0        0xc Drivers\STM32F7xx_HAL_Driver\Src\stm32f7xx_hal.o
                0x080005c0                HAL_GetTick
 .text.HAL_Delay
                0x080005cc       0x24 Drivers\STM32F7xx_HAL_Driver\Src\stm32f7xx_hal.o
                0x080005cc                HAL_Delay
 .text.HAL_NVIC_SetPriorityGrouping
                0x080005f0       0x24 Drivers\STM32F7xx_HAL_Driver\Src\stm32f7xx_hal_cortex.o
                0x080005f0                HAL_NVIC_SetPriorityGrouping
 .text.HAL_NVIC_SetPriority
                0x08000614       0x70 Drivers\STM32F7xx_HAL_Driver\Src\stm32f7xx_hal_cortex.o
                0x08000614                HAL_NVIC_SetPriority
 .text.HAL_NVIC_EnableIRQ
                0x08000684       0x1c Drivers\STM32F7xx_HAL_Driver\Src\stm32f7xx_hal_cortex.o
                0x08000684                HAL_NVIC_EnableIRQ
 .text.HAL_SYSTICK_Config
                0x080006a0       0x2c Drivers\STM32F7xx_HAL_Driver\Src\stm32f7xx_hal_cortex.o
                0x080006a0                HAL_SYSTICK_Config
 .text.HAL_DMA_Abort_IT
                0x080006cc       0x24 Drivers\STM32F7xx_HAL_Driver\Src\stm32f7xx_hal_dma.o
                0x080006cc                HAL_DMA_Abort_IT
 .text.HAL_GPIO_Init
                0x080006f0      0x1d4 Drivers\STM32F7xx_HAL_Driver\Src\stm32f7xx_hal_gpio.o
                0x080006f0                HAL_GPIO_Init
 .text.HAL_GPIO_WritePin
                0x080008c4        0xa Drivers\STM32F7xx_HAL_Driver\Src\stm32f7xx_hal_gpio.o
                0x080008c4                HAL_GPIO_WritePin
 *fill*         0x080008ce        0x2 
 .text.HAL_RCC_OscConfig
                0x080008d0      0x328 Drivers\STM32F7xx_HAL_Driver\Src\stm32f7xx_hal_rcc.o
                0x080008d0                HAL_RCC_OscConfig
 .text.HAL_RCC_GetSysClockFreq
                0x08000bf8       0x4c Drivers\STM32F7xx_HAL_Driver\Src\stm32f7xx_hal_rcc.o
                0x08000bf8                HAL_RCC_GetSysClockFreq
 .text.HAL_RCC_ClockConfig
                0x08000c44      0x13c Drivers\STM32F7xx_HAL_Driver\Src\stm32f7xx_hal_rcc.o
                0x08000c44                HAL_RCC_ClockConfig
 .text.HAL_RCC_GetPCLK1Freq
                0x08000d80       0x20 Drivers\STM32F7xx_HAL_Driver\Src\stm32f7xx_hal_rcc.o
                0x08000d80                HAL_RCC_GetPCLK1Freq
 .text.HAL_RCC_GetPCLK2Freq
                0x08000da0       0x20 Drivers\STM32F7xx_HAL_Driver\Src\stm32f7xx_hal_rcc.o
                0x08000da0                HAL_RCC_GetPCLK2Freq
 .text.HAL_RCCEx_PeriphCLKConfig
                0x08000dc0      0x55c Drivers\STM32F7xx_HAL_Driver\Src\stm32f7xx_hal_rcc_ex.o
                0x08000dc0                HAL_RCCEx_PeriphCLKConfig
 .text.HAL_TIM_PeriodElapsedCallback
                0x0800131c        0x2 Drivers\STM32F7xx_HAL_Driver\Src\stm32f7xx_hal_tim.o
                0x0800131c                HAL_TIM_PeriodElapsedCallback
 .text.HAL_TIM_OC_DelayElapsedCallback
                0x0800131e        0x2 Drivers\STM32F7xx_HAL_Driver\Src\stm32f7xx_hal_tim.o
                0x0800131e                HAL_TIM_OC_DelayElapsedCallback
 .text.HAL_TIM_IC_CaptureCallback
                0x08001320        0x2 Drivers\STM32F7xx_HAL_Driver\Src\stm32f7xx_hal_tim.o
                0x08001320                HAL_TIM_IC_CaptureCallback
 .text.HAL_TIM_PWM_PulseFinishedCallback
                0x08001322        0x2 Drivers\STM32F7xx_HAL_Driver\Src\stm32f7xx_hal_tim.o
                0x08001322                HAL_TIM_PWM_PulseFinishedCallback
 .text.HAL_TIM_TriggerCallback
                0x08001324        0x2 Drivers\STM32F7xx_HAL_Driver\Src\stm32f7xx_hal_tim.o
                0x08001324                HAL_TIM_TriggerCallback
 .text.HAL_TIM_IRQHandler
                0x08001326      0x160 Drivers\STM32F7xx_HAL_Driver\Src\stm32f7xx_hal_tim.o
                0x08001326                HAL_TIM_IRQHandler
 *fill*         0x08001486        0x2 
 .text.TIM_Base_SetConfig
                0x08001488       0xcc Drivers\STM32F7xx_HAL_Driver\Src\stm32f7xx_hal_tim.o
                0x08001488                TIM_Base_SetConfig
 .text.HAL_TIM_Base_Init
                0x08001554       0x34 Drivers\STM32F7xx_HAL_Driver\Src\stm32f7xx_hal_tim.o
                0x08001554                HAL_TIM_Base_Init
 .text.TIM_ETR_SetConfig
                0x08001588       0x14 Drivers\STM32F7xx_HAL_Driver\Src\stm32f7xx_hal_tim.o
                0x08001588                TIM_ETR_SetConfig
 .text.HAL_TIM_ConfigClockSource
                0x0800159c      0x128 Drivers\STM32F7xx_HAL_Driver\Src\stm32f7xx_hal_tim.o
                0x0800159c                HAL_TIM_ConfigClockSource
 .text.HAL_TIMEx_MasterConfigSynchronization
                0x080016c4       0x58 Drivers\STM32F7xx_HAL_Driver\Src\stm32f7xx_hal_tim_ex.o
                0x080016c4                HAL_TIMEx_MasterConfigSynchronization
 .text.HAL_TIMEx_CommutCallback
                0x0800171c        0x2 Drivers\STM32F7xx_HAL_Driver\Src\stm32f7xx_hal_tim_ex.o
                0x0800171c                HAL_TIMEx_CommutCallback
 .text.HAL_TIMEx_BreakCallback
                0x0800171e        0x2 Drivers\STM32F7xx_HAL_Driver\Src\stm32f7xx_hal_tim_ex.o
                0x0800171e                HAL_TIMEx_BreakCallback
 .text.HAL_TIMEx_Break2Callback
                0x08001720        0x2 Drivers\STM32F7xx_HAL_Driver\Src\stm32f7xx_hal_tim_ex.o
                0x08001720                HAL_TIMEx_Break2Callback
 .text.UART_EndRxTransfer
                0x08001722       0x1c Drivers\STM32F7xx_HAL_Driver\Src\stm32f7xx_hal_uart.o
 .text.HAL_UART_TxCpltCallback
                0x0800173e        0x2 Drivers\STM32F7xx_HAL_Driver\Src\stm32f7xx_hal_uart.o
                0x0800173e                HAL_UART_TxCpltCallback
 .text.HAL_UART_ErrorCallback
                0x08001740        0x2 Drivers\STM32F7xx_HAL_Driver\Src\stm32f7xx_hal_uart.o
                0x08001740                HAL_UART_ErrorCallback
 *fill*         0x08001742        0x2 
 .text.HAL_UART_IRQHandler
                0x08001744      0x110 Drivers\STM32F7xx_HAL_Driver\Src\stm32f7xx_hal_uart.o
                0x08001744                HAL_UART_IRQHandler
 .text.UART_DMAAbortOnError
                0x08001854       0x14 Drivers\STM32F7xx_HAL_Driver\Src\stm32f7xx_hal_uart.o
 .text.UART_SetConfig
                0x08001868      0x288 Drivers\STM32F7xx_HAL_Driver\Src\stm32f7xx_hal_uart.o
                0x08001868                UART_SetConfig
 .text.UART_AdvFeatureConfig
                0x08001af0       0xaa Drivers\STM32F7xx_HAL_Driver\Src\stm32f7xx_hal_uart.o
                0x08001af0                UART_AdvFeatureConfig
 .text.UART_WaitOnFlagUntilTimeout
                0x08001b9a       0x5e Drivers\STM32F7xx_HAL_Driver\Src\stm32f7xx_hal_uart.o
                0x08001b9a                UART_WaitOnFlagUntilTimeout
 .text.HAL_UART_Transmit
                0x08001bf8       0xae Drivers\STM32F7xx_HAL_Driver\Src\stm32f7xx_hal_uart.o
                0x08001bf8                HAL_UART_Transmit
 .text.UART_CheckIdleState
                0x08001ca6       0x40 Drivers\STM32F7xx_HAL_Driver\Src\stm32f7xx_hal_uart.o
                0x08001ca6                UART_CheckIdleState
 .text.HAL_UART_Init
                0x08001ce6       0x5c Drivers\STM32F7xx_HAL_Driver\Src\stm32f7xx_hal_uart.o
                0x08001ce6                HAL_UART_Init
 *fill*         0x08001d42        0x2 
 .text.Send_Text
                0x08001d44       0x20 Src\main.o
                0x08001d44                Send_Text
 .text.SystemClock_Config
                0x08001d64       0x94 Src\main.o
                0x08001d64                SystemClock_Config
 .text.startup.main
                0x08001df8      0x224 Src\main.o
                0x08001df8                main
 .text.HAL_MspInit
                0x0800201c       0x30 Src\stm32f7xx_hal_msp.o
                0x0800201c                HAL_MspInit
 .text.HAL_TIM_Base_MspInit
                0x0800204c       0x36 Src\stm32f7xx_hal_msp.o
                0x0800204c                HAL_TIM_Base_MspInit
 *fill*         0x08002082        0x2 
 .text.HAL_UART_MspInit
                0x08002084       0x74 Src\stm32f7xx_hal_msp.o
                0x08002084                HAL_UART_MspInit
 .text.NMI_Handler
                0x080020f8        0x2 Src\stm32f7xx_it.o
                0x080020f8                NMI_Handler
 .text.HardFault_Handler
                0x080020fa        0x2 Src\stm32f7xx_it.o
                0x080020fa                HardFault_Handler
 .text.MemManage_Handler
                0x080020fc        0x2 Src\stm32f7xx_it.o
                0x080020fc                MemManage_Handler
 .text.BusFault_Handler
                0x080020fe        0x2 Src\stm32f7xx_it.o
                0x080020fe                BusFault_Handler
 .text.UsageFault_Handler
                0x08002100        0x2 Src\stm32f7xx_it.o
                0x08002100                UsageFault_Handler
 .text.SVC_Handler
                0x08002102        0x2 Src\stm32f7xx_it.o
                0x08002102                SVC_Handler
 .text.DebugMon_Handler
                0x08002104        0x2 Src\stm32f7xx_it.o
                0x08002104                DebugMon_Handler
 .text.PendSV_Handler
                0x08002106        0x2 Src\stm32f7xx_it.o
                0x08002106                PendSV_Handler
 .text.SysTick_Handler
                0x08002108        0x4 Src\stm32f7xx_it.o
                0x08002108                SysTick_Handler
 .text.TIM2_IRQHandler
                0x0800210c        0xc Src\stm32f7xx_it.o
                0x0800210c                TIM2_IRQHandler
 .text.USART2_IRQHandler
                0x08002118        0xc Src\stm32f7xx_it.o
                0x08002118                USART2_IRQHandler
 .text.SystemInit
                0x08002124       0x4c Src\system_stm32f7xx.o
                0x08002124                SystemInit
 .text.Reset_Handler
                0x08002170       0x50 startup\startup_stm32f767xx.o
                0x08002170                Reset_Handler
 .text.Default_Handler
                0x080021c0        0x2 startup\startup_stm32f767xx.o
                0x080021c0                RTC_Alarm_IRQHandler
                0x080021c0                EXTI2_IRQHandler
                0x080021c0                TIM8_CC_IRQHandler
                0x080021c0                UART8_IRQHandler
                0x080021c0                SPI4_IRQHandler
                0x080021c0                TIM1_CC_IRQHandler
                0x080021c0                DMA2_Stream5_IRQHandler
                0x080021c0                JPEG_IRQHandler
                0x080021c0                DMA1_Stream5_IRQHandler
                0x080021c0                CAN3_RX1_IRQHandler
                0x080021c0                PVD_IRQHandler
                0x080021c0                TAMP_STAMP_IRQHandler
                0x080021c0                CAN2_RX1_IRQHandler
                0x080021c0                EXTI3_IRQHandler
                0x080021c0                TIM8_TRG_COM_TIM14_IRQHandler
                0x080021c0                DFSDM1_FLT1_IRQHandler
                0x080021c0                TIM1_UP_TIM10_IRQHandler
                0x080021c0                TIM8_UP_TIM13_IRQHandler
                0x080021c0                I2C3_ER_IRQHandler
                0x080021c0                DFSDM1_FLT2_IRQHandler
                0x080021c0                EXTI0_IRQHandler
                0x080021c0                I2C2_EV_IRQHandler
                0x080021c0                DMA1_Stream2_IRQHandler
                0x080021c0                CAN1_RX0_IRQHandler
                0x080021c0                FPU_IRQHandler
                0x080021c0                OTG_HS_WKUP_IRQHandler
                0x080021c0                CAN3_SCE_IRQHandler
                0x080021c0                LTDC_ER_IRQHandler
                0x080021c0                CAN2_SCE_IRQHandler
                0x080021c0                DMA2_Stream2_IRQHandler
                0x080021c0                SPI1_IRQHandler
                0x080021c0                TIM6_DAC_IRQHandler
                0x080021c0                TIM1_BRK_TIM9_IRQHandler
                0x080021c0                DCMI_IRQHandler
                0x080021c0                CAN2_RX0_IRQHandler
                0x080021c0                DMA2_Stream3_IRQHandler
                0x080021c0                SAI2_IRQHandler
                0x080021c0                DFSDM1_FLT3_IRQHandler
                0x080021c0                USART6_IRQHandler
                0x080021c0                CAN3_RX0_IRQHandler
                0x080021c0                USART3_IRQHandler
                0x080021c0                CAN1_RX1_IRQHandler
                0x080021c0                UART5_IRQHandler
                0x080021c0                DMA2_Stream0_IRQHandler
                0x080021c0                TIM4_IRQHandler
                0x080021c0                QUADSPI_IRQHandler
                0x080021c0                I2C1_EV_IRQHandler
                0x080021c0                DMA1_Stream6_IRQHandler
                0x080021c0                DMA1_Stream1_IRQHandler
                0x080021c0                UART4_IRQHandler
                0x080021c0                TIM3_IRQHandler
                0x080021c0                RCC_IRQHandler
                0x080021c0                TIM8_BRK_TIM12_IRQHandler
                0x080021c0                Default_Handler
                0x080021c0                CEC_IRQHandler
                0x080021c0                EXTI15_10_IRQHandler
                0x080021c0                ADC_IRQHandler
                0x080021c0                DMA1_Stream7_IRQHandler
                0x080021c0                SPI5_IRQHandler
                0x080021c0                TIM7_IRQHandler
                0x080021c0                SDMMC1_IRQHandler
                0x080021c0                CAN2_TX_IRQHandler
                0x080021c0                TIM5_IRQHandler
                0x080021c0                DMA2_Stream7_IRQHandler
                0x080021c0                I2C3_EV_IRQHandler
                0x080021c0                EXTI9_5_IRQHandler
                0x080021c0                RTC_WKUP_IRQHandler
                0x080021c0                LTDC_IRQHandler
                0x080021c0                ETH_WKUP_IRQHandler
                0x080021c0                SPDIF_RX_IRQHandler
                0x080021c0                SPI2_IRQHandler
                0x080021c0                OTG_HS_EP1_IN_IRQHandler
                0x080021c0                DMA1_Stream0_IRQHandler
                0x080021c0                CAN1_TX_IRQHandler
                0x080021c0                EXTI4_IRQHandler
                0x080021c0                RNG_IRQHandler
                0x080021c0                ETH_IRQHandler
                0x080021c0                OTG_HS_EP1_OUT_IRQHandler
                0x080021c0                WWDG_IRQHandler
                0x080021c0                SPI6_IRQHandler
                0x080021c0                MDIOS_IRQHandler
                0x080021c0                I2C4_EV_IRQHandler
                0x080021c0                CAN3_TX_IRQHandler
                0x080021c0                OTG_FS_WKUP_IRQHandler
                0x080021c0                TIM1_TRG_COM_TIM11_IRQHandler
                0x080021c0                OTG_HS_IRQHandler
                0x080021c0                DMA2D_IRQHandler
                0x080021c0                EXTI1_IRQHandler
                0x080021c0                SDMMC2_IRQHandler
                0x080021c0                UART7_IRQHandler
                0x080021c0                DFSDM1_FLT0_IRQHandler
                0x080021c0                I2C2_ER_IRQHandler
                0x080021c0                DMA2_Stream1_IRQHandler
                0x080021c0                CAN1_SCE_IRQHandler
                0x080021c0                FLASH_IRQHandler
                0x080021c0                DMA2_Stream4_IRQHandler
                0x080021c0                USART1_IRQHandler
                0x080021c0                OTG_FS_IRQHandler
                0x080021c0                SPI3_IRQHandler
                0x080021c0                DMA1_Stream4_IRQHandler
                0x080021c0                I2C1_ER_IRQHandler
                0x080021c0                FMC_IRQHandler
                0x080021c0                LPTIM1_IRQHandler
                0x080021c0                I2C4_ER_IRQHandler
                0x080021c0                DMA2_Stream6_IRQHandler
                0x080021c0                SAI1_IRQHandler
                0x080021c0                DMA1_Stream3_IRQHandler
 *fill*         0x080021c2        0x2 
 .text.__libc_init_array
                0x080021c4       0x48 c:/program files (x86)/atollic/truestudio for stm32 9.3.0/armtools/bin/../lib/gcc/arm-atollic-eabi/6.3.1/../../../../arm-atollic-eabi/lib/armv7e-m/fpu/fpv5-d16\libc_nano.a(lib_a-init.o)
                0x080021c4                __libc_init_array
 .text.memset   0x0800220c       0x10 c:/program files (x86)/atollic/truestudio for stm32 9.3.0/armtools/bin/../lib/gcc/arm-atollic-eabi/6.3.1/../../../../arm-atollic-eabi/lib/armv7e-m/fpu/fpv5-d16\libc_nano.a(lib_a-memset.o)
                0x0800220c                memset
 *(.glue_7)
 .glue_7        0x0800221c        0x0 linker stubs
 *(.glue_7t)
 .glue_7t       0x0800221c        0x0 linker stubs
 *(.eh_frame)
 .eh_frame      0x0800221c        0x0 c:/program files (x86)/atollic/truestudio for stm32 9.3.0/armtools/bin/../lib/gcc/arm-atollic-eabi/6.3.1/armv7e-m/fpu/fpv5-d16/crtbegin.o
 *(.init)
 .init          0x0800221c        0x4 c:/program files (x86)/atollic/truestudio for stm32 9.3.0/armtools/bin/../lib/gcc/arm-atollic-eabi/6.3.1/armv7e-m/fpu/fpv5-d16/crti.o
                0x0800221c                _init
 .init          0x08002220        0x8 c:/program files (x86)/atollic/truestudio for stm32 9.3.0/armtools/bin/../lib/gcc/arm-atollic-eabi/6.3.1/armv7e-m/fpu/fpv5-d16/crtn.o
 *(.fini)
 .fini          0x08002228        0x4 c:/program files (x86)/atollic/truestudio for stm32 9.3.0/armtools/bin/../lib/gcc/arm-atollic-eabi/6.3.1/armv7e-m/fpu/fpv5-d16/crti.o
                0x08002228                _fini
 .fini          0x0800222c        0x8 c:/program files (x86)/atollic/truestudio for stm32 9.3.0/armtools/bin/../lib/gcc/arm-atollic-eabi/6.3.1/armv7e-m/fpu/fpv5-d16/crtn.o
                0x08002234                . = ALIGN (0x4)
                0x08002234                _etext = .

.vfp11_veneer   0x08002234        0x0
 .vfp11_veneer  0x08002234        0x0 linker stubs

.v4_bx          0x08002234        0x0
 .v4_bx         0x08002234        0x0 linker stubs

.iplt           0x08002234        0x0
 .iplt          0x08002234        0x0 c:/program files (x86)/atollic/truestudio for stm32 9.3.0/armtools/bin/../lib/gcc/arm-atollic-eabi/6.3.1/armv7e-m/fpu/fpv5-d16/crtbegin.o

.rodata         0x08002234       0x2c
                0x08002234                . = ALIGN (0x4)
 *(.rodata)
 *(.rodata*)
 .rodata.CSWTCH.49
                0x08002234        0x4 Drivers\STM32F7xx_HAL_Driver\Src\stm32f7xx_hal_uart.o
 .rodata.CSWTCH.50
                0x08002238        0xd Drivers\STM32F7xx_HAL_Driver\Src\stm32f7xx_hal_uart.o
 .rodata.AHBPrescTable
                0x08002245       0x10 Src\system_stm32f7xx.o
                0x08002245                AHBPrescTable
 .rodata.APBPrescTable
                0x08002255        0x8 Src\system_stm32f7xx.o
                0x08002255                APBPrescTable
                0x08002260                . = ALIGN (0x4)
 *fill*         0x0800225d        0x3 

.ARM.extab
 *(.ARM.extab* .gnu.linkonce.armextab.*)

.ARM            0x08002260        0x8
                0x08002260                __exidx_start = .
 *(.ARM.exidx*)
 .ARM.exidx     0x08002260        0x8 c:/program files (x86)/atollic/truestudio for stm32 9.3.0/armtools/bin/../lib/gcc/arm-atollic-eabi/6.3.1/armv7e-m/fpu/fpv5-d16\libgcc.a(_udivmoddi4.o)
                0x08002268                __exidx_end = .

.rel.dyn        0x08002268        0x0
 .rel.iplt      0x08002268        0x0 c:/program files (x86)/atollic/truestudio for stm32 9.3.0/armtools/bin/../lib/gcc/arm-atollic-eabi/6.3.1/armv7e-m/fpu/fpv5-d16/crtbegin.o

.preinit_array  0x08002268        0x0
                0x08002268                PROVIDE (__preinit_array_start, .)
 *(.preinit_array*)
                0x08002268                PROVIDE (__preinit_array_end, .)

.init_array     0x08002268        0x4
                0x08002268                PROVIDE (__init_array_start, .)
 *(SORT(.init_array.*))
 *(.init_array*)
 .init_array    0x08002268        0x4 c:/program files (x86)/atollic/truestudio for stm32 9.3.0/armtools/bin/../lib/gcc/arm-atollic-eabi/6.3.1/armv7e-m/fpu/fpv5-d16/crtbegin.o
                0x0800226c                PROVIDE (__init_array_end, .)

.fini_array     0x0800226c        0x4
                [!provide]                PROVIDE (__fini_array_start, .)
 *(SORT(.fini_array.*))
 *(.fini_array*)
 .fini_array    0x0800226c        0x4 c:/program files (x86)/atollic/truestudio for stm32 9.3.0/armtools/bin/../lib/gcc/arm-atollic-eabi/6.3.1/armv7e-m/fpu/fpv5-d16/crtbegin.o
                [!provide]                PROVIDE (__fini_array_end, .)
                0x08002270                _sidata = LOADADDR (.data)

.data           0x20000000       0x18 load address 0x08002270
                0x20000000                . = ALIGN (0x4)
                0x20000000                _sdata = .
 *(.data)
 *(.data*)
 .data.uwTickFreq
                0x20000000        0x1 Drivers\STM32F7xx_HAL_Driver\Src\stm32f7xx_hal.o
                0x20000000                uwTickFreq
 *fill*         0x20000001        0x3 
 .data.uwTickPrio
                0x20000004        0x4 Drivers\STM32F7xx_HAL_Driver\Src\stm32f7xx_hal.o
                0x20000004                uwTickPrio
 .data.ToSend   0x20000008        0x9 Src\main.o
                0x20000008                ToSend
 *fill*         0x20000011        0x3 
 .data.SystemCoreClock
                0x20000014        0x4 Src\system_stm32f7xx.o
                0x20000014                SystemCoreClock
                0x20000018                . = ALIGN (0x4)
                0x20000018                _edata = .

.igot.plt       0x20000018        0x0 load address 0x08002288
 .igot.plt      0x20000018        0x0 c:/program files (x86)/atollic/truestudio for stm32 9.3.0/armtools/bin/../lib/gcc/arm-atollic-eabi/6.3.1/armv7e-m/fpu/fpv5-d16/crtbegin.o
                0x20000018                . = ALIGN (0x4)

.bss            0x20000018       0xec load address 0x08002288
                0x20000018                _sbss = .
                0x20000018                __bss_start__ = _sbss
 *(.bss)
 .bss           0x20000018       0x1c c:/program files (x86)/atollic/truestudio for stm32 9.3.0/armtools/bin/../lib/gcc/arm-atollic-eabi/6.3.1/armv7e-m/fpu/fpv5-d16/crtbegin.o
 *(.bss*)
 *(COMMON)
 COMMON         0x20000034        0x4 Drivers\STM32F7xx_HAL_Driver\Src\stm32f7xx_hal.o
                0x20000034                uwTick
 COMMON         0x20000038       0xcc Src\main.o
                0x20000038                Receive_Data
                0x20000044                htim2
                0x20000084                huart2
                0x20000104                . = ALIGN (0x4)
                0x20000104                _ebss = .
                0x20000104                __bss_end__ = _ebss

._user_heap_stack
                0x20000104      0x600 load address 0x08002288
                0x20000104                . = ALIGN (0x4)
                0x20000104                PROVIDE (end, .)
                [!provide]                PROVIDE (_end, .)
                0x20000304                . = (. + _Min_Heap_Size)
 *fill*         0x20000104      0x200 
                0x20000704                . = (. + _Min_Stack_Size)
 *fill*         0x20000304      0x400 
                0x20000704                . = ALIGN (0x4)

/DISCARD/
 libc.a(*)
 libm.a(*)
 libgcc.a(*)

.ARM.attributes
                0x00000000       0x2e
 *(.ARM.attributes)
 .ARM.attributes
                0x00000000       0x20 c:/program files (x86)/atollic/truestudio for stm32 9.3.0/armtools/bin/../lib/gcc/arm-atollic-eabi/6.3.1/armv7e-m/fpu/fpv5-d16/crti.o
 .ARM.attributes
                0x00000020       0x32 c:/program files (x86)/atollic/truestudio for stm32 9.3.0/armtools/bin/../lib/gcc/arm-atollic-eabi/6.3.1/armv7e-m/fpu/fpv5-d16/crtbegin.o
 .ARM.attributes
                0x00000052       0x37 Drivers\STM32F7xx_HAL_Driver\Src\stm32f7xx_hal.o
 .ARM.attributes
                0x00000089       0x37 Drivers\STM32F7xx_HAL_Driver\Src\stm32f7xx_hal_cortex.o
 .ARM.attributes
                0x000000c0       0x37 Drivers\STM32F7xx_HAL_Driver\Src\stm32f7xx_hal_dma.o
 .ARM.attributes
                0x000000f7       0x37 Drivers\STM32F7xx_HAL_Driver\Src\stm32f7xx_hal_gpio.o
 .ARM.attributes
                0x0000012e       0x37 Drivers\STM32F7xx_HAL_Driver\Src\stm32f7xx_hal_rcc.o
 .ARM.attributes
                0x00000165       0x37 Drivers\STM32F7xx_HAL_Driver\Src\stm32f7xx_hal_rcc_ex.o
 .ARM.attributes
                0x0000019c       0x37 Drivers\STM32F7xx_HAL_Driver\Src\stm32f7xx_hal_tim.o
 .ARM.attributes
                0x000001d3       0x37 Drivers\STM32F7xx_HAL_Driver\Src\stm32f7xx_hal_tim_ex.o
 .ARM.attributes
                0x0000020a       0x37 Drivers\STM32F7xx_HAL_Driver\Src\stm32f7xx_hal_uart.o
 .ARM.attributes
                0x00000241       0x37 Src\main.o
 .ARM.attributes
                0x00000278       0x37 Src\stm32f7xx_hal_msp.o
 .ARM.attributes
                0x000002af       0x37 Src\stm32f7xx_it.o
 .ARM.attributes
                0x000002e6       0x37 Src\system_stm32f7xx.o
 .ARM.attributes
                0x0000031d       0x21 startup\startup_stm32f767xx.o
 .ARM.attributes
                0x0000033e       0x32 c:/program files (x86)/atollic/truestudio for stm32 9.3.0/armtools/bin/../lib/gcc/arm-atollic-eabi/6.3.1/../../../../arm-atollic-eabi/lib/armv7e-m/fpu/fpv5-d16\libc_nano.a(lib_a-init.o)
 .ARM.attributes
                0x00000370       0x32 c:/program files (x86)/atollic/truestudio for stm32 9.3.0/armtools/bin/../lib/gcc/arm-atollic-eabi/6.3.1/../../../../arm-atollic-eabi/lib/armv7e-m/fpu/fpv5-d16\libc_nano.a(lib_a-memset.o)
 .ARM.attributes
                0x000003a2       0x20 c:/program files (x86)/atollic/truestudio for stm32 9.3.0/armtools/bin/../lib/gcc/arm-atollic-eabi/6.3.1/armv7e-m/fpu/fpv5-d16\libgcc.a(_aeabi_uldivmod.o)
 .ARM.attributes
                0x000003c2       0x32 c:/program files (x86)/atollic/truestudio for stm32 9.3.0/armtools/bin/../lib/gcc/arm-atollic-eabi/6.3.1/armv7e-m/fpu/fpv5-d16\libgcc.a(_udivmoddi4.o)
 .ARM.attributes
                0x000003f4       0x20 c:/program files (x86)/atollic/truestudio for stm32 9.3.0/armtools/bin/../lib/gcc/arm-atollic-eabi/6.3.1/armv7e-m/fpu/fpv5-d16\libgcc.a(_dvmd_tls.o)
 .ARM.attributes
                0x00000414       0x20 c:/program files (x86)/atollic/truestudio for stm32 9.3.0/armtools/bin/../lib/gcc/arm-atollic-eabi/6.3.1/armv7e-m/fpu/fpv5-d16/crtn.o
OUTPUT(Uart_Test.elf elf32-littlearm)

.debug_info     0x00000000     0xe5d8
 .debug_info    0x00000000      0xb06 Drivers\STM32F7xx_HAL_Driver\Src\stm32f7xx_hal.o
 .debug_info    0x00000b06     0x11ee Drivers\STM32F7xx_HAL_Driver\Src\stm32f7xx_hal_cortex.o
 .debug_info    0x00001cf4      0xa9d Drivers\STM32F7xx_HAL_Driver\Src\stm32f7xx_hal_dma.o
 .debug_info    0x00002791      0x7fa Drivers\STM32F7xx_HAL_Driver\Src\stm32f7xx_hal_gpio.o
 .debug_info    0x00002f8b      0xba6 Drivers\STM32F7xx_HAL_Driver\Src\stm32f7xx_hal_rcc.o
 .debug_info    0x00003b31      0x8c9 Drivers\STM32F7xx_HAL_Driver\Src\stm32f7xx_hal_rcc_ex.o
 .debug_info    0x000043fa     0x36ac Drivers\STM32F7xx_HAL_Driver\Src\stm32f7xx_hal_tim.o
 .debug_info    0x00007aa6     0x14fe Drivers\STM32F7xx_HAL_Driver\Src\stm32f7xx_hal_tim_ex.o
 .debug_info    0x00008fa4     0x1bf6 Drivers\STM32F7xx_HAL_Driver\Src\stm32f7xx_hal_uart.o
 .debug_info    0x0000ab9a     0x16d4 Src\main.o
 .debug_info    0x0000c26e     0x113f Src\stm32f7xx_hal_msp.o
 .debug_info    0x0000d3ad      0xa6a Src\stm32f7xx_it.o
 .debug_info    0x0000de17      0x744 Src\system_stm32f7xx.o
 .debug_info    0x0000e55b       0x7d startup\startup_stm32f767xx.o

.debug_abbrev   0x00000000     0x1f49
 .debug_abbrev  0x00000000      0x239 Drivers\STM32F7xx_HAL_Driver\Src\stm32f7xx_hal.o
 .debug_abbrev  0x00000239      0x314 Drivers\STM32F7xx_HAL_Driver\Src\stm32f7xx_hal_cortex.o
 .debug_abbrev  0x0000054d      0x2e8 Drivers\STM32F7xx_HAL_Driver\Src\stm32f7xx_hal_dma.o
 .debug_abbrev  0x00000835      0x1ef Drivers\STM32F7xx_HAL_Driver\Src\stm32f7xx_hal_gpio.o
 .debug_abbrev  0x00000a24      0x2d6 Drivers\STM32F7xx_HAL_Driver\Src\stm32f7xx_hal_rcc.o
 .debug_abbrev  0x00000cfa      0x1c8 Drivers\STM32F7xx_HAL_Driver\Src\stm32f7xx_hal_rcc_ex.o
 .debug_abbrev  0x00000ec2      0x324 Drivers\STM32F7xx_HAL_Driver\Src\stm32f7xx_hal_tim.o
 .debug_abbrev  0x000011e6      0x29c Drivers\STM32F7xx_HAL_Driver\Src\stm32f7xx_hal_tim_ex.o
 .debug_abbrev  0x00001482      0x31d Drivers\STM32F7xx_HAL_Driver\Src\stm32f7xx_hal_uart.o
 .debug_abbrev  0x0000179f      0x2b0 Src\main.o
 .debug_abbrev  0x00001a4f      0x1f1 Src\stm32f7xx_hal_msp.o
 .debug_abbrev  0x00001c40      0x1b5 Src\stm32f7xx_it.o
 .debug_abbrev  0x00001df5      0x142 Src\system_stm32f7xx.o
 .debug_abbrev  0x00001f37       0x12 startup\startup_stm32f767xx.o

.debug_loc      0x00000000     0x72e6
 .debug_loc     0x00000000      0x11b Drivers\STM32F7xx_HAL_Driver\Src\stm32f7xx_hal.o
 .debug_loc     0x0000011b      0x57e Drivers\STM32F7xx_HAL_Driver\Src\stm32f7xx_hal_cortex.o
 .debug_loc     0x00000699      0x7ed Drivers\STM32F7xx_HAL_Driver\Src\stm32f7xx_hal_dma.o
 .debug_loc     0x00000e86      0x36d Drivers\STM32F7xx_HAL_Driver\Src\stm32f7xx_hal_gpio.o
 .debug_loc     0x000011f3      0x3fe Drivers\STM32F7xx_HAL_Driver\Src\stm32f7xx_hal_rcc.o
 .debug_loc     0x000015f1      0x5dc Drivers\STM32F7xx_HAL_Driver\Src\stm32f7xx_hal_rcc_ex.o
 .debug_loc     0x00001bcd     0x32c7 Drivers\STM32F7xx_HAL_Driver\Src\stm32f7xx_hal_tim.o
 .debug_loc     0x00004e94      0xe88 Drivers\STM32F7xx_HAL_Driver\Src\stm32f7xx_hal_tim_ex.o
 .debug_loc     0x00005d1c     0x13e8 Drivers\STM32F7xx_HAL_Driver\Src\stm32f7xx_hal_uart.o
 .debug_loc     0x00007104       0x2c Src\main.o
 .debug_loc     0x00007130       0xa5 Src\stm32f7xx_hal_msp.o
 .debug_loc     0x000071d5      0x111 Src\system_stm32f7xx.o

.debug_aranges  0x00000000      0x9b0
 .debug_aranges
                0x00000000      0x108 Drivers\STM32F7xx_HAL_Driver\Src\stm32f7xx_hal.o
 .debug_aranges
                0x00000108       0xa8 Drivers\STM32F7xx_HAL_Driver\Src\stm32f7xx_hal_cortex.o
 .debug_aranges
                0x000001b0       0x80 Drivers\STM32F7xx_HAL_Driver\Src\stm32f7xx_hal_dma.o
 .debug_aranges
                0x00000230       0x58 Drivers\STM32F7xx_HAL_Driver\Src\stm32f7xx_hal_gpio.o
 .debug_aranges
                0x00000288       0x88 Drivers\STM32F7xx_HAL_Driver\Src\stm32f7xx_hal_rcc.o
 .debug_aranges
                0x00000310       0x50 Drivers\STM32F7xx_HAL_Driver\Src\stm32f7xx_hal_rcc_ex.o
 .debug_aranges
                0x00000360      0x288 Drivers\STM32F7xx_HAL_Driver\Src\stm32f7xx_hal_tim.o
 .debug_aranges
                0x000005e8      0x108 Drivers\STM32F7xx_HAL_Driver\Src\stm32f7xx_hal_tim_ex.o
 .debug_aranges
                0x000006f0      0x1a0 Drivers\STM32F7xx_HAL_Driver\Src\stm32f7xx_hal_uart.o
 .debug_aranges
                0x00000890       0x38 Src\main.o
 .debug_aranges
                0x000008c8       0x40 Src\stm32f7xx_hal_msp.o
 .debug_aranges
                0x00000908       0x58 Src\stm32f7xx_it.o
 .debug_aranges
                0x00000960       0x28 Src\system_stm32f7xx.o
 .debug_aranges
                0x00000988       0x28 startup\startup_stm32f767xx.o

.debug_ranges   0x00000000      0xca0
 .debug_ranges  0x00000000       0xf8 Drivers\STM32F7xx_HAL_Driver\Src\stm32f7xx_hal.o
 .debug_ranges  0x000000f8      0x138 Drivers\STM32F7xx_HAL_Driver\Src\stm32f7xx_hal_cortex.o
 .debug_ranges  0x00000230       0xd0 Drivers\STM32F7xx_HAL_Driver\Src\stm32f7xx_hal_dma.o
 .debug_ranges  0x00000300       0x70 Drivers\STM32F7xx_HAL_Driver\Src\stm32f7xx_hal_gpio.o
 .debug_ranges  0x00000370       0xf0 Drivers\STM32F7xx_HAL_Driver\Src\stm32f7xx_hal_rcc.o
 .debug_ranges  0x00000460       0x58 Drivers\STM32F7xx_HAL_Driver\Src\stm32f7xx_hal_rcc_ex.o
 .debug_ranges  0x000004b8      0x358 Drivers\STM32F7xx_HAL_Driver\Src\stm32f7xx_hal_tim.o
 .debug_ranges  0x00000810       0xf8 Drivers\STM32F7xx_HAL_Driver\Src\stm32f7xx_hal_tim_ex.o
 .debug_ranges  0x00000908      0x190 Drivers\STM32F7xx_HAL_Driver\Src\stm32f7xx_hal_uart.o
 .debug_ranges  0x00000a98      0x100 Src\main.o
 .debug_ranges  0x00000b98       0x88 Src\stm32f7xx_hal_msp.o
 .debug_ranges  0x00000c20       0x48 Src\stm32f7xx_it.o
 .debug_ranges  0x00000c68       0x18 Src\system_stm32f7xx.o
 .debug_ranges  0x00000c80       0x20 startup\startup_stm32f767xx.o

.debug_line     0x00000000     0x518a
 .debug_line    0x00000000      0x44b Drivers\STM32F7xx_HAL_Driver\Src\stm32f7xx_hal.o
 .debug_line    0x0000044b      0x473 Drivers\STM32F7xx_HAL_Driver\Src\stm32f7xx_hal_cortex.o
 .debug_line    0x000008be      0x577 Drivers\STM32F7xx_HAL_Driver\Src\stm32f7xx_hal_dma.o
 .debug_line    0x00000e35      0x427 Drivers\STM32F7xx_HAL_Driver\Src\stm32f7xx_hal_gpio.o
 .debug_line    0x0000125c      0x5c0 Drivers\STM32F7xx_HAL_Driver\Src\stm32f7xx_hal_rcc.o
 .debug_line    0x0000181c      0x478 Drivers\STM32F7xx_HAL_Driver\Src\stm32f7xx_hal_rcc_ex.o
 .debug_line    0x00001c94     0x13b8 Drivers\STM32F7xx_HAL_Driver\Src\stm32f7xx_hal_tim.o
 .debug_line    0x0000304c      0x804 Drivers\STM32F7xx_HAL_Driver\Src\stm32f7xx_hal_tim_ex.o
 .debug_line    0x00003850      0xd69 Drivers\STM32F7xx_HAL_Driver\Src\stm32f7xx_hal_uart.o
 .debug_line    0x000045b9      0x3ad Src\main.o
 .debug_line    0x00004966      0x2e7 Src\stm32f7xx_hal_msp.o
 .debug_line    0x00004c4d      0x2ad Src\stm32f7xx_it.o
 .debug_line    0x00004efa      0x211 Src\system_stm32f7xx.o
 .debug_line    0x0000510b       0x7f startup\startup_stm32f767xx.o

.debug_str      0x00000000     0x41c9
 .debug_str     0x00000000      0xd2a Drivers\STM32F7xx_HAL_Driver\Src\stm32f7xx_hal.o
                                0xd8e (size before relaxing)
 .debug_str     0x00000d2a      0x56c Drivers\STM32F7xx_HAL_Driver\Src\stm32f7xx_hal_cortex.o
                                0xf22 (size before relaxing)
 .debug_str     0x00001296      0x532 Drivers\STM32F7xx_HAL_Driver\Src\stm32f7xx_hal_dma.o
                                0x84f (size before relaxing)
 .debug_str     0x000017c8      0x1ad Drivers\STM32F7xx_HAL_Driver\Src\stm32f7xx_hal_gpio.o
                                0x5e6 (size before relaxing)
 .debug_str     0x00001975      0x329 Drivers\STM32F7xx_HAL_Driver\Src\stm32f7xx_hal_rcc.o
                                0x7cd (size before relaxing)
 .debug_str     0x00001c9e      0x403 Drivers\STM32F7xx_HAL_Driver\Src\stm32f7xx_hal_rcc_ex.o
                                0x822 (size before relaxing)
 .debug_str     0x000020a1     0x1084 Drivers\STM32F7xx_HAL_Driver\Src\stm32f7xx_hal_tim.o
                               0x1625 (size before relaxing)
 .debug_str     0x00003125      0x644 Drivers\STM32F7xx_HAL_Driver\Src\stm32f7xx_hal_tim_ex.o
                                0xf37 (size before relaxing)
 .debug_str     0x00003769      0x877 Drivers\STM32F7xx_HAL_Driver\Src\stm32f7xx_hal_uart.o
                                0xfb1 (size before relaxing)
 .debug_str     0x00003fe0       0xb7 Src\main.o
                               0x10cd (size before relaxing)
 .debug_str     0x00004097       0x25 Src\stm32f7xx_hal_msp.o
                               0x1187 (size before relaxing)
 .debug_str     0x000040bc       0xc8 Src\stm32f7xx_it.o
                                0x9e0 (size before relaxing)
 .debug_str     0x00004184       0x45 Src\system_stm32f7xx.o
                                0x513 (size before relaxing)

.comment        0x00000000       0x7c
 .comment       0x00000000       0x7c Drivers\STM32F7xx_HAL_Driver\Src\stm32f7xx_hal.o
                                 0x7d (size before relaxing)
 .comment       0x0000007c       0x7d Drivers\STM32F7xx_HAL_Driver\Src\stm32f7xx_hal_cortex.o
 .comment       0x0000007c       0x7d Drivers\STM32F7xx_HAL_Driver\Src\stm32f7xx_hal_dma.o
 .comment       0x0000007c       0x7d Drivers\STM32F7xx_HAL_Driver\Src\stm32f7xx_hal_gpio.o
 .comment       0x0000007c       0x7d Drivers\STM32F7xx_HAL_Driver\Src\stm32f7xx_hal_rcc.o
 .comment       0x0000007c       0x7d Drivers\STM32F7xx_HAL_Driver\Src\stm32f7xx_hal_rcc_ex.o
 .comment       0x0000007c       0x7d Drivers\STM32F7xx_HAL_Driver\Src\stm32f7xx_hal_tim.o
 .comment       0x0000007c       0x7d Drivers\STM32F7xx_HAL_Driver\Src\stm32f7xx_hal_tim_ex.o
 .comment       0x0000007c       0x7d Drivers\STM32F7xx_HAL_Driver\Src\stm32f7xx_hal_uart.o
 .comment       0x0000007c       0x7d Src\main.o
 .comment       0x0000007c       0x7d Src\stm32f7xx_hal_msp.o
 .comment       0x0000007c       0x7d Src\stm32f7xx_it.o
 .comment       0x0000007c       0x7d Src\system_stm32f7xx.o

.debug_frame    0x00000000     0x1cc0
 .debug_frame   0x00000000      0x230 Drivers\STM32F7xx_HAL_Driver\Src\stm32f7xx_hal.o
 .debug_frame   0x00000230      0x158 Drivers\STM32F7xx_HAL_Driver\Src\stm32f7xx_hal_cortex.o
 .debug_frame   0x00000388      0x150 Drivers\STM32F7xx_HAL_Driver\Src\stm32f7xx_hal_dma.o
 .debug_frame   0x000004d8       0xd8 Drivers\STM32F7xx_HAL_Driver\Src\stm32f7xx_hal_gpio.o
 .debug_frame   0x000005b0      0x148 Drivers\STM32F7xx_HAL_Driver\Src\stm32f7xx_hal_rcc.o
 .debug_frame   0x000006f8       0xcc Drivers\STM32F7xx_HAL_Driver\Src\stm32f7xx_hal_rcc_ex.o
 .debug_frame   0x000007c4      0x95c Drivers\STM32F7xx_HAL_Driver\Src\stm32f7xx_hal_tim.o
 .debug_frame   0x00001120      0x3a8 Drivers\STM32F7xx_HAL_Driver\Src\stm32f7xx_hal_tim_ex.o
 .debug_frame   0x000014c8      0x54c Drivers\STM32F7xx_HAL_Driver\Src\stm32f7xx_hal_uart.o
 .debug_frame   0x00001a14       0x78 Src\main.o
 .debug_frame   0x00001a8c       0x90 Src\stm32f7xx_hal_msp.o
 .debug_frame   0x00001b1c       0xc0 Src\stm32f7xx_it.o
 .debug_frame   0x00001bdc       0x38 Src\system_stm32f7xx.o
 .debug_frame   0x00001c14       0x2c c:/program files (x86)/atollic/truestudio for stm32 9.3.0/armtools/bin/../lib/gcc/arm-atollic-eabi/6.3.1/../../../../arm-atollic-eabi/lib/armv7e-m/fpu/fpv5-d16\libc_nano.a(lib_a-init.o)
 .debug_frame   0x00001c40       0x20 c:/program files (x86)/atollic/truestudio for stm32 9.3.0/armtools/bin/../lib/gcc/arm-atollic-eabi/6.3.1/../../../../arm-atollic-eabi/lib/armv7e-m/fpu/fpv5-d16\libc_nano.a(lib_a-memset.o)
 .debug_frame   0x00001c60       0x2c c:/program files (x86)/atollic/truestudio for stm32 9.3.0/armtools/bin/../lib/gcc/arm-atollic-eabi/6.3.1/armv7e-m/fpu/fpv5-d16\libgcc.a(_aeabi_uldivmod.o)
 .debug_frame   0x00001c8c       0x34 c:/program files (x86)/atollic/truestudio for stm32 9.3.0/armtools/bin/../lib/gcc/arm-atollic-eabi/6.3.1/armv7e-m/fpu/fpv5-d16\libgcc.a(_udivmoddi4.o)
