Archive member included to satisfy reference by file (symbol)

c:/program files (x86)/atollic/truestudio for stm32 9.3.0/armtools/bin/../lib/gcc/arm-atollic-eabi/6.3.1/../../../../arm-atollic-eabi/lib/armv7e-m/fpu/fpv5-d16\libc_nano.a(lib_a-errno.o)
                              Src\syscalls.o (__errno)
c:/program files (x86)/atollic/truestudio for stm32 9.3.0/armtools/bin/../lib/gcc/arm-atollic-eabi/6.3.1/../../../../arm-atollic-eabi/lib/armv7e-m/fpu/fpv5-d16\libc_nano.a(lib_a-impure.o)
                              c:/program files (x86)/atollic/truestudio for stm32 9.3.0/armtools/bin/../lib/gcc/arm-atollic-eabi/6.3.1/../../../../arm-atollic-eabi/lib/armv7e-m/fpu/fpv5-d16\libc_nano.a(lib_a-errno.o) (_impure_ptr)
c:/program files (x86)/atollic/truestudio for stm32 9.3.0/armtools/bin/../lib/gcc/arm-atollic-eabi/6.3.1/../../../../arm-atollic-eabi/lib/armv7e-m/fpu/fpv5-d16\libc_nano.a(lib_a-init.o)
                              startup\startup_stm32f767xx.o (__libc_init_array)
c:/program files (x86)/atollic/truestudio for stm32 9.3.0/armtools/bin/../lib/gcc/arm-atollic-eabi/6.3.1/../../../../arm-atollic-eabi/lib/armv7e-m/fpu/fpv5-d16\libc_nano.a(lib_a-memset.o)
                              Src\main.o (memset)
c:/program files (x86)/atollic/truestudio for stm32 9.3.0/armtools/bin/../lib/gcc/arm-atollic-eabi/6.3.1/armv7e-m/fpu/fpv5-d16\libgcc.a(_aeabi_uldivmod.o)
                              Drivers\STM32F7xx_HAL_Driver\Src\stm32f7xx_hal_rcc.o (__aeabi_uldivmod)
c:/program files (x86)/atollic/truestudio for stm32 9.3.0/armtools/bin/../lib/gcc/arm-atollic-eabi/6.3.1/armv7e-m/fpu/fpv5-d16\libgcc.a(_udivmoddi4.o)
                              c:/program files (x86)/atollic/truestudio for stm32 9.3.0/armtools/bin/../lib/gcc/arm-atollic-eabi/6.3.1/armv7e-m/fpu/fpv5-d16\libgcc.a(_aeabi_uldivmod.o) (__udivmoddi4)
c:/program files (x86)/atollic/truestudio for stm32 9.3.0/armtools/bin/../lib/gcc/arm-atollic-eabi/6.3.1/armv7e-m/fpu/fpv5-d16\libgcc.a(_dvmd_tls.o)
                              c:/program files (x86)/atollic/truestudio for stm32 9.3.0/armtools/bin/../lib/gcc/arm-atollic-eabi/6.3.1/armv7e-m/fpu/fpv5-d16\libgcc.a(_aeabi_uldivmod.o) (__aeabi_ldiv0)

Allocating common symbols
Common symbol       size              file

u8valarray          0x2               Src\main.o
uwTick              0x4               Drivers\STM32F7xx_HAL_Driver\Src\stm32f7xx_hal.o
pFlash              0x1c              Drivers\STM32F7xx_HAL_Driver\Src\stm32f7xx_hal_flash.o
hadc1               0x48              Src\main.o
hdma_adc1           0x60              Src\main.o
u8valview           0x2               Src\main.o
huart2              0x80              Src\main.o

Discarded input sections

 .text          0x00000000        0x0 c:/program files (x86)/atollic/truestudio for stm32 9.3.0/armtools/bin/../lib/gcc/arm-atollic-eabi/6.3.1/armv7e-m/fpu/fpv5-d16/crti.o
 .data          0x00000000        0x0 c:/program files (x86)/atollic/truestudio for stm32 9.3.0/armtools/bin/../lib/gcc/arm-atollic-eabi/6.3.1/armv7e-m/fpu/fpv5-d16/crti.o
 .bss           0x00000000        0x0 c:/program files (x86)/atollic/truestudio for stm32 9.3.0/armtools/bin/../lib/gcc/arm-atollic-eabi/6.3.1/armv7e-m/fpu/fpv5-d16/crti.o
 .data          0x00000000        0x4 c:/program files (x86)/atollic/truestudio for stm32 9.3.0/armtools/bin/../lib/gcc/arm-atollic-eabi/6.3.1/armv7e-m/fpu/fpv5-d16/crtbegin.o
 .text          0x00000000        0x0 Drivers\STM32F7xx_HAL_Driver\Src\stm32f7xx_hal.o
 .data          0x00000000        0x0 Drivers\STM32F7xx_HAL_Driver\Src\stm32f7xx_hal.o
 .bss           0x00000000        0x0 Drivers\STM32F7xx_HAL_Driver\Src\stm32f7xx_hal.o
 .text.HAL_MspInit
                0x00000000        0x2 Drivers\STM32F7xx_HAL_Driver\Src\stm32f7xx_hal.o
 .text.HAL_MspDeInit
                0x00000000        0x2 Drivers\STM32F7xx_HAL_Driver\Src\stm32f7xx_hal.o
 .text.HAL_DeInit
                0x00000000       0x2c Drivers\STM32F7xx_HAL_Driver\Src\stm32f7xx_hal.o
 .text.HAL_GetTickPrio
                0x00000000        0xc Drivers\STM32F7xx_HAL_Driver\Src\stm32f7xx_hal.o
 .text.HAL_SetTickFreq
                0x00000000       0x24 Drivers\STM32F7xx_HAL_Driver\Src\stm32f7xx_hal.o
 .text.HAL_GetTickFreq
                0x00000000        0xc Drivers\STM32F7xx_HAL_Driver\Src\stm32f7xx_hal.o
 .text.HAL_SuspendTick
                0x00000000       0x10 Drivers\STM32F7xx_HAL_Driver\Src\stm32f7xx_hal.o
 .text.HAL_ResumeTick
                0x00000000       0x10 Drivers\STM32F7xx_HAL_Driver\Src\stm32f7xx_hal.o
 .text.HAL_GetHalVersion
                0x00000000        0x8 Drivers\STM32F7xx_HAL_Driver\Src\stm32f7xx_hal.o
 .text.HAL_GetREVID
                0x00000000        0xc Drivers\STM32F7xx_HAL_Driver\Src\stm32f7xx_hal.o
 .text.HAL_GetDEVID
                0x00000000       0x10 Drivers\STM32F7xx_HAL_Driver\Src\stm32f7xx_hal.o
 .text.HAL_GetUIDw0
                0x00000000        0xc Drivers\STM32F7xx_HAL_Driver\Src\stm32f7xx_hal.o
 .text.HAL_GetUIDw1
[...]
Memory Configuration

Name             Origin             Length             Attributes
RAM              0x20000000         0x00080000         xrw
FLASH            0x08000000         0x00200000         xr
*default*        0x00000000         0xffffffff

Linker script and memory map

LOAD c:/program files (x86)/atollic/truestudio for stm32 9.3.0/armtools/bin/../lib/gcc/arm-atollic-eabi/6.3.1/armv7e-m/fpu/fpv5-d16/crti.o
LOAD c:/program files (x86)/atollic/truestudio for stm32 9.3.0/armtools/bin/../lib/gcc/arm-atollic-eabi/6.3.1/armv7e-m/fpu/fpv5-d16/crtbegin.o
LOAD Drivers\STM32F7xx_HAL_Driver\Src\stm32f7xx_hal.o
LOAD Drivers\STM32F7xx_HAL_Driver\Src\stm32f7xx_hal_adc.o
LOAD Drivers\STM32F7xx_HAL_Driver\Src\stm32f7xx_hal_adc_ex.o
LOAD Drivers\STM32F7xx_HAL_Driver\Src\stm32f7xx_hal_cortex.o
LOAD Drivers\STM32F7xx_HAL_Driver\Src\stm32f7xx_hal_dma.o
LOAD Drivers\STM32F7xx_HAL_Driver\Src\stm32f7xx_hal_dma_ex.o
LOAD Drivers\STM32F7xx_HAL_Driver\Src\stm32f7xx_hal_exti.o
LOAD Drivers\STM32F7xx_HAL_Driver\Src\stm32f7xx_hal_flash.o
LOAD Drivers\STM32F7xx_HAL_Driver\Src\stm32f7xx_hal_flash_ex.o
LOAD Drivers\STM32F7xx_HAL_Driver\Src\stm32f7xx_hal_gpio.o
LOAD Drivers\STM32F7xx_HAL_Driver\Src\stm32f7xx_hal_i2c.o
LOAD Drivers\STM32F7xx_HAL_Driver\Src\stm32f7xx_hal_i2c_ex.o
LOAD Drivers\STM32F7xx_HAL_Driver\Src\stm32f7xx_hal_pwr.o
LOAD Drivers\STM32F7xx_HAL_Driver\Src\stm32f7xx_hal_pwr_ex.o
LOAD Drivers\STM32F7xx_HAL_Driver\Src\stm32f7xx_hal_rcc.o
LOAD Drivers\STM32F7xx_HAL_Driver\Src\stm32f7xx_hal_rcc_ex.o
LOAD Drivers\STM32F7xx_HAL_Driver\Src\stm32f7xx_hal_tim.o
LOAD Drivers\STM32F7xx_HAL_Driver\Src\stm32f7xx_hal_tim_ex.o
LOAD Drivers\STM32F7xx_HAL_Driver\Src\stm32f7xx_hal_uart.o
LOAD Drivers\STM32F7xx_HAL_Driver\Src\stm32f7xx_hal_uart_ex.o
LOAD Src\main.o
LOAD Src\stm32f7xx_hal_msp.o
LOAD Src\stm32f7xx_it.o
LOAD Src\syscalls.o
LOAD Src\system_stm32f7xx.o
LOAD startup\startup_stm32f767xx.o
                0x00000080                malloc_getpagesize_P = 0x80
START GROUP
LOAD c:/program files (x86)/atollic/truestudio for stm32 9.3.0/armtools/bin/../lib/gcc/arm-atollic-eabi/6.3.1/../../../../arm-atollic-eabi/lib/armv7e-m/fpu/fpv5-d16\libc_nano.a
LOAD c:/program files (x86)/atollic/truestudio for stm32 9.3.0/armtools/bin/../lib/gcc/arm-atollic-eabi/6.3.1/../../../../arm-atollic-eabi/lib/armv7e-m/fpu/fpv5-d16\libm.a
END GROUP
START GROUP
LOAD c:/program files (x86)/atollic/truestudio for stm32 9.3.0/armtools/bin/../lib/gcc/arm-atollic-eabi/6.3.1/armv7e-m/fpu/fpv5-d16\libgcc.a
LOAD c:/program files (x86)/atollic/truestudio for stm32 9.3.0/armtools/bin/../lib/gcc/arm-atollic-eabi/6.3.1/../../../../arm-atollic-eabi/lib/armv7e-m/fpu/fpv5-d16\libc_nano.a
END GROUP
START GROUP
LOAD c:/program files (x86)/atollic/truestudio for stm32 9.3.0/armtools/bin/../lib/gcc/arm-atollic-eabi/6.3.1/armv7e-m/fpu/fpv5-d16\libgcc.a
LOAD c:/program files (x86)/atollic/truestudio for stm32 9.3.0/armtools/bin/../lib/gcc/arm-atollic-eabi/6.3.1/../../../../arm-atollic-eabi/lib/armv7e-m/fpu/fpv5-d16\libc_nano.a
LOAD c:/program files (x86)/atollic/truestudio for stm32 9.3.0/armtools/bin/../lib/gcc/arm-atollic-eabi/6.3.1/../../../../arm-atollic-eabi/lib/armv7e-m/fpu/fpv5-d16\libnosys.a
END GROUP
START GROUP
LOAD c:/program files (x86)/atollic/truestudio for stm32 9.3.0/armtools/bin/../lib/gcc/arm-atollic-eabi/6.3.1/armv7e-m/fpu/fpv5-d16\libgcc.a
LOAD c:/program files (x86)/atollic/truestudio for stm32 9.3.0/armtools/bin/../lib/gcc/arm-atollic-eabi/6.3.1/../../../../arm-atollic-eabi/lib/armv7e-m/fpu/fpv5-d16\libc_nano.a
LOAD c:/program files (x86)/atollic/truestudio for stm32 9.3.0/armtools/bin/../lib/gcc/arm-atollic-eabi/6.3.1/../../../../arm-atollic-eabi/lib/armv7e-m/fpu/fpv5-d16\libnosys.a
END GROUP
LOAD c:/program files (x86)/atollic/truestudio for stm32 9.3.0/armtools/bin/../lib/gcc/arm-atollic-eabi/6.3.1/armv7e-m/fpu/fpv5-d16/crtend.o
LOAD c:/program files (x86)/atollic/truestudio for stm32 9.3.0/armtools/bin/../lib/gcc/arm-atollic-eabi/6.3.1/armv7e-m/fpu/fpv5-d16/crtn.o
                0x20080000                _estack = 0x20080000
                0x00000200                _Min_Heap_Size = 0x200
                0x00000400                _Min_Stack_Size = 0x400

.isr_vector     0x08000000      0x1f8
                0x08000000                . = ALIGN (0x4)
 *(.isr_vector)
 .isr_vector    0x08000000      0x1f8 startup\startup_stm32f767xx.o
                0x08000000                g_pfnVectors
                0x080001f8                . = ALIGN (0x4)

.text           0x080001f8     0x2488
                0x080001f8                . = ALIGN (0x4)
 *(.text)
 .text          0x080001f8       0x40 c:/program files (x86)/atollic/truestudio for stm32 9.3.0/armtools/bin/../lib/gcc/arm-atollic-eabi/6.3.1/armv7e-m/fpu/fpv5-d16/crtbegin.o
 .text          0x08000238       0x30 c:/program files (x86)/atollic/truestudio for stm32 9.3.0/armtools/bin/../lib/gcc/arm-atollic-eabi/6.3.1/armv7e-m/fpu/fpv5-d16\libgcc.a(_aeabi_uldivmod.o)
                0x08000238                __aeabi_uldivmod
 .text          0x08000268      0x2dc c:/program files (x86)/atollic/truestudio for stm32 9.3.0/armtools/bin/../lib/gcc/arm-atollic-eabi/6.3.1/armv7e-m/fpu/fpv5-d16\libgcc.a(_udivmoddi4.o)
                0x08000268                __udivmoddi4
 .text          0x08000544        0x4 c:/program files (x86)/atollic/truestudio for stm32 9.3.0/armtools/bin/../lib/gcc/arm-atollic-eabi/6.3.1/armv7e-m/fpu/fpv5-d16\libgcc.a(_dvmd_tls.o)
                0x08000544                __aeabi_idiv0
                0x08000544                __aeabi_ldiv0
 *(.text*)
 .text.HAL_InitTick
                0x08000548       0x48 Drivers\STM32F7xx_HAL_Driver\Src\stm32f7xx_hal.o
                0x08000548                HAL_InitTick
 .text.HAL_Init
                0x08000590       0x16 Drivers\STM32F7xx_HAL_Driver\Src\stm32f7xx_hal.o
                0x08000590                HAL_Init
 *fill*         0x080005a6        0x2 
 .text.HAL_IncTick
                0x080005a8       0x18 Drivers\STM32F7xx_HAL_Driver\Src\stm32f7xx_hal.o
                0x080005a8                HAL_IncTick
 .text.HAL_GetTick
                0x080005c0        0xc Drivers\STM32F7xx_HAL_Driver\Src\stm32f7xx_hal.o
                0x080005c0                HAL_GetTick
 .text.HAL_Delay
                0x080005cc       0x24 Drivers\STM32F7xx_HAL_Driver\Src\stm32f7xx_hal.o
                0x080005cc                HAL_Delay
 .text.HAL_ADC_Init
                0x080005f0      0x14c Drivers\STM32F7xx_HAL_Driver\Src\stm32f7xx_hal_adc.o
                0x080005f0                HAL_ADC_Init
 .text.HAL_ADC_Start_DMA
                0x0800073c      0x120 Drivers\STM32F7xx_HAL_Driver\Src\stm32f7xx_hal_adc.o
                0x0800073c                HAL_ADC_Start_DMA
 .text.HAL_ADC_ConvCpltCallback
                0x0800085c        0x2 Drivers\STM32F7xx_HAL_Driver\Src\stm32f7xx_hal_adc.o
                0x0800085c                HAL_ADC_ConvCpltCallback
 .text.HAL_ADC_ConvHalfCpltCallback
                0x0800085e        0x2 Drivers\STM32F7xx_HAL_Driver\Src\stm32f7xx_hal_adc.o
                0x0800085e                HAL_ADC_ConvHalfCpltCallback
 .text.ADC_DMAHalfConvCplt
                0x08000860        0xa Drivers\STM32F7xx_HAL_Driver\Src\stm32f7xx_hal_adc.o
 .text.HAL_ADC_ErrorCallback
                0x0800086a        0x2 Drivers\STM32F7xx_HAL_Driver\Src\stm32f7xx_hal_adc.o
                0x0800086a                HAL_ADC_ErrorCallback
 .text.ADC_DMAError
                0x0800086c       0x16 Drivers\STM32F7xx_HAL_Driver\Src\stm32f7xx_hal_adc.o
 .text.ADC_DMAConvCplt
                0x08000882       0x6c Drivers\STM32F7xx_HAL_Driver\Src\stm32f7xx_hal_adc.o
 *fill*         0x080008ee        0x2 
 .text.HAL_ADC_ConfigChannel
                0x080008f0      0x140 Drivers\STM32F7xx_HAL_Driver\Src\stm32f7xx_hal_adc.o
                0x080008f0                HAL_ADC_ConfigChannel
 .text.HAL_NVIC_SetPriorityGrouping
                0x08000a30       0x24 Drivers\STM32F7xx_HAL_Driver\Src\stm32f7xx_hal_cortex.o
                0x08000a30                HAL_NVIC_SetPriorityGrouping
 .text.HAL_NVIC_SetPriority
                0x08000a54       0x70 Drivers\STM32F7xx_HAL_Driver\Src\stm32f7xx_hal_cortex.o
                0x08000a54                HAL_NVIC_SetPriority
 .text.HAL_NVIC_EnableIRQ
                0x08000ac4       0x1c Drivers\STM32F7xx_HAL_Driver\Src\stm32f7xx_hal_cortex.o
                0x08000ac4                HAL_NVIC_EnableIRQ
 .text.HAL_SYSTICK_Config
                0x08000ae0       0x2c Drivers\STM32F7xx_HAL_Driver\Src\stm32f7xx_hal_cortex.o
                0x08000ae0                HAL_SYSTICK_Config
 .text.DMA_CalcBaseAndBitshift
                0x08000b0c       0x2c Drivers\STM32F7xx_HAL_Driver\Src\stm32f7xx_hal_dma.o
 .text.HAL_DMA_Init
                0x08000b38       0xfc Drivers\STM32F7xx_HAL_Driver\Src\stm32f7xx_hal_dma.o
                0x08000b38                HAL_DMA_Init
 .text.HAL_DMA_Start_IT
                0x08000c34       0x7a Drivers\STM32F7xx_HAL_Driver\Src\stm32f7xx_hal_dma.o
                0x08000c34                HAL_DMA_Start_IT
 .text.HAL_DMA_Abort_IT
                0x08000cae       0x24 Drivers\STM32F7xx_HAL_Driver\Src\stm32f7xx_hal_dma.o
                0x08000cae                HAL_DMA_Abort_IT
 *fill*         0x08000cd2        0x2 
 .text.HAL_DMA_IRQHandler
                0x08000cd4      0x174 Drivers\STM32F7xx_HAL_Driver\Src\stm32f7xx_hal_dma.o
                0x08000cd4                HAL_DMA_IRQHandler
 .text.HAL_GPIO_Init
                0x08000e48      0x1d4 Drivers\STM32F7xx_HAL_Driver\Src\stm32f7xx_hal_gpio.o
                0x08000e48                HAL_GPIO_Init
 .text.HAL_GPIO_WritePin
                0x0800101c        0xa Drivers\STM32F7xx_HAL_Driver\Src\stm32f7xx_hal_gpio.o
                0x0800101c                HAL_GPIO_WritePin
 *fill*         0x08001026        0x2 
 .text.HAL_RCC_OscConfig
                0x08001028      0x328 Drivers\STM32F7xx_HAL_Driver\Src\stm32f7xx_hal_rcc.o
                0x08001028                HAL_RCC_OscConfig
 .text.HAL_RCC_GetSysClockFreq
                0x08001350       0x4c Drivers\STM32F7xx_HAL_Driver\Src\stm32f7xx_hal_rcc.o
                0x08001350                HAL_RCC_GetSysClockFreq
 .text.HAL_RCC_ClockConfig
                0x0800139c      0x13c Drivers\STM32F7xx_HAL_Driver\Src\stm32f7xx_hal_rcc.o
                0x0800139c                HAL_RCC_ClockConfig
 .text.HAL_RCC_GetPCLK1Freq
                0x080014d8       0x20 Drivers\STM32F7xx_HAL_Driver\Src\stm32f7xx_hal_rcc.o
                0x080014d8                HAL_RCC_GetPCLK1Freq
 .text.HAL_RCC_GetPCLK2Freq
                0x080014f8       0x20 Drivers\STM32F7xx_HAL_Driver\Src\stm32f7xx_hal_rcc.o
                0x080014f8                HAL_RCC_GetPCLK2Freq
 .text.HAL_RCCEx_PeriphCLKConfig
                0x08001518      0x55c Drivers\STM32F7xx_HAL_Driver\Src\stm32f7xx_hal_rcc_ex.o
                0x08001518                HAL_RCCEx_PeriphCLKConfig
 .text.UART_EndRxTransfer
                0x08001a74       0x1c Drivers\STM32F7xx_HAL_Driver\Src\stm32f7xx_hal_uart.o
 .text.HAL_UART_TxCpltCallback
                0x08001a90        0x2 Drivers\STM32F7xx_HAL_Driver\Src\stm32f7xx_hal_uart.o
                0x08001a90                HAL_UART_TxCpltCallback
 .text.HAL_UART_ErrorCallback
                0x08001a92        0x2 Drivers\STM32F7xx_HAL_Driver\Src\stm32f7xx_hal_uart.o
                0x08001a92                HAL_UART_ErrorCallback
 .text.HAL_UART_IRQHandler
                0x08001a94      0x110 Drivers\STM32F7xx_HAL_Driver\Src\stm32f7xx_hal_uart.o
                0x08001a94                HAL_UART_IRQHandler
 .text.UART_DMAAbortOnError
                0x08001ba4       0x14 Drivers\STM32F7xx_HAL_Driver\Src\stm32f7xx_hal_uart.o
 .text.UART_SetConfig
                0x08001bb8      0x288 Drivers\STM32F7xx_HAL_Driver\Src\stm32f7xx_hal_uart.o
                0x08001bb8                UART_SetConfig
 .text.UART_AdvFeatureConfig
                0x08001e40       0xaa Drivers\STM32F7xx_HAL_Driver\Src\stm32f7xx_hal_uart.o
                0x08001e40                UART_AdvFeatureConfig
 .text.UART_WaitOnFlagUntilTimeout
                0x08001eea       0x5e Drivers\STM32F7xx_HAL_Driver\Src\stm32f7xx_hal_uart.o
                0x08001eea                UART_WaitOnFlagUntilTimeout
 .text.HAL_UART_Transmit
                0x08001f48       0xae Drivers\STM32F7xx_HAL_Driver\Src\stm32f7xx_hal_uart.o
                0x08001f48                HAL_UART_Transmit
 .text.UART_CheckIdleState
                0x08001ff6       0x40 Drivers\STM32F7xx_HAL_Driver\Src\stm32f7xx_hal_uart.o
                0x08001ff6                UART_CheckIdleState
 .text.HAL_UART_Init
                0x08002036       0x5c Drivers\STM32F7xx_HAL_Driver\Src\stm32f7xx_hal_uart.o
                0x08002036                HAL_UART_Init
 *fill*         0x08002092        0x2 
 .text.SystemClock_Config
                0x08002094       0x94 Src\main.o
                0x08002094                SystemClock_Config
 .text.startup.main
                0x08002128      0x2b8 Src\main.o
                0x08002128                main
 .text.Error_Handler
                0x080023e0        0x2 Src\main.o
                0x080023e0                Error_Handler
 *fill*         0x080023e2        0x2 
 .text.HAL_MspInit
                0x080023e4       0x30 Src\stm32f7xx_hal_msp.o
                0x080023e4                HAL_MspInit
 .text.HAL_ADC_MspInit
                0x08002414       0xbc Src\stm32f7xx_hal_msp.o
                0x08002414                HAL_ADC_MspInit
 .text.HAL_UART_MspInit
                0x080024d0       0x74 Src\stm32f7xx_hal_msp.o
                0x080024d0                HAL_UART_MspInit
 .text.NMI_Handler
                0x08002544        0x2 Src\stm32f7xx_it.o
                0x08002544                NMI_Handler
 .text.HardFault_Handler
                0x08002546        0x2 Src\stm32f7xx_it.o
                0x08002546                HardFault_Handler
 .text.MemManage_Handler
                0x08002548        0x2 Src\stm32f7xx_it.o
                0x08002548                MemManage_Handler
 .text.BusFault_Handler
                0x0800254a        0x2 Src\stm32f7xx_it.o
                0x0800254a                BusFault_Handler
 .text.UsageFault_Handler
                0x0800254c        0x2 Src\stm32f7xx_it.o
                0x0800254c                UsageFault_Handler
 .text.SVC_Handler
                0x0800254e        0x2 Src\stm32f7xx_it.o
                0x0800254e                SVC_Handler
 .text.DebugMon_Handler
                0x08002550        0x2 Src\stm32f7xx_it.o
                0x08002550                DebugMon_Handler
 .text.PendSV_Handler
                0x08002552        0x2 Src\stm32f7xx_it.o
                0x08002552                PendSV_Handler
 .text.SysTick_Handler
                0x08002554        0x4 Src\stm32f7xx_it.o
                0x08002554                SysTick_Handler
 .text.USART2_IRQHandler
                0x08002558        0xc Src\stm32f7xx_it.o
                0x08002558                USART2_IRQHandler
 .text.DMA2_Stream0_IRQHandler
                0x08002564        0xc Src\stm32f7xx_it.o
                0x08002564                DMA2_Stream0_IRQHandler
 .text.SystemInit
                0x08002570       0x4c Src\system_stm32f7xx.o
                0x08002570                SystemInit
 .text.Reset_Handler
                0x080025bc       0x50 startup\startup_stm32f767xx.o
                0x080025bc                Reset_Handler
 .text.Default_Handler
                0x0800260c        0x2 startup\startup_stm32f767xx.o
                0x0800260c                RTC_Alarm_IRQHandler
                0x0800260c                EXTI2_IRQHandler
                0x0800260c                TIM8_CC_IRQHandler
                0x0800260c                UART8_IRQHandler
                0x0800260c                SPI4_IRQHandler
                0x0800260c                TIM1_CC_IRQHandler
                0x0800260c                DMA2_Stream5_IRQHandler
                0x0800260c                JPEG_IRQHandler
                0x0800260c                DMA1_Stream5_IRQHandler
                0x0800260c                CAN3_RX1_IRQHandler
                0x0800260c                PVD_IRQHandler
                0x0800260c                TAMP_STAMP_IRQHandler
                0x0800260c                CAN2_RX1_IRQHandler
                0x0800260c                EXTI3_IRQHandler
                0x0800260c                TIM8_TRG_COM_TIM14_IRQHandler
                0x0800260c                DFSDM1_FLT1_IRQHandler
                0x0800260c                TIM1_UP_TIM10_IRQHandler
                0x0800260c                TIM8_UP_TIM13_IRQHandler
                0x0800260c                I2C3_ER_IRQHandler
                0x0800260c                DFSDM1_FLT2_IRQHandler
                0x0800260c                EXTI0_IRQHandler
                0x0800260c                I2C2_EV_IRQHandler
                0x0800260c                DMA1_Stream2_IRQHandler
                0x0800260c                CAN1_RX0_IRQHandler
                0x0800260c                FPU_IRQHandler
                0x0800260c                OTG_HS_WKUP_IRQHandler
                0x0800260c                CAN3_SCE_IRQHandler
                0x0800260c                LTDC_ER_IRQHandler
                0x0800260c                CAN2_SCE_IRQHandler
                0x0800260c                DMA2_Stream2_IRQHandler
                0x0800260c                SPI1_IRQHandler
                0x0800260c                TIM6_DAC_IRQHandler
                0x0800260c                TIM1_BRK_TIM9_IRQHandler
                0x0800260c                DCMI_IRQHandler
                0x0800260c                CAN2_RX0_IRQHandler
                0x0800260c                DMA2_Stream3_IRQHandler
                0x0800260c                SAI2_IRQHandler
                0x0800260c                DFSDM1_FLT3_IRQHandler
                0x0800260c                USART6_IRQHandler
                0x0800260c                CAN3_RX0_IRQHandler
                0x0800260c                USART3_IRQHandler
                0x0800260c                CAN1_RX1_IRQHandler
                0x0800260c                UART5_IRQHandler
                0x0800260c                TIM4_IRQHandler
                0x0800260c                QUADSPI_IRQHandler
                0x0800260c                I2C1_EV_IRQHandler
                0x0800260c                DMA1_Stream6_IRQHandler
                0x0800260c                DMA1_Stream1_IRQHandler
                0x0800260c                UART4_IRQHandler
                0x0800260c                TIM3_IRQHandler
                0x0800260c                RCC_IRQHandler
                0x0800260c                TIM8_BRK_TIM12_IRQHandler
                0x0800260c                Default_Handler
                0x0800260c                CEC_IRQHandler
                0x0800260c                EXTI15_10_IRQHandler
                0x0800260c                ADC_IRQHandler
                0x0800260c                DMA1_Stream7_IRQHandler
                0x0800260c                SPI5_IRQHandler
                0x0800260c                TIM7_IRQHandler
                0x0800260c                SDMMC1_IRQHandler
                0x0800260c                CAN2_TX_IRQHandler
                0x0800260c                TIM5_IRQHandler
                0x0800260c                DMA2_Stream7_IRQHandler
                0x0800260c                I2C3_EV_IRQHandler
                0x0800260c                EXTI9_5_IRQHandler
                0x0800260c                RTC_WKUP_IRQHandler
                0x0800260c                LTDC_IRQHandler
                0x0800260c                ETH_WKUP_IRQHandler
                0x0800260c                SPDIF_RX_IRQHandler
                0x0800260c                SPI2_IRQHandler
                0x0800260c                OTG_HS_EP1_IN_IRQHandler
                0x0800260c                DMA1_Stream0_IRQHandler
                0x0800260c                CAN1_TX_IRQHandler
                0x0800260c                EXTI4_IRQHandler
                0x0800260c                RNG_IRQHandler
                0x0800260c                ETH_IRQHandler
                0x0800260c                OTG_HS_EP1_OUT_IRQHandler
                0x0800260c                WWDG_IRQHandler
                0x0800260c                SPI6_IRQHandler
                0x0800260c                MDIOS_IRQHandler
                0x0800260c                I2C4_EV_IRQHandler
                0x0800260c                CAN3_TX_IRQHandler
                0x0800260c                TIM2_IRQHandler
                0x0800260c                OTG_FS_WKUP_IRQHandler
                0x0800260c                TIM1_TRG_COM_TIM11_IRQHandler
                0x0800260c                OTG_HS_IRQHandler
                0x0800260c                DMA2D_IRQHandler
                0x0800260c                EXTI1_IRQHandler
                0x0800260c                SDMMC2_IRQHandler
                0x0800260c                UART7_IRQHandler
                0x0800260c                DFSDM1_FLT0_IRQHandler
                0x0800260c                I2C2_ER_IRQHandler
                0x0800260c                DMA2_Stream1_IRQHandler
                0x0800260c                CAN1_SCE_IRQHandler
                0x0800260c                FLASH_IRQHandler
                0x0800260c                DMA2_Stream4_IRQHandler
                0x0800260c                USART1_IRQHandler
                0x0800260c                OTG_FS_IRQHandler
                0x0800260c                SPI3_IRQHandler
                0x0800260c                DMA1_Stream4_IRQHandler
                0x0800260c                I2C1_ER_IRQHandler
                0x0800260c                FMC_IRQHandler
                0x0800260c                LPTIM1_IRQHandler
                0x0800260c                I2C4_ER_IRQHandler
                0x0800260c                DMA2_Stream6_IRQHandler
                0x0800260c                SAI1_IRQHandler
                0x0800260c                DMA1_Stream3_IRQHandler
 *fill*         0x0800260e        0x2 
 .text.__libc_init_array
                0x08002610       0x48 c:/program files (x86)/atollic/truestudio for stm32 9.3.0/armtools/bin/../lib/gcc/arm-atollic-eabi/6.3.1/../../../../arm-atollic-eabi/lib/armv7e-m/fpu/fpv5-d16\libc_nano.a(lib_a-init.o)
                0x08002610                __libc_init_array
 .text.memset   0x08002658       0x10 c:/program files (x86)/atollic/truestudio for stm32 9.3.0/armtools/bin/../lib/gcc/arm-atollic-eabi/6.3.1/../../../../arm-atollic-eabi/lib/armv7e-m/fpu/fpv5-d16\libc_nano.a(lib_a-memset.o)
                0x08002658                memset
 *(.glue_7)
 .glue_7        0x08002668        0x0 linker stubs
 *(.glue_7t)
 .glue_7t       0x08002668        0x0 linker stubs
 *(.eh_frame)
 .eh_frame      0x08002668        0x0 c:/program files (x86)/atollic/truestudio for stm32 9.3.0/armtools/bin/../lib/gcc/arm-atollic-eabi/6.3.1/armv7e-m/fpu/fpv5-d16/crtbegin.o
 *(.init)
 .init          0x08002668        0x4 c:/program files (x86)/atollic/truestudio for stm32 9.3.0/armtools/bin/../lib/gcc/arm-atollic-eabi/6.3.1/armv7e-m/fpu/fpv5-d16/crti.o
                0x08002668                _init
 .init          0x0800266c        0x8 c:/program files (x86)/atollic/truestudio for stm32 9.3.0/armtools/bin/../lib/gcc/arm-atollic-eabi/6.3.1/armv7e-m/fpu/fpv5-d16/crtn.o
 *(.fini)
 .fini          0x08002674        0x4 c:/program files (x86)/atollic/truestudio for stm32 9.3.0/armtools/bin/../lib/gcc/arm-atollic-eabi/6.3.1/armv7e-m/fpu/fpv5-d16/crti.o
                0x08002674                _fini
 .fini          0x08002678        0x8 c:/program files (x86)/atollic/truestudio for stm32 9.3.0/armtools/bin/../lib/gcc/arm-atollic-eabi/6.3.1/armv7e-m/fpu/fpv5-d16/crtn.o
                0x08002680                . = ALIGN (0x4)
                0x08002680                _etext = .

.vfp11_veneer   0x08002680        0x0
 .vfp11_veneer  0x08002680        0x0 linker stubs

.v4_bx          0x08002680        0x0
 .v4_bx         0x08002680        0x0 linker stubs

.iplt           0x08002680        0x0
 .iplt          0x08002680        0x0 c:/program files (x86)/atollic/truestudio for stm32 9.3.0/armtools/bin/../lib/gcc/arm-atollic-eabi/6.3.1/armv7e-m/fpu/fpv5-d16/crtbegin.o

.rodata         0x08002680       0x34
                0x08002680                . = ALIGN (0x4)
 *(.rodata)
 *(.rodata*)
 .rodata.flagBitshiftOffset.8403
                0x08002680        0x8 Drivers\STM32F7xx_HAL_Driver\Src\stm32f7xx_hal_dma.o
 .rodata.CSWTCH.49
                0x08002688        0x4 Drivers\STM32F7xx_HAL_Driver\Src\stm32f7xx_hal_uart.o
 .rodata.CSWTCH.50
                0x0800268c        0xd Drivers\STM32F7xx_HAL_Driver\Src\stm32f7xx_hal_uart.o
 .rodata.AHBPrescTable
                0x08002699       0x10 Src\system_stm32f7xx.o
                0x08002699                AHBPrescTable
 .rodata.APBPrescTable
                0x080026a9        0x8 Src\system_stm32f7xx.o
                0x080026a9                APBPrescTable
                0x080026b4                . = ALIGN (0x4)
 *fill*         0x080026b1        0x3 

.ARM.extab
 *(.ARM.extab* .gnu.linkonce.armextab.*)

.ARM            0x080026b4        0x8
                0x080026b4                __exidx_start = .
 *(.ARM.exidx*)
 .ARM.exidx     0x080026b4        0x8 c:/program files (x86)/atollic/truestudio for stm32 9.3.0/armtools/bin/../lib/gcc/arm-atollic-eabi/6.3.1/armv7e-m/fpu/fpv5-d16\libgcc.a(_udivmoddi4.o)
                0x080026bc                __exidx_end = .

.rel.dyn        0x080026bc        0x0
 .rel.iplt      0x080026bc        0x0 c:/program files (x86)/atollic/truestudio for stm32 9.3.0/armtools/bin/../lib/gcc/arm-atollic-eabi/6.3.1/armv7e-m/fpu/fpv5-d16/crtbegin.o

.preinit_array  0x080026bc        0x0
                0x080026bc                PROVIDE (__preinit_array_start, .)
 *(.preinit_array*)
                0x080026bc                PROVIDE (__preinit_array_end, .)

.init_array     0x080026bc        0x4
                0x080026bc                PROVIDE (__init_array_start, .)
 *(SORT(.init_array.*))
 *(.init_array*)
 .init_array    0x080026bc        0x4 c:/program files (x86)/atollic/truestudio for stm32 9.3.0/armtools/bin/../lib/gcc/arm-atollic-eabi/6.3.1/armv7e-m/fpu/fpv5-d16/crtbegin.o
                0x080026c0                PROVIDE (__init_array_end, .)

.fini_array     0x080026c0        0x4
                [!provide]                PROVIDE (__fini_array_start, .)
 *(SORT(.fini_array.*))
 *(.fini_array*)
 .fini_array    0x080026c0        0x4 c:/program files (x86)/atollic/truestudio for stm32 9.3.0/armtools/bin/../lib/gcc/arm-atollic-eabi/6.3.1/armv7e-m/fpu/fpv5-d16/crtbegin.o
                [!provide]                PROVIDE (__fini_array_end, .)
                0x080026c4                _sidata = LOADADDR (.data)

.data           0x20000000        0xc load address 0x080026c4
                0x20000000                . = ALIGN (0x4)
                0x20000000                _sdata = .
 *(.data)
 *(.data*)
 .data.uwTickFreq
                0x20000000        0x1 Drivers\STM32F7xx_HAL_Driver\Src\stm32f7xx_hal.o
                0x20000000                uwTickFreq
 *fill*         0x20000001        0x3 
 .data.uwTickPrio
                0x20000004        0x4 Drivers\STM32F7xx_HAL_Driver\Src\stm32f7xx_hal.o
                0x20000004                uwTickPrio
 .data.SystemCoreClock
                0x20000008        0x4 Src\system_stm32f7xx.o
                0x20000008                SystemCoreClock
                0x2000000c                . = ALIGN (0x4)
                0x2000000c                _edata = .

.igot.plt       0x2000000c        0x0 load address 0x080026d0
 .igot.plt      0x2000000c        0x0 c:/program files (x86)/atollic/truestudio for stm32 9.3.0/armtools/bin/../lib/gcc/arm-atollic-eabi/6.3.1/armv7e-m/fpu/fpv5-d16/crtbegin.o
                0x2000000c                . = ALIGN (0x4)

.bss            0x2000000c      0x154 load address 0x080026d0
                0x2000000c                _sbss = .
                0x2000000c                __bss_start__ = _sbss
 *(.bss)
 .bss           0x2000000c       0x1c c:/program files (x86)/atollic/truestudio for stm32 9.3.0/armtools/bin/../lib/gcc/arm-atollic-eabi/6.3.1/armv7e-m/fpu/fpv5-d16/crtbegin.o
 *(.bss*)
 .bss.i         0x20000028        0x1 Src\main.o
                0x20000028                i
 *(COMMON)
 *fill*         0x20000029        0x3 
 COMMON         0x2000002c        0x4 Drivers\STM32F7xx_HAL_Driver\Src\stm32f7xx_hal.o
                0x2000002c                uwTick
 COMMON         0x20000030      0x130 Src\main.o
                0x20000030                u8valarray
                0x20000034                hadc1
                0x2000007c                hdma_adc1
                0x200000dc                u8valview
                0x200000e0                huart2
                0x20000160                . = ALIGN (0x4)
                0x20000160                _ebss = .
                0x20000160                __bss_end__ = _ebss

._user_heap_stack
                0x20000160      0x600 load address 0x080026d0
                0x20000160                . = ALIGN (0x4)
                0x20000160                PROVIDE (end, .)
                [!provide]                PROVIDE (_end, .)
                0x20000360                . = (. + _Min_Heap_Size)
 *fill*         0x20000160      0x200 
                0x20000760                . = (. + _Min_Stack_Size)
 *fill*         0x20000360      0x400 
                0x20000760                . = ALIGN (0x4)

/DISCARD/
 libc.a(*)
 libm.a(*)
 libgcc.a(*)

.ARM.attributes
                0x00000000       0x2e
 *(.ARM.attributes)
 .ARM.attributes
                0x00000000       0x20 c:/program files (x86)/atollic/truestudio for stm32 9.3.0/armtools/bin/../lib/gcc/arm-atollic-eabi/6.3.1/armv7e-m/fpu/fpv5-d16/crti.o
 .ARM.attributes
                0x00000020       0x32 c:/program files (x86)/atollic/truestudio for stm32 9.3.0/armtools/bin/../lib/gcc/arm-atollic-eabi/6.3.1/armv7e-m/fpu/fpv5-d16/crtbegin.o
 .ARM.attributes
                0x00000052       0x37 Drivers\STM32F7xx_HAL_Driver\Src\stm32f7xx_hal.o
 .ARM.attributes
                0x00000089       0x37 Drivers\STM32F7xx_HAL_Driver\Src\stm32f7xx_hal_adc.o
 .ARM.attributes
                0x000000c0       0x37 Drivers\STM32F7xx_HAL_Driver\Src\stm32f7xx_hal_cortex.o
 .ARM.attributes
                0x000000f7       0x37 Drivers\STM32F7xx_HAL_Driver\Src\stm32f7xx_hal_dma.o
 .ARM.attributes
                0x0000012e       0x37 Drivers\STM32F7xx_HAL_Driver\Src\stm32f7xx_hal_gpio.o
 .ARM.attributes
                0x00000165       0x37 Drivers\STM32F7xx_HAL_Driver\Src\stm32f7xx_hal_rcc.o
 .ARM.attributes
                0x0000019c       0x37 Drivers\STM32F7xx_HAL_Driver\Src\stm32f7xx_hal_rcc_ex.o
 .ARM.attributes
                0x000001d3       0x37 Drivers\STM32F7xx_HAL_Driver\Src\stm32f7xx_hal_uart.o
 .ARM.attributes
                0x0000020a       0x37 Src\main.o
 .ARM.attributes
                0x00000241       0x37 Src\stm32f7xx_hal_msp.o
 .ARM.attributes
                0x00000278       0x37 Src\stm32f7xx_it.o
 .ARM.attributes
                0x000002af       0x37 Src\system_stm32f7xx.o
 .ARM.attributes
                0x000002e6       0x21 startup\startup_stm32f767xx.o
 .ARM.attributes
                0x00000307       0x32 c:/program files (x86)/atollic/truestudio for stm32 9.3.0/armtools/bin/../lib/gcc/arm-atollic-eabi/6.3.1/../../../../arm-atollic-eabi/lib/armv7e-m/fpu/fpv5-d16\libc_nano.a(lib_a-init.o)
 .ARM.attributes
                0x00000339       0x32 c:/program files (x86)/atollic/truestudio for stm32 9.3.0/armtools/bin/../lib/gcc/arm-atollic-eabi/6.3.1/../../../../arm-atollic-eabi/lib/armv7e-m/fpu/fpv5-d16\libc_nano.a(lib_a-memset.o)
 .ARM.attributes
                0x0000036b       0x20 c:/program files (x86)/atollic/truestudio for stm32 9.3.0/armtools/bin/../lib/gcc/arm-atollic-eabi/6.3.1/armv7e-m/fpu/fpv5-d16\libgcc.a(_aeabi_uldivmod.o)
 .ARM.attributes
                0x0000038b       0x32 c:/program files (x86)/atollic/truestudio for stm32 9.3.0/armtools/bin/../lib/gcc/arm-atollic-eabi/6.3.1/armv7e-m/fpu/fpv5-d16\libgcc.a(_udivmoddi4.o)
 .ARM.attributes
                0x000003bd       0x20 c:/program files (x86)/atollic/truestudio for stm32 9.3.0/armtools/bin/../lib/gcc/arm-atollic-eabi/6.3.1/armv7e-m/fpu/fpv5-d16\libgcc.a(_dvmd_tls.o)
 .ARM.attributes
                0x000003dd       0x20 c:/program files (x86)/atollic/truestudio for stm32 9.3.0/armtools/bin/../lib/gcc/arm-atollic-eabi/6.3.1/armv7e-m/fpu/fpv5-d16/crtn.o
OUTPUT(ADC_DMA_multichanelscan.elf elf32-littlearm)

.debug_info     0x00000000     0xa809
 .debug_info    0x00000000      0xb06 Drivers\STM32F7xx_HAL_Driver\Src\stm32f7xx_hal.o
 .debug_info    0x00000b06      0xda0 Drivers\STM32F7xx_HAL_Driver\Src\stm32f7xx_hal_adc.o
 .debug_info    0x000018a6     0x11ee Drivers\STM32F7xx_HAL_Driver\Src\stm32f7xx_hal_cortex.o
 .debug_info    0x00002a94      0xa9d Drivers\STM32F7xx_HAL_Driver\Src\stm32f7xx_hal_dma.o
 .debug_info    0x00003531      0x7fa Drivers\STM32F7xx_HAL_Driver\Src\stm32f7xx_hal_gpio.o
 .debug_info    0x00003d2b      0xba6 Drivers\STM32F7xx_HAL_Driver\Src\stm32f7xx_hal_rcc.o
 .debug_info    0x000048d1      0x8c9 Drivers\STM32F7xx_HAL_Driver\Src\stm32f7xx_hal_rcc_ex.o
 .debug_info    0x0000519a     0x1bf6 Drivers\STM32F7xx_HAL_Driver\Src\stm32f7xx_hal_uart.o
 .debug_info    0x00006d90     0x1933 Src\main.o
 .debug_info    0x000086c3     0x11ca Src\stm32f7xx_hal_msp.o
 .debug_info    0x0000988d      0x7ad Src\stm32f7xx_it.o
 .debug_info    0x0000a03a      0x744 Src\system_stm32f7xx.o
 .debug_info    0x0000a77e       0x8b startup\startup_stm32f767xx.o

.debug_abbrev   0x00000000     0x1c14
 .debug_abbrev  0x00000000      0x239 Drivers\STM32F7xx_HAL_Driver\Src\stm32f7xx_hal.o
 .debug_abbrev  0x00000239      0x2a2 Drivers\STM32F7xx_HAL_Driver\Src\stm32f7xx_hal_adc.o
 .debug_abbrev  0x000004db      0x314 Drivers\STM32F7xx_HAL_Driver\Src\stm32f7xx_hal_cortex.o
 .debug_abbrev  0x000007ef      0x2e8 Drivers\STM32F7xx_HAL_Driver\Src\stm32f7xx_hal_dma.o
 .debug_abbrev  0x00000ad7      0x1ef Drivers\STM32F7xx_HAL_Driver\Src\stm32f7xx_hal_gpio.o
 .debug_abbrev  0x00000cc6      0x2d6 Drivers\STM32F7xx_HAL_Driver\Src\stm32f7xx_hal_rcc.o
 .debug_abbrev  0x00000f9c      0x1c8 Drivers\STM32F7xx_HAL_Driver\Src\stm32f7xx_hal_rcc_ex.o
 .debug_abbrev  0x00001164      0x31d Drivers\STM32F7xx_HAL_Driver\Src\stm32f7xx_hal_uart.o
 .debug_abbrev  0x00001481      0x29e Src\main.o
 .debug_abbrev  0x0000171f      0x1fb Src\stm32f7xx_hal_msp.o
 .debug_abbrev  0x0000191a      0x1a6 Src\stm32f7xx_it.o
 .debug_abbrev  0x00001ac0      0x142 Src\system_stm32f7xx.o
 .debug_abbrev  0x00001c02       0x12 startup\startup_stm32f767xx.o

.debug_loc      0x00000000     0x38ac
 .debug_loc     0x00000000      0x11b Drivers\STM32F7xx_HAL_Driver\Src\stm32f7xx_hal.o
 .debug_loc     0x0000011b      0x72b Drivers\STM32F7xx_HAL_Driver\Src\stm32f7xx_hal_adc.o
 .debug_loc     0x00000846      0x57e Drivers\STM32F7xx_HAL_Driver\Src\stm32f7xx_hal_cortex.o
 .debug_loc     0x00000dc4      0x7ed Drivers\STM32F7xx_HAL_Driver\Src\stm32f7xx_hal_dma.o
 .debug_loc     0x000015b1      0x36d Drivers\STM32F7xx_HAL_Driver\Src\stm32f7xx_hal_gpio.o
 .debug_loc     0x0000191e      0x3fe Drivers\STM32F7xx_HAL_Driver\Src\stm32f7xx_hal_rcc.o
 .debug_loc     0x00001d1c      0x5dc Drivers\STM32F7xx_HAL_Driver\Src\stm32f7xx_hal_rcc_ex.o
 .debug_loc     0x000022f8     0x13e8 Drivers\STM32F7xx_HAL_Driver\Src\stm32f7xx_hal_uart.o
 .debug_loc     0x000036e0       0xbb Src\stm32f7xx_hal_msp.o
 .debug_loc     0x0000379b      0x111 Src\system_stm32f7xx.o

.debug_aranges  0x00000000      0x6d0
 .debug_aranges
                0x00000000      0x108 Drivers\STM32F7xx_HAL_Driver\Src\stm32f7xx_hal.o
 .debug_aranges
                0x00000108       0xb8 Drivers\STM32F7xx_HAL_Driver\Src\stm32f7xx_hal_adc.o
 .debug_aranges
                0x000001c0       0xa8 Drivers\STM32F7xx_HAL_Driver\Src\stm32f7xx_hal_cortex.o
 .debug_aranges
                0x00000268       0x80 Drivers\STM32F7xx_HAL_Driver\Src\stm32f7xx_hal_dma.o
 .debug_aranges
                0x000002e8       0x58 Drivers\STM32F7xx_HAL_Driver\Src\stm32f7xx_hal_gpio.o
 .debug_aranges
                0x00000340       0x88 Drivers\STM32F7xx_HAL_Driver\Src\stm32f7xx_hal_rcc.o
 .debug_aranges
                0x000003c8       0x50 Drivers\STM32F7xx_HAL_Driver\Src\stm32f7xx_hal_rcc_ex.o
 .debug_aranges
                0x00000418      0x1a0 Drivers\STM32F7xx_HAL_Driver\Src\stm32f7xx_hal_uart.o
 .debug_aranges
                0x000005b8       0x30 Src\main.o
 .debug_aranges
                0x000005e8       0x40 Src\stm32f7xx_hal_msp.o
 .debug_aranges
                0x00000628       0x58 Src\stm32f7xx_it.o
 .debug_aranges
                0x00000680       0x28 Src\system_stm32f7xx.o
 .debug_aranges
                0x000006a8       0x28 startup\startup_stm32f767xx.o

.debug_ranges   0x00000000      0x958
 .debug_ranges  0x00000000       0xf8 Drivers\STM32F7xx_HAL_Driver\Src\stm32f7xx_hal.o
 .debug_ranges  0x000000f8       0xc8 Drivers\STM32F7xx_HAL_Driver\Src\stm32f7xx_hal_adc.o
 .debug_ranges  0x000001c0      0x138 Drivers\STM32F7xx_HAL_Driver\Src\stm32f7xx_hal_cortex.o
 .debug_ranges  0x000002f8       0xd0 Drivers\STM32F7xx_HAL_Driver\Src\stm32f7xx_hal_dma.o
 .debug_ranges  0x000003c8       0x70 Drivers\STM32F7xx_HAL_Driver\Src\stm32f7xx_hal_gpio.o
 .debug_ranges  0x00000438       0xf0 Drivers\STM32F7xx_HAL_Driver\Src\stm32f7xx_hal_rcc.o
 .debug_ranges  0x00000528       0x58 Drivers\STM32F7xx_HAL_Driver\Src\stm32f7xx_hal_rcc_ex.o
 .debug_ranges  0x00000580      0x190 Drivers\STM32F7xx_HAL_Driver\Src\stm32f7xx_hal_uart.o
 .debug_ranges  0x00000710      0x130 Src\main.o
 .debug_ranges  0x00000840       0x98 Src\stm32f7xx_hal_msp.o
 .debug_ranges  0x000008d8       0x48 Src\stm32f7xx_it.o
 .debug_ranges  0x00000920       0x18 Src\system_stm32f7xx.o
 .debug_ranges  0x00000938       0x20 startup\startup_stm32f767xx.o

.debug_line     0x00000000     0x3d54
 .debug_line    0x00000000      0x44b Drivers\STM32F7xx_HAL_Driver\Src\stm32f7xx_hal.o
 .debug_line    0x0000044b      0x712 Drivers\STM32F7xx_HAL_Driver\Src\stm32f7xx_hal_adc.o
 .debug_line    0x00000b5d      0x473 Drivers\STM32F7xx_HAL_Driver\Src\stm32f7xx_hal_cortex.o
 .debug_line    0x00000fd0      0x577 Drivers\STM32F7xx_HAL_Driver\Src\stm32f7xx_hal_dma.o
 .debug_line    0x00001547      0x427 Drivers\STM32F7xx_HAL_Driver\Src\stm32f7xx_hal_gpio.o
 .debug_line    0x0000196e      0x5c0 Drivers\STM32F7xx_HAL_Driver\Src\stm32f7xx_hal_rcc.o
 .debug_line    0x00001f2e      0x478 Drivers\STM32F7xx_HAL_Driver\Src\stm32f7xx_hal_rcc_ex.o
 .debug_line    0x000023a6      0xd69 Drivers\STM32F7xx_HAL_Driver\Src\stm32f7xx_hal_uart.o
 .debug_line    0x0000310f      0x3e5 Src\main.o
 .debug_line    0x000034f4      0x33a Src\stm32f7xx_hal_msp.o
 .debug_line    0x0000382e      0x296 Src\stm32f7xx_it.o
 .debug_line    0x00003ac4      0x211 Src\system_stm32f7xx.o
 .debug_line    0x00003cd5       0x7f startup\startup_stm32f767xx.o

.debug_str      0x00000000     0x2f95
 .debug_str     0x00000000      0xd38 Drivers\STM32F7xx_HAL_Driver\Src\stm32f7xx_hal.o
                                0xd9c (size before relaxing)
 .debug_str     0x00000d38      0x6d3 Drivers\STM32F7xx_HAL_Driver\Src\stm32f7xx_hal_adc.o
                                0xa2c (size before relaxing)
 .debug_str     0x0000140b      0x565 Drivers\STM32F7xx_HAL_Driver\Src\stm32f7xx_hal_cortex.o
                                0xf30 (size before relaxing)
 .debug_str     0x00001970      0x2f5 Drivers\STM32F7xx_HAL_Driver\Src\stm32f7xx_hal_dma.o
                                0x85d (size before relaxing)
 .debug_str     0x00001c65      0x1a2 Drivers\STM32F7xx_HAL_Driver\Src\stm32f7xx_hal_gpio.o
                                0x5f4 (size before relaxing)
 .debug_str     0x00001e07      0x329 Drivers\STM32F7xx_HAL_Driver\Src\stm32f7xx_hal_rcc.o
                                0x7db (size before relaxing)
 .debug_str     0x00002130      0x403 Drivers\STM32F7xx_HAL_Driver\Src\stm32f7xx_hal_rcc_ex.o
                                0x830 (size before relaxing)
 .debug_str     0x00002533      0x87d Drivers\STM32F7xx_HAL_Driver\Src\stm32f7xx_hal_uart.o
                                0xfbf (size before relaxing)
 .debug_str     0x00002db0       0xb5 Src\main.o
                               0x160e (size before relaxing)
 .debug_str     0x00002e65       0x1b Src\stm32f7xx_hal_msp.o
                               0x1151 (size before relaxing)
 .debug_str     0x00002e80       0xd0 Src\stm32f7xx_it.o
                                0x7e5 (size before relaxing)
 .debug_str     0x00002f50       0x45 Src\system_stm32f7xx.o
                                0x521 (size before relaxing)

.comment        0x00000000       0x7c
 .comment       0x00000000       0x7c Drivers\STM32F7xx_HAL_Driver\Src\stm32f7xx_hal.o
                                 0x7d (size before relaxing)
 .comment       0x0000007c       0x7d Drivers\STM32F7xx_HAL_Driver\Src\stm32f7xx_hal_adc.o
 .comment       0x0000007c       0x7d Drivers\STM32F7xx_HAL_Driver\Src\stm32f7xx_hal_cortex.o
 .comment       0x0000007c       0x7d Drivers\STM32F7xx_HAL_Driver\Src\stm32f7xx_hal_dma.o
 .comment       0x0000007c       0x7d Drivers\STM32F7xx_HAL_Driver\Src\stm32f7xx_hal_gpio.o
 .comment       0x0000007c       0x7d Drivers\STM32F7xx_HAL_Driver\Src\stm32f7xx_hal_rcc.o
 .comment       0x0000007c       0x7d Drivers\STM32F7xx_HAL_Driver\Src\stm32f7xx_hal_rcc_ex.o
 .comment       0x0000007c       0x7d Drivers\STM32F7xx_HAL_Driver\Src\stm32f7xx_hal_uart.o
 .comment       0x0000007c       0x7d Src\main.o
 .comment       0x0000007c       0x7d Src\stm32f7xx_hal_msp.o
 .comment       0x0000007c       0x7d Src\stm32f7xx_it.o
 .comment       0x0000007c       0x7d Src\system_stm32f7xx.o

.debug_frame    0x00000000     0x1204
 .debug_frame   0x00000000      0x230 Drivers\STM32F7xx_HAL_Driver\Src\stm32f7xx_hal.o
 .debug_frame   0x00000230      0x248 Drivers\STM32F7xx_HAL_Driver\Src\stm32f7xx_hal_adc.o
 .debug_frame   0x00000478      0x158 Drivers\STM32F7xx_HAL_Driver\Src\stm32f7xx_hal_cortex.o
 .debug_frame   0x000005d0      0x150 Drivers\STM32F7xx_HAL_Driver\Src\stm32f7xx_hal_dma.o
 .debug_frame   0x00000720       0xd8 Drivers\STM32F7xx_HAL_Driver\Src\stm32f7xx_hal_gpio.o
 .debug_frame   0x000007f8      0x148 Drivers\STM32F7xx_HAL_Driver\Src\stm32f7xx_hal_rcc.o
 .debug_frame   0x00000940       0xcc Drivers\STM32F7xx_HAL_Driver\Src\stm32f7xx_hal_rcc_ex.o
 .debug_frame   0x00000a0c      0x54c Drivers\STM32F7xx_HAL_Driver\Src\stm32f7xx_hal_uart.o
 .debug_frame   0x00000f58       0x5c Src\main.o
 .debug_frame   0x00000fb4       0xac Src\stm32f7xx_hal_msp.o
 .debug_frame   0x00001060       0xc0 Src\stm32f7xx_it.o
 .debug_frame   0x00001120       0x38 Src\system_stm32f7xx.o
 .debug_frame   0x00001158       0x2c c:/program files (x86)/atollic/truestudio for stm32 9.3.0/armtools/bin/../lib/gcc/arm-atollic-eabi/6.3.1/../../../../arm-atollic-eabi/lib/armv7e-m/fpu/fpv5-d16\libc_nano.a(lib_a-init.o)
 .debug_frame   0x00001184       0x20 c:/program files (x86)/atollic/truestudio for stm32 9.3.0/armtools/bin/../lib/gcc/arm-atollic-eabi/6.3.1/../../../../arm-atollic-eabi/lib/armv7e-m/fpu/fpv5-d16\libc_nano.a(lib_a-memset.o)
 .debug_frame   0x000011a4       0x2c c:/program files (x86)/atollic/truestudio for stm32 9.3.0/armtools/bin/../lib/gcc/arm-atollic-eabi/6.3.1/armv7e-m/fpu/fpv5-d16\libgcc.a(_aeabi_uldivmod.o)
 .debug_frame   0x000011d0       0x34 c:/program files (x86)/atollic/truestudio for stm32 9.3.0/armtools/bin/../lib/gcc/arm-atollic-eabi/6.3.1/armv7e-m/fpu/fpv5-d16\libgcc.a(_udivmoddi4.o)
