Archive member included to satisfy reference by file (symbol)

c:/program files (x86)/atollic/truestudio for stm32 9.3.0/armtools/bin/../lib/gcc/arm-atollic-eabi/6.3.1/../../../../arm-atollic-eabi/lib/armv7e-m/fpu/fpv5-d16\libc_nano.a(lib_a-errno.o)
                              Src\syscalls.o (__errno)
c:/program files (x86)/atollic/truestudio for stm32 9.3.0/armtools/bin/../lib/gcc/arm-atollic-eabi/6.3.1/../../../../arm-atollic-eabi/lib/armv7e-m/fpu/fpv5-d16\libc_nano.a(lib_a-impure.o)
                              c:/program files (x86)/atollic/truestudio for stm32 9.3.0/armtools/bin/../lib/gcc/arm-atollic-eabi/6.3.1/../../../../arm-atollic-eabi/lib/armv7e-m/fpu/fpv5-d16\libc_nano.a(lib_a-errno.o) (_impure_ptr)
c:/program files (x86)/atollic/truestudio for stm32 9.3.0/armtools/bin/../lib/gcc/arm-atollic-eabi/6.3.1/../../../../arm-atollic-eabi/lib/armv7e-m/fpu/fpv5-d16\libc_nano.a(lib_a-init.o)
                              startup\startup_stm32f767xx.o (__libc_init_array)
c:/program files (x86)/atollic/truestudio for stm32 9.3.0/armtools/bin/../lib/gcc/arm-atollic-eabi/6.3.1/../../../../arm-atollic-eabi/lib/armv7e-m/fpu/fpv5-d16\libc_nano.a(lib_a-memset.o)
                              Src\main.o (memset)
c:/program files (x86)/atollic/truestudio for stm32 9.3.0/armtools/bin/../lib/gcc/arm-atollic-eabi/6.3.1/armv7e-m/fpu/fpv5-d16\libgcc.a(_aeabi_uldivmod.o)
                              Drivers\STM32F7xx_HAL_Driver\Src\stm32f7xx_hal_rcc.o (__aeabi_uldivmod)
c:/program files (x86)/atollic/truestudio for stm32 9.3.0/armtools/bin/../lib/gcc/arm-atollic-eabi/6.3.1/armv7e-m/fpu/fpv5-d16\libgcc.a(_udivmoddi4.o)
                              c:/program files (x86)/atollic/truestudio for stm32 9.3.0/armtools/bin/../lib/gcc/arm-atollic-eabi/6.3.1/armv7e-m/fpu/fpv5-d16\libgcc.a(_aeabi_uldivmod.o) (__udivmoddi4)
c:/program files (x86)/atollic/truestudio for stm32 9.3.0/armtools/bin/../lib/gcc/arm-atollic-eabi/6.3.1/armv7e-m/fpu/fpv5-d16\libgcc.a(_dvmd_tls.o)
                              c:/program files (x86)/atollic/truestudio for stm32 9.3.0/armtools/bin/../lib/gcc/arm-atollic-eabi/6.3.1/armv7e-m/fpu/fpv5-d16\libgcc.a(_aeabi_uldivmod.o) (__aeabi_ldiv0)

Allocating common symbols
Common symbol       size              file

hi2c1               0x4c              Src\main.o
i2cBuff             0x2               Src\main.o
uwTick              0x4               Drivers\STM32F7xx_HAL_Driver\Src\stm32f7xx_hal.o
pFlash              0x1c              Drivers\STM32F7xx_HAL_Driver\Src\stm32f7xx_hal_flash.o

Discarded input sections

 .text          0x00000000        0x0 c:/program files (x86)/atollic/truestudio for stm32 9.3.0/armtools/bin/../lib/gcc/arm-atollic-eabi/6.3.1/armv7e-m/fpu/fpv5-d16/crti.o
 .data          0x00000000        0x0 c:/program files (x86)/atollic/truestudio for stm32 9.3.0/armtools/bin/../lib/gcc/arm-atollic-eabi/6.3.1/armv7e-m/fpu/fpv5-d16/crti.o
 .bss           0x00000000        0x0 c:/program files (x86)/atollic/truestudio for stm32 9.3.0/armtools/bin/../lib/gcc/arm-atollic-eabi/6.3.1/armv7e-m/fpu/fpv5-d16/crti.o
 .data          0x00000000        0x4 c:/program files (x86)/atollic/truestudio for stm32 9.3.0/armtools/bin/../lib/gcc/arm-atollic-eabi/6.3.1/armv7e-m/fpu/fpv5-d16/crtbegin.o
 .text          0x00000000        0x0 Drivers\STM32F7xx_HAL_Driver\Src\stm32f7xx_hal.o
 .data          0x00000000        0x0 Drivers\STM32F7xx_HAL_Driver\Src\stm32f7xx_hal.o
 .bss           0x00000000        0x0 Drivers\STM32F7xx_HAL_Driver\Src\stm32f7xx_hal.o
 .text.HAL_MspInit
                0x00000000        0x2 Drivers\STM32F7xx_HAL_Driver\Src\stm32f7xx_hal.o
 .text.HAL_MspDeInit
                0x00000000        0x2 Drivers\STM32F7xx_HAL_Driver\Src\stm32f7xx_hal.o
 .text.HAL_DeInit
                0x00000000       0x2c Drivers\STM32F7xx_HAL_Driver\Src\stm32f7xx_hal.o
 .text.HAL_GetTickPrio
                0x00000000        0xc Drivers\STM32F7xx_HAL_Driver\Src\stm32f7xx_hal.o
 .text.HAL_SetTickFreq
                0x00000000       0x24 Drivers\STM32F7xx_HAL_Driver\Src\stm32f7xx_hal.o
 .text.HAL_GetTickFreq
                0x00000000        0xc Drivers\STM32F7xx_HAL_Driver\Src\stm32f7xx_hal.o
 .text.HAL_SuspendTick
                0x00000000       0x10 Drivers\STM32F7xx_HAL_Driver\Src\stm32f7xx_hal.o
 .text.HAL_ResumeTick
                0x00000000       0x10 Drivers\STM32F7xx_HAL_Driver\Src\stm32f7xx_hal.o
 .text.HAL_GetHalVersion
                0x00000000        0x8 Drivers\STM32F7xx_HAL_Driver\Src\stm32f7xx_hal.o
 .text.HAL_GetREVID
                0x00000000        0xc Drivers\STM32F7xx_HAL_Driver\Src\stm32f7xx_hal.o
 .text.HAL_GetDEVID
                0x00000000       0x10 Drivers\STM32F7xx_HAL_Driver\Src\stm32f7xx_hal.o
 .text.HAL_GetUIDw0
                0x00000000        0xc Drivers\STM32F7xx_HAL_Driver\Src\stm32f7xx_hal.o
 .text.HAL_GetUIDw1
                0x00000000        0xc Drivers\STM32F7xx_HAL_Driver\Src\stm32f7xx_hal.o
 .text.HAL_GetUIDw2
                0x00000000        0xc Drivers\STM32F7xx_HAL_Driver\Src\stm32f7xx_hal.o
 .text.HAL_DBGMCU_EnableDBGSleepMode
                0x00000000       0x10 Drivers\STM32F7xx_HAL_Driver\Src\stm32f7xx_hal.o
 .text.HAL_DBGMCU_DisableDBGSleepMode
                0x00000000       0x10 Drivers\STM32F7xx_HAL_Driver\Src\stm32f7xx_hal.o
 .text.HAL_DBGMCU_EnableDBGStopMode
                0x00000000       0x10 Drivers\STM32F7xx_HAL_Driver\Src\stm32f7xx_hal.o
 .text.HAL_DBGMCU_DisableDBGStopMode
                0x00000000       0x10 Drivers\STM32F7xx_HAL_Driver\Src\stm32f7xx_hal.o
 .text.HAL_DBGMCU_EnableDBGStandbyMode
                0x00000000       0x10 Drivers\STM32F7xx_HAL_Driver\Src\stm32f7xx_hal.o
 .text.HAL_DBGMCU_DisableDBGStandbyMode
                0x00000000       0x10 Drivers\STM32F7xx_HAL_Driver\Src\stm32f7xx_hal.o
 .text.HAL_EnableCompensationCell
                0x00000000       0x10 Drivers\STM32F7xx_HAL_Driver\Src\stm32f7xx_hal.o
 .text.HAL_DisableCompensationCell
                0x00000000       0x10 Drivers\STM32F7xx_HAL_Driver\Src\stm32f7xx_hal.o
 .text.HAL_EnableFMCMemorySwapping
                0x00000000       0x10 Drivers\STM32F7xx_HAL_Driver\Src\stm32f7xx_hal.o
 .text.HAL_DisableFMCMemorySwapping
                0x00000000       0x10 Drivers\STM32F7xx_HAL_Driver\Src\stm32f7xx_hal.o
 .text.HAL_EnableMemorySwappingBank
                0x00000000       0x10 Drivers\STM32F7xx_HAL_Driver\Src\stm32f7xx_hal.o
 .text.HAL_DisableMemorySwappingBank
                0x00000000       0x10 Drivers\STM32F7xx_HAL_Driver\Src\stm32f7xx_hal.o
 .text          0x00000000        0x0 Drivers\STM32F7xx_HAL_Driver\Src\stm32f7xx_hal_cortex.o
 .data          0x00000000        0x0 Drivers\STM32F7xx_HAL_Driver\Src\stm32f7xx_hal_cortex.o
 .bss           0x00000000        0x0 Drivers\STM32F7xx_HAL_Driver\Src\stm32f7xx_hal_cortex.o
 .text.HAL_NVIC_EnableIRQ
                0x00000000       0x1c Drivers\STM32F7xx_HAL_Driver\Src\stm32f7xx_hal_cortex.o
 .text.HAL_NVIC_DisableIRQ
                0x00000000       0x28 Drivers\STM32F7xx_HAL_Driver\Src\stm32f7xx_hal_cortex.o
 .text.HAL_NVIC_SystemReset
                0x00000000       0x24 Drivers\STM32F7xx_HAL_Driver\Src\stm32f7xx_hal_cortex.o
 .text.HAL_MPU_Disable
                0x00000000       0x20 Drivers\STM32F7xx_HAL_Driver\Src\stm32f7xx_hal_cortex.o
 .text.HAL_MPU_Enable
                0x00000000       0x24 Drivers\STM32F7xx_HAL_Driver\Src\stm32f7xx_hal_cortex.o
 .text.HAL_MPU_ConfigRegion
                0x00000000       0x50 Drivers\STM32F7xx_HAL_Driver\Src\stm32f7xx_hal_cortex.o
 .text.HAL_NVIC_GetPriorityGrouping
                0x00000000       0x10 Drivers\STM32F7xx_HAL_Driver\Src\stm32f7xx_hal_cortex.o
 .text.HAL_NVIC_GetPriority
                0x00000000       0x58 Drivers\STM32F7xx_HAL_Driver\Src\stm32f7xx_hal_cortex.o
 .text.HAL_NVIC_SetPendingIRQ
                0x00000000       0x20 Drivers\STM32F7xx_HAL_Driver\Src\stm32f7xx_hal_cortex.o
 .text.HAL_NVIC_GetPendingIRQ
                0x00000000       0x24 Drivers\STM32F7xx_HAL_Driver\Src\stm32f7xx_hal_cortex.o
 .text.HAL_NVIC_ClearPendingIRQ
                0x00000000       0x20 Drivers\STM32F7xx_HAL_Driver\Src\stm32f7xx_hal_cortex.o
 .text.HAL_NVIC_GetActive
                0x00000000       0x24 Drivers\STM32F7xx_HAL_Driver\Src\stm32f7xx_hal_cortex.o
 .text.HAL_SYSTICK_CLKSourceConfig
                0x00000000       0x18 Drivers\STM32F7xx_HAL_Driver\Src\stm32f7xx_hal_cortex.o
 .text.HAL_SYSTICK_Callback
                0x00000000        0x2 Drivers\STM32F7xx_HAL_Driver\Src\stm32f7xx_hal_cortex.o
 .text.HAL_SYSTICK_IRQHandler
                0x00000000        0x8 Drivers\STM32F7xx_HAL_Driver\Src\stm32f7xx_hal_cortex.o
 .text          0x00000000        0x0 Drivers\STM32F7xx_HAL_Driver\Src\stm32f7xx_hal_dma.o
 .data          0x00000000        0x0 Drivers\STM32F7xx_HAL_Driver\Src\stm32f7xx_hal_dma.o
 .bss           0x00000000        0x0 Drivers\STM32F7xx_HAL_Driver\Src\stm32f7xx_hal_dma.o
 .text.DMA_CalcBaseAndBitshift
                0x00000000       0x2c Drivers\STM32F7xx_HAL_Driver\Src\stm32f7xx_hal_dma.o
 .text.HAL_DMA_Init
                0x00000000       0xfc Drivers\STM32F7xx_HAL_Driver\Src\stm32f7xx_hal_dma.o
 .text.HAL_DMA_DeInit
                0x00000000       0x54 Drivers\STM32F7xx_HAL_Driver\Src\stm32f7xx_hal_dma.o
 .text.HAL_DMA_Start
                0x00000000       0x54 Drivers\STM32F7xx_HAL_Driver\Src\stm32f7xx_hal_dma.o
 .text.HAL_DMA_Start_IT
                0x00000000       0x7a Drivers\STM32F7xx_HAL_Driver\Src\stm32f7xx_hal_dma.o
 .text.HAL_DMA_Abort
                0x00000000       0x86 Drivers\STM32F7xx_HAL_Driver\Src\stm32f7xx_hal_dma.o
 .text.HAL_DMA_Abort_IT
                0x00000000       0x24 Drivers\STM32F7xx_HAL_Driver\Src\stm32f7xx_hal_dma.o
 .text.HAL_DMA_PollForTransfer
                0x00000000      0x112 Drivers\STM32F7xx_HAL_Driver\Src\stm32f7xx_hal_dma.o
 .text.HAL_DMA_IRQHandler
                0x00000000      0x174 Drivers\STM32F7xx_HAL_Driver\Src\stm32f7xx_hal_dma.o
 .text.HAL_DMA_RegisterCallback
                0x00000000       0x50 Drivers\STM32F7xx_HAL_Driver\Src\stm32f7xx_hal_dma.o
 .text.HAL_DMA_UnRegisterCallback
                0x00000000       0x5c Drivers\STM32F7xx_HAL_Driver\Src\stm32f7xx_hal_dma.o
 .text.HAL_DMA_GetState
                0x00000000        0x6 Drivers\STM32F7xx_HAL_Driver\Src\stm32f7xx_hal_dma.o
 .text.HAL_DMA_GetError
                0x00000000        0x4 Drivers\STM32F7xx_HAL_Driver\Src\stm32f7xx_hal_dma.o
 .rodata.flagBitshiftOffset.8101
                0x00000000        0x8 Drivers\STM32F7xx_HAL_Driver\Src\stm32f7xx_hal_dma.o
 .debug_info    0x00000000      0xa9d Drivers\STM32F7xx_HAL_Driver\Src\stm32f7xx_hal_dma.o
 .debug_abbrev  0x00000000      0x2e8 Drivers\STM32F7xx_HAL_Driver\Src\stm32f7xx_hal_dma.o
 .debug_loc     0x00000000      0x7ed Drivers\STM32F7xx_HAL_Driver\Src\stm32f7xx_hal_dma.o
 .debug_aranges
                0x00000000       0x80 Drivers\STM32F7xx_HAL_Driver\Src\stm32f7xx_hal_dma.o
 .debug_ranges  0x00000000       0xd0 Drivers\STM32F7xx_HAL_Driver\Src\stm32f7xx_hal_dma.o
 .debug_line    0x00000000      0x577 Drivers\STM32F7xx_HAL_Driver\Src\stm32f7xx_hal_dma.o
 .debug_str     0x00000000      0x854 Drivers\STM32F7xx_HAL_Driver\Src\stm32f7xx_hal_dma.o
 .comment       0x00000000       0x7d Drivers\STM32F7xx_HAL_Driver\Src\stm32f7xx_hal_dma.o
 .debug_frame   0x00000000      0x150 Drivers\STM32F7xx_HAL_Driver\Src\stm32f7xx_hal_dma.o
 .ARM.attributes
                0x00000000       0x37 Drivers\STM32F7xx_HAL_Driver\Src\stm32f7xx_hal_dma.o
 .text          0x00000000        0x0 Drivers\STM32F7xx_HAL_Driver\Src\stm32f7xx_hal_dma_ex.o
 .data          0x00000000        0x0 Drivers\STM32F7xx_HAL_Driver\Src\stm32f7xx_hal_dma_ex.o
 .bss           0x00000000        0x0 Drivers\STM32F7xx_HAL_Driver\Src\stm32f7xx_hal_dma_ex.o
 .text.HAL_DMAEx_MultiBufferStart
                0x00000000       0x5c Drivers\STM32F7xx_HAL_Driver\Src\stm32f7xx_hal_dma_ex.o
 .text.HAL_DMAEx_MultiBufferStart_IT
                0x00000000      0x3d8 Drivers\STM32F7xx_HAL_Driver\Src\stm32f7xx_hal_dma_ex.o
 .text.HAL_DMAEx_ChangeMemory
                0x00000000        0xe Drivers\STM32F7xx_HAL_Driver\Src\stm32f7xx_hal_dma_ex.o
 .debug_info    0x00000000      0x62b Drivers\STM32F7xx_HAL_Driver\Src\stm32f7xx_hal_dma_ex.o
 .debug_abbrev  0x00000000      0x1ad Drivers\STM32F7xx_HAL_Driver\Src\stm32f7xx_hal_dma_ex.o
 .debug_loc     0x00000000      0x494 Drivers\STM32F7xx_HAL_Driver\Src\stm32f7xx_hal_dma_ex.o
 .debug_aranges
                0x00000000       0x30 Drivers\STM32F7xx_HAL_Driver\Src\stm32f7xx_hal_dma_ex.o
 .debug_ranges  0x00000000       0x60 Drivers\STM32F7xx_HAL_Driver\Src\stm32f7xx_hal_dma_ex.o
 .debug_line    0x00000000      0x586 Drivers\STM32F7xx_HAL_Driver\Src\stm32f7xx_hal_dma_ex.o
 .debug_str     0x00000000      0x649 Drivers\STM32F7xx_HAL_Driver\Src\stm32f7xx_hal_dma_ex.o
 .comment       0x00000000       0x7d Drivers\STM32F7xx_HAL_Driver\Src\stm32f7xx_hal_dma_ex.o
 .debug_frame   0x00000000       0x58 Drivers\STM32F7xx_HAL_Driver\Src\stm32f7xx_hal_dma_ex.o
 .ARM.attributes
                0x00000000       0x37 Drivers\STM32F7xx_HAL_Driver\Src\stm32f7xx_hal_dma_ex.o
 .text          0x00000000        0x0 Drivers\STM32F7xx_HAL_Driver\Src\stm32f7xx_hal_exti.o
 .data          0x00000000        0x0 Drivers\STM32F7xx_HAL_Driver\Src\stm32f7xx_hal_exti.o
 .bss           0x00000000        0x0 Drivers\STM32F7xx_HAL_Driver\Src\stm32f7xx_hal_exti.o
 .text.HAL_EXTI_SetConfigLine
                0x00000000       0x6c Drivers\STM32F7xx_HAL_Driver\Src\stm32f7xx_hal_exti.o
 .text.HAL_EXTI_GetConfigLine
                0x00000000       0x5c Drivers\STM32F7xx_HAL_Driver\Src\stm32f7xx_hal_exti.o
 .text.HAL_EXTI_ClearConfigLine
                0x00000000       0x2c Drivers\STM32F7xx_HAL_Driver\Src\stm32f7xx_hal_exti.o
 .text.HAL_EXTI_RegisterCallback
                0x00000000        0xc Drivers\STM32F7xx_HAL_Driver\Src\stm32f7xx_hal_exti.o
 .text.HAL_EXTI_GetHandle
                0x00000000        0xc Drivers\STM32F7xx_HAL_Driver\Src\stm32f7xx_hal_exti.o
 .text.HAL_EXTI_IRQHandler
                0x00000000       0x18 Drivers\STM32F7xx_HAL_Driver\Src\stm32f7xx_hal_exti.o
 .text.HAL_EXTI_GetPending
                0x00000000       0x18 Drivers\STM32F7xx_HAL_Driver\Src\stm32f7xx_hal_exti.o
 .text.HAL_EXTI_ClearPending
                0x00000000        0xc Drivers\STM32F7xx_HAL_Driver\Src\stm32f7xx_hal_exti.o
 .text.HAL_EXTI_GenerateSWI
                0x00000000        0xc Drivers\STM32F7xx_HAL_Driver\Src\stm32f7xx_hal_exti.o
 .debug_info    0x00000000      0x52c Drivers\STM32F7xx_HAL_Driver\Src\stm32f7xx_hal_exti.o
 .debug_abbrev  0x00000000      0x21a Drivers\STM32F7xx_HAL_Driver\Src\stm32f7xx_hal_exti.o
 .debug_loc     0x00000000      0x273 Drivers\STM32F7xx_HAL_Driver\Src\stm32f7xx_hal_exti.o
 .debug_aranges
                0x00000000       0x60 Drivers\STM32F7xx_HAL_Driver\Src\stm32f7xx_hal_exti.o
 .debug_ranges  0x00000000       0x50 Drivers\STM32F7xx_HAL_Driver\Src\stm32f7xx_hal_exti.o
 .debug_line    0x00000000      0x345 Drivers\STM32F7xx_HAL_Driver\Src\stm32f7xx_hal_exti.o
 .debug_str     0x00000000      0x4e5 Drivers\STM32F7xx_HAL_Driver\Src\stm32f7xx_hal_exti.o
 .comment       0x00000000       0x7d Drivers\STM32F7xx_HAL_Driver\Src\stm32f7xx_hal_exti.o
 .debug_frame   0x00000000       0xa8 Drivers\STM32F7xx_HAL_Driver\Src\stm32f7xx_hal_exti.o
 .ARM.attributes
                0x00000000       0x37 Drivers\STM32F7xx_HAL_Driver\Src\stm32f7xx_hal_exti.o
 .text          0x00000000        0x0 Drivers\STM32F7xx_HAL_Driver\Src\stm32f7xx_hal_flash.o
 .data          0x00000000        0x0 Drivers\STM32F7xx_HAL_Driver\Src\stm32f7xx_hal_flash.o
 .bss           0x00000000        0x0 Drivers\STM32F7xx_HAL_Driver\Src\stm32f7xx_hal_flash.o
 .text.FLASH_Program_DoubleWord
                0x00000000       0x2c Drivers\STM32F7xx_HAL_Driver\Src\stm32f7xx_hal_flash.o
 .text.FLASH_Program_Word
                0x00000000       0x28 Drivers\STM32F7xx_HAL_Driver\Src\stm32f7xx_hal_flash.o
 .text.FLASH_Program_HalfWord
                0x00000000       0x28 Drivers\STM32F7xx_HAL_Driver\Src\stm32f7xx_hal_flash.o
 .text.FLASH_Program_Byte
                0x00000000       0x24 Drivers\STM32F7xx_HAL_Driver\Src\stm32f7xx_hal_flash.o
 .text.FLASH_SetErrorCode
                0x00000000       0x64 Drivers\STM32F7xx_HAL_Driver\Src\stm32f7xx_hal_flash.o
 .text.HAL_FLASH_Program_IT
                0x00000000       0x68 Drivers\STM32F7xx_HAL_Driver\Src\stm32f7xx_hal_flash.o
 .text.HAL_FLASH_EndOfOperationCallback
                0x00000000        0x2 Drivers\STM32F7xx_HAL_Driver\Src\stm32f7xx_hal_flash.o
 .text.HAL_FLASH_OperationErrorCallback
                0x00000000        0x2 Drivers\STM32F7xx_HAL_Driver\Src\stm32f7xx_hal_flash.o
 .text.HAL_FLASH_IRQHandler
                0x00000000       0xe8 Drivers\STM32F7xx_HAL_Driver\Src\stm32f7xx_hal_flash.o
 .text.HAL_FLASH_Unlock
                0x00000000       0x24 Drivers\STM32F7xx_HAL_Driver\Src\stm32f7xx_hal_flash.o
 .text.HAL_FLASH_Lock
                0x00000000       0x14 Drivers\STM32F7xx_HAL_Driver\Src\stm32f7xx_hal_flash.o
 .text.HAL_FLASH_OB_Unlock
                0x00000000       0x24 Drivers\STM32F7xx_HAL_Driver\Src\stm32f7xx_hal_flash.o
 .text.HAL_FLASH_OB_Lock
                0x00000000       0x14 Drivers\STM32F7xx_HAL_Driver\Src\stm32f7xx_hal_flash.o
 .text.HAL_FLASH_GetError
                0x00000000        0xc Drivers\STM32F7xx_HAL_Driver\Src\stm32f7xx_hal_flash.o
 .text.FLASH_WaitForLastOperation
                0x00000000       0x58 Drivers\STM32F7xx_HAL_Driver\Src\stm32f7xx_hal_flash.o
 .text.HAL_FLASH_Program
                0x00000000       0x80 Drivers\STM32F7xx_HAL_Driver\Src\stm32f7xx_hal_flash.o
 .text.HAL_FLASH_OB_Launch
                0x00000000       0x18 Drivers\STM32F7xx_HAL_Driver\Src\stm32f7xx_hal_flash.o
 .debug_info    0x00000000      0x7b4 Drivers\STM32F7xx_HAL_Driver\Src\stm32f7xx_hal_flash.o
 .debug_abbrev  0x00000000      0x2bc Drivers\STM32F7xx_HAL_Driver\Src\stm32f7xx_hal_flash.o
 .debug_loc     0x00000000      0x290 Drivers\STM32F7xx_HAL_Driver\Src\stm32f7xx_hal_flash.o
 .debug_aranges
                0x00000000       0x98 Drivers\STM32F7xx_HAL_Driver\Src\stm32f7xx_hal_flash.o
 .debug_ranges  0x00000000       0x88 Drivers\STM32F7xx_HAL_Driver\Src\stm32f7xx_hal_flash.o
 .debug_line    0x00000000      0x47a Drivers\STM32F7xx_HAL_Driver\Src\stm32f7xx_hal_flash.o
 .debug_str     0x00000000      0x61b Drivers\STM32F7xx_HAL_Driver\Src\stm32f7xx_hal_flash.o
 .comment       0x00000000       0x7d Drivers\STM32F7xx_HAL_Driver\Src\stm32f7xx_hal_flash.o
 .debug_frame   0x00000000      0x15c Drivers\STM32F7xx_HAL_Driver\Src\stm32f7xx_hal_flash.o
 .ARM.attributes
                0x00000000       0x37 Drivers\STM32F7xx_HAL_Driver\Src\stm32f7xx_hal_flash.o
 COMMON         0x00000000       0x1c Drivers\STM32F7xx_HAL_Driver\Src\stm32f7xx_hal_flash.o
 .text          0x00000000        0x0 Drivers\STM32F7xx_HAL_Driver\Src\stm32f7xx_hal_flash_ex.o
 .data          0x00000000        0x0 Drivers\STM32F7xx_HAL_Driver\Src\stm32f7xx_hal_flash_ex.o
 .bss           0x00000000        0x0 Drivers\STM32F7xx_HAL_Driver\Src\stm32f7xx_hal_flash_ex.o
 .text.FLASH_MassErase
                0x00000000       0x3c Drivers\STM32F7xx_HAL_Driver\Src\stm32f7xx_hal_flash_ex.o
 .text.HAL_FLASHEx_OBProgram
                0x00000000       0xec Drivers\STM32F7xx_HAL_Driver\Src\stm32f7xx_hal_flash_ex.o
 .text.HAL_FLASHEx_OBGetConfig
                0x00000000       0x54 Drivers\STM32F7xx_HAL_Driver\Src\stm32f7xx_hal_flash_ex.o
 .text.FLASH_Erase_Sector
                0x00000000       0x54 Drivers\STM32F7xx_HAL_Driver\Src\stm32f7xx_hal_flash_ex.o
 .text.HAL_FLASHEx_Erase
                0x00000000       0xa0 Drivers\STM32F7xx_HAL_Driver\Src\stm32f7xx_hal_flash_ex.o
 .text.HAL_FLASHEx_Erase_IT
                0x00000000       0x5c Drivers\STM32F7xx_HAL_Driver\Src\stm32f7xx_hal_flash_ex.o
 .debug_info    0x00000000      0xa79 Drivers\STM32F7xx_HAL_Driver\Src\stm32f7xx_hal_flash_ex.o
 .debug_abbrev  0x00000000      0x2c2 Drivers\STM32F7xx_HAL_Driver\Src\stm32f7xx_hal_flash_ex.o
 .debug_loc     0x00000000      0x5b2 Drivers\STM32F7xx_HAL_Driver\Src\stm32f7xx_hal_flash_ex.o
 .debug_aranges
                0x00000000       0x48 Drivers\STM32F7xx_HAL_Driver\Src\stm32f7xx_hal_flash_ex.o
 .debug_ranges  0x00000000       0xe8 Drivers\STM32F7xx_HAL_Driver\Src\stm32f7xx_hal_flash_ex.o
 .debug_line    0x00000000      0x44f Drivers\STM32F7xx_HAL_Driver\Src\stm32f7xx_hal_flash_ex.o
 .debug_str     0x00000000      0x6ea Drivers\STM32F7xx_HAL_Driver\Src\stm32f7xx_hal_flash_ex.o
 .comment       0x00000000       0x7d Drivers\STM32F7xx_HAL_Driver\Src\stm32f7xx_hal_flash_ex.o
 .debug_frame   0x00000000       0x98 Drivers\STM32F7xx_HAL_Driver\Src\stm32f7xx_hal_flash_ex.o
 .ARM.attributes
                0x00000000       0x37 Drivers\STM32F7xx_HAL_Driver\Src\stm32f7xx_hal_flash_ex.o
 .text          0x00000000        0x0 Drivers\STM32F7xx_HAL_Driver\Src\stm32f7xx_hal_gpio.o
 .data          0x00000000        0x0 Drivers\STM32F7xx_HAL_Driver\Src\stm32f7xx_hal_gpio.o
 .bss           0x00000000        0x0 Drivers\STM32F7xx_HAL_Driver\Src\stm32f7xx_hal_gpio.o
 .text.HAL_GPIO_DeInit
                0x00000000      0x134 Drivers\STM32F7xx_HAL_Driver\Src\stm32f7xx_hal_gpio.o
 .text.HAL_GPIO_ReadPin
                0x00000000        0xc Drivers\STM32F7xx_HAL_Driver\Src\stm32f7xx_hal_gpio.o
 .text.HAL_GPIO_TogglePin
                0x00000000        0xe Drivers\STM32F7xx_HAL_Driver\Src\stm32f7xx_hal_gpio.o
 .text.HAL_GPIO_LockPin
                0x00000000       0x2a Drivers\STM32F7xx_HAL_Driver\Src\stm32f7xx_hal_gpio.o
 .text.HAL_GPIO_EXTI_Callback
                0x00000000        0x2 Drivers\STM32F7xx_HAL_Driver\Src\stm32f7xx_hal_gpio.o
 .text.HAL_GPIO_EXTI_IRQHandler
                0x00000000       0x18 Drivers\STM32F7xx_HAL_Driver\Src\stm32f7xx_hal_gpio.o
 .text          0x00000000        0x0 Drivers\STM32F7xx_HAL_Driver\Src\stm32f7xx_hal_i2c.o
 .data          0x00000000        0x0 Drivers\STM32F7xx_HAL_Driver\Src\stm32f7xx_hal_i2c.o
 .bss           0x00000000        0x0 Drivers\STM32F7xx_HAL_Driver\Src\stm32f7xx_hal_i2c.o
 .text.I2C_Enable_IRQ
                0x00000000       0x68 Drivers\STM32F7xx_HAL_Driver\Src\stm32f7xx_hal_i2c.o
 .text.I2C_Disable_IRQ
                0x00000000       0x5a Drivers\STM32F7xx_HAL_Driver\Src\stm32f7xx_hal_i2c.o
 .text.I2C_ConvertOtherXferOptions
                0x00000000       0x1a Drivers\STM32F7xx_HAL_Driver\Src\stm32f7xx_hal_i2c.o
 .text.I2C_RequestMemoryWrite
                0x00000000       0x64 Drivers\STM32F7xx_HAL_Driver\Src\stm32f7xx_hal_i2c.o
 .text.I2C_RequestMemoryRead
                0x00000000       0x64 Drivers\STM32F7xx_HAL_Driver\Src\stm32f7xx_hal_i2c.o
 .text.I2C_WaitOnRXNEFlagUntilTimeout
                0x00000000       0x7e Drivers\STM32F7xx_HAL_Driver\Src\stm32f7xx_hal_i2c.o
 .text.HAL_I2C_MspInit
                0x00000000        0x2 Drivers\STM32F7xx_HAL_Driver\Src\stm32f7xx_hal_i2c.o
 .text.HAL_I2C_MspDeInit
                0x00000000        0x2 Drivers\STM32F7xx_HAL_Driver\Src\stm32f7xx_hal_i2c.o
 .text.HAL_I2C_DeInit
                0x00000000       0x32 Drivers\STM32F7xx_HAL_Driver\Src\stm32f7xx_hal_i2c.o
 .text.HAL_I2C_Master_Receive
                0x00000000      0x12c Drivers\STM32F7xx_HAL_Driver\Src\stm32f7xx_hal_i2c.o
 .text.HAL_I2C_Slave_Transmit
                0x00000000      0x13a Drivers\STM32F7xx_HAL_Driver\Src\stm32f7xx_hal_i2c.o
 .text.HAL_I2C_Slave_Receive
                0x00000000      0x12c Drivers\STM32F7xx_HAL_Driver\Src\stm32f7xx_hal_i2c.o
 .text.HAL_I2C_Master_Transmit_IT
                0x00000000       0x8c Drivers\STM32F7xx_HAL_Driver\Src\stm32f7xx_hal_i2c.o
 .text.HAL_I2C_Master_Receive_IT
                0x00000000       0x8c Drivers\STM32F7xx_HAL_Driver\Src\stm32f7xx_hal_i2c.o
 .text.HAL_I2C_Slave_Transmit_IT
                0x00000000       0x58 Drivers\STM32F7xx_HAL_Driver\Src\stm32f7xx_hal_i2c.o
 .text.HAL_I2C_Slave_Receive_IT
                0x00000000       0x58 Drivers\STM32F7xx_HAL_Driver\Src\stm32f7xx_hal_i2c.o
 .text.HAL_I2C_Master_Transmit_DMA
                0x00000000      0x134 Drivers\STM32F7xx_HAL_Driver\Src\stm32f7xx_hal_i2c.o
 .text.HAL_I2C_Master_Receive_DMA
                0x00000000      0x130 Drivers\STM32F7xx_HAL_Driver\Src\stm32f7xx_hal_i2c.o
 .text.HAL_I2C_Slave_Transmit_DMA
                0x00000000       0xd0 Drivers\STM32F7xx_HAL_Driver\Src\stm32f7xx_hal_i2c.o
 .text.HAL_I2C_Slave_Receive_DMA
                0x00000000       0xd4 Drivers\STM32F7xx_HAL_Driver\Src\stm32f7xx_hal_i2c.o
 .text.HAL_I2C_Mem_Write
                0x00000000      0x16e Drivers\STM32F7xx_HAL_Driver\Src\stm32f7xx_hal_i2c.o
 .text.HAL_I2C_Mem_Read
                0x00000000      0x17c Drivers\STM32F7xx_HAL_Driver\Src\stm32f7xx_hal_i2c.o
 .text.HAL_I2C_Mem_Write_IT
                0x00000000       0xd0 Drivers\STM32F7xx_HAL_Driver\Src\stm32f7xx_hal_i2c.o
 .text.HAL_I2C_Mem_Read_IT
                0x00000000       0xd4 Drivers\STM32F7xx_HAL_Driver\Src\stm32f7xx_hal_i2c.o
 .text.HAL_I2C_Mem_Write_DMA
                0x00000000      0x13c Drivers\STM32F7xx_HAL_Driver\Src\stm32f7xx_hal_i2c.o
 .text.HAL_I2C_Mem_Read_DMA
                0x00000000      0x140 Drivers\STM32F7xx_HAL_Driver\Src\stm32f7xx_hal_i2c.o
 .text.HAL_I2C_IsDeviceReady
                0x00000000      0x116 Drivers\STM32F7xx_HAL_Driver\Src\stm32f7xx_hal_i2c.o
 .text.HAL_I2C_Master_Seq_Transmit_IT
                0x00000000       0xa4 Drivers\STM32F7xx_HAL_Driver\Src\stm32f7xx_hal_i2c.o
 .text.HAL_I2C_Master_Seq_Transmit_DMA
                0x00000000      0x150 Drivers\STM32F7xx_HAL_Driver\Src\stm32f7xx_hal_i2c.o
 .text.HAL_I2C_Master_Seq_Receive_IT
                0x00000000       0xa4 Drivers\STM32F7xx_HAL_Driver\Src\stm32f7xx_hal_i2c.o
 .text.HAL_I2C_Master_Seq_Receive_DMA
                0x00000000      0x150 Drivers\STM32F7xx_HAL_Driver\Src\stm32f7xx_hal_i2c.o
 .text.HAL_I2C_Slave_Seq_Transmit_IT
                0x00000000       0xb8 Drivers\STM32F7xx_HAL_Driver\Src\stm32f7xx_hal_i2c.o
 .text.HAL_I2C_Slave_Seq_Transmit_DMA
                0x00000000      0x164 Drivers\STM32F7xx_HAL_Driver\Src\stm32f7xx_hal_i2c.o
 .text.HAL_I2C_Slave_Seq_Receive_IT
                0x00000000       0xb8 Drivers\STM32F7xx_HAL_Driver\Src\stm32f7xx_hal_i2c.o
 .text.HAL_I2C_Slave_Seq_Receive_DMA
                0x00000000      0x160 Drivers\STM32F7xx_HAL_Driver\Src\stm32f7xx_hal_i2c.o
 .text.HAL_I2C_EnableListen_IT
                0x00000000       0x28 Drivers\STM32F7xx_HAL_Driver\Src\stm32f7xx_hal_i2c.o
 .text.HAL_I2C_DisableListen_IT
                0x00000000       0x36 Drivers\STM32F7xx_HAL_Driver\Src\stm32f7xx_hal_i2c.o
 .text.HAL_I2C_Master_Abort_IT
                0x00000000       0x60 Drivers\STM32F7xx_HAL_Driver\Src\stm32f7xx_hal_i2c.o
 .text.HAL_I2C_EV_IRQHandler
                0x00000000        0xe Drivers\STM32F7xx_HAL_Driver\Src\stm32f7xx_hal_i2c.o
 .text.HAL_I2C_MasterTxCpltCallback
                0x00000000        0x2 Drivers\STM32F7xx_HAL_Driver\Src\stm32f7xx_hal_i2c.o
 .text.HAL_I2C_MasterRxCpltCallback
                0x00000000        0x2 Drivers\STM32F7xx_HAL_Driver\Src\stm32f7xx_hal_i2c.o
 .text.I2C_ITMasterSeqCplt
                0x00000000       0x44 Drivers\STM32F7xx_HAL_Driver\Src\stm32f7xx_hal_i2c.o
 .text.HAL_I2C_SlaveTxCpltCallback
                0x00000000        0x2 Drivers\STM32F7xx_HAL_Driver\Src\stm32f7xx_hal_i2c.o
 .text.HAL_I2C_SlaveRxCpltCallback
                0x00000000        0x2 Drivers\STM32F7xx_HAL_Driver\Src\stm32f7xx_hal_i2c.o
 .text.I2C_ITSlaveSeqCplt
                0x00000000       0x4c Drivers\STM32F7xx_HAL_Driver\Src\stm32f7xx_hal_i2c.o
 .text.I2C_DMASlaveTransmitCplt
                0x00000000       0x1a Drivers\STM32F7xx_HAL_Driver\Src\stm32f7xx_hal_i2c.o
 .text.I2C_DMASlaveReceiveCplt
                0x00000000       0x22 Drivers\STM32F7xx_HAL_Driver\Src\stm32f7xx_hal_i2c.o
 .text.HAL_I2C_AddrCallback
                0x00000000        0x2 Drivers\STM32F7xx_HAL_Driver\Src\stm32f7xx_hal_i2c.o
 .text.I2C_ITAddrCplt.isra.8
                0x00000000       0x8a Drivers\STM32F7xx_HAL_Driver\Src\stm32f7xx_hal_i2c.o
 .text.HAL_I2C_ListenCpltCallback
                0x00000000        0x2 Drivers\STM32F7xx_HAL_Driver\Src\stm32f7xx_hal_i2c.o
 .text.I2C_ITListenCplt
                0x00000000       0x64 Drivers\STM32F7xx_HAL_Driver\Src\stm32f7xx_hal_i2c.o
 .text.HAL_I2C_MemTxCpltCallback
                0x00000000        0x2 Drivers\STM32F7xx_HAL_Driver\Src\stm32f7xx_hal_i2c.o
 .text.HAL_I2C_MemRxCpltCallback
                0x00000000        0x2 Drivers\STM32F7xx_HAL_Driver\Src\stm32f7xx_hal_i2c.o
 .text.HAL_I2C_ErrorCallback
                0x00000000        0x2 Drivers\STM32F7xx_HAL_Driver\Src\stm32f7xx_hal_i2c.o
 .text.HAL_I2C_AbortCpltCallback
                0x00000000        0x2 Drivers\STM32F7xx_HAL_Driver\Src\stm32f7xx_hal_i2c.o
 .text.I2C_ITError
                0x00000000       0xd8 Drivers\STM32F7xx_HAL_Driver\Src\stm32f7xx_hal_i2c.o
 .text.I2C_ITSlaveCplt
                0x00000000       0xf8 Drivers\STM32F7xx_HAL_Driver\Src\stm32f7xx_hal_i2c.o
 .text.I2C_Slave_ISR_IT
                0x00000000      0x112 Drivers\STM32F7xx_HAL_Driver\Src\stm32f7xx_hal_i2c.o
 .text.I2C_ITMasterCplt
                0x00000000       0xb8 Drivers\STM32F7xx_HAL_Driver\Src\stm32f7xx_hal_i2c.o
 .text.I2C_Master_ISR_IT
                0x00000000      0x122 Drivers\STM32F7xx_HAL_Driver\Src\stm32f7xx_hal_i2c.o
 .text.I2C_Slave_ISR_DMA
                0x00000000       0xd2 Drivers\STM32F7xx_HAL_Driver\Src\stm32f7xx_hal_i2c.o
 .text.I2C_Master_ISR_DMA
                0x00000000      0x106 Drivers\STM32F7xx_HAL_Driver\Src\stm32f7xx_hal_i2c.o
 .text.I2C_DMAError
                0x00000000       0x44 Drivers\STM32F7xx_HAL_Driver\Src\stm32f7xx_hal_i2c.o
 .text.I2C_DMAMasterTransmitCplt
                0x00000000       0x52 Drivers\STM32F7xx_HAL_Driver\Src\stm32f7xx_hal_i2c.o
 .text.I2C_DMAMasterReceiveCplt
                0x00000000       0x52 Drivers\STM32F7xx_HAL_Driver\Src\stm32f7xx_hal_i2c.o
 .text.HAL_I2C_ER_IRQHandler
                0x00000000       0x60 Drivers\STM32F7xx_HAL_Driver\Src\stm32f7xx_hal_i2c.o
 .text.I2C_DMAAbort
                0x00000000       0x28 Drivers\STM32F7xx_HAL_Driver\Src\stm32f7xx_hal_i2c.o
 .text.HAL_I2C_GetState
                0x00000000        0x6 Drivers\STM32F7xx_HAL_Driver\Src\stm32f7xx_hal_i2c.o
 .text.HAL_I2C_GetMode
                0x00000000        0x6 Drivers\STM32F7xx_HAL_Driver\Src\stm32f7xx_hal_i2c.o
 .text.HAL_I2C_GetError
                0x00000000        0x4 Drivers\STM32F7xx_HAL_Driver\Src\stm32f7xx_hal_i2c.o
 .text          0x00000000        0x0 Drivers\STM32F7xx_HAL_Driver\Src\stm32f7xx_hal_i2c_ex.o
 .data          0x00000000        0x0 Drivers\STM32F7xx_HAL_Driver\Src\stm32f7xx_hal_i2c_ex.o
 .bss           0x00000000        0x0 Drivers\STM32F7xx_HAL_Driver\Src\stm32f7xx_hal_i2c_ex.o
 .text.HAL_I2CEx_EnableFastModePlus
                0x00000000       0x2c Drivers\STM32F7xx_HAL_Driver\Src\stm32f7xx_hal_i2c_ex.o
 .text.HAL_I2CEx_DisableFastModePlus
                0x00000000       0x2c Drivers\STM32F7xx_HAL_Driver\Src\stm32f7xx_hal_i2c_ex.o
 .text          0x00000000        0x0 Drivers\STM32F7xx_HAL_Driver\Src\stm32f7xx_hal_pwr.o
 .data          0x00000000        0x0 Drivers\STM32F7xx_HAL_Driver\Src\stm32f7xx_hal_pwr.o
 .bss           0x00000000        0x0 Drivers\STM32F7xx_HAL_Driver\Src\stm32f7xx_hal_pwr.o
 .text.HAL_PWR_DeInit
                0x00000000       0x18 Drivers\STM32F7xx_HAL_Driver\Src\stm32f7xx_hal_pwr.o
 .text.HAL_PWR_EnableBkUpAccess
                0x00000000       0x10 Drivers\STM32F7xx_HAL_Driver\Src\stm32f7xx_hal_pwr.o
 .text.HAL_PWR_DisableBkUpAccess
                0x00000000       0x10 Drivers\STM32F7xx_HAL_Driver\Src\stm32f7xx_hal_pwr.o
 .text.HAL_PWR_ConfigPVD
                0x00000000       0x70 Drivers\STM32F7xx_HAL_Driver\Src\stm32f7xx_hal_pwr.o
 .text.HAL_PWR_EnablePVD
                0x00000000       0x10 Drivers\STM32F7xx_HAL_Driver\Src\stm32f7xx_hal_pwr.o
 .text.HAL_PWR_DisablePVD
                0x00000000       0x10 Drivers\STM32F7xx_HAL_Driver\Src\stm32f7xx_hal_pwr.o
 .text.HAL_PWR_EnableWakeUpPin
                0x00000000       0x20 Drivers\STM32F7xx_HAL_Driver\Src\stm32f7xx_hal_pwr.o
 .text.HAL_PWR_DisableWakeUpPin
                0x00000000       0x10 Drivers\STM32F7xx_HAL_Driver\Src\stm32f7xx_hal_pwr.o
 .text.HAL_PWR_EnterSLEEPMode
                0x00000000       0x28 Drivers\STM32F7xx_HAL_Driver\Src\stm32f7xx_hal_pwr.o
 .text.HAL_PWR_EnterSTOPMode
                0x00000000       0x40 Drivers\STM32F7xx_HAL_Driver\Src\stm32f7xx_hal_pwr.o
 .text.HAL_PWR_EnterSTANDBYMode
                0x00000000       0x20 Drivers\STM32F7xx_HAL_Driver\Src\stm32f7xx_hal_pwr.o
 .text.HAL_PWR_PVDCallback
                0x00000000        0x2 Drivers\STM32F7xx_HAL_Driver\Src\stm32f7xx_hal_pwr.o
 .text.HAL_PWR_PVD_IRQHandler
                0x00000000       0x1c Drivers\STM32F7xx_HAL_Driver\Src\stm32f7xx_hal_pwr.o
 .text.HAL_PWR_EnableSleepOnExit
                0x00000000       0x10 Drivers\STM32F7xx_HAL_Driver\Src\stm32f7xx_hal_pwr.o
 .text.HAL_PWR_DisableSleepOnExit
                0x00000000       0x10 Drivers\STM32F7xx_HAL_Driver\Src\stm32f7xx_hal_pwr.o
 .text.HAL_PWR_EnableSEVOnPend
                0x00000000       0x10 Drivers\STM32F7xx_HAL_Driver\Src\stm32f7xx_hal_pwr.o
 .text.HAL_PWR_DisableSEVOnPend
                0x00000000       0x10 Drivers\STM32F7xx_HAL_Driver\Src\stm32f7xx_hal_pwr.o
 .debug_info    0x00000000      0x9c5 Drivers\STM32F7xx_HAL_Driver\Src\stm32f7xx_hal_pwr.o
 .debug_abbrev  0x00000000      0x1b3 Drivers\STM32F7xx_HAL_Driver\Src\stm32f7xx_hal_pwr.o
 .debug_loc     0x00000000       0xae Drivers\STM32F7xx_HAL_Driver\Src\stm32f7xx_hal_pwr.o
 .debug_aranges
                0x00000000       0xa0 Drivers\STM32F7xx_HAL_Driver\Src\stm32f7xx_hal_pwr.o
 .debug_ranges  0x00000000       0x90 Drivers\STM32F7xx_HAL_Driver\Src\stm32f7xx_hal_pwr.o
 .debug_line    0x00000000      0x387 Drivers\STM32F7xx_HAL_Driver\Src\stm32f7xx_hal_pwr.o
 .debug_str     0x00000000      0x72b Drivers\STM32F7xx_HAL_Driver\Src\stm32f7xx_hal_pwr.o
 .comment       0x00000000       0x7d Drivers\STM32F7xx_HAL_Driver\Src\stm32f7xx_hal_pwr.o
 .debug_frame   0x00000000      0x130 Drivers\STM32F7xx_HAL_Driver\Src\stm32f7xx_hal_pwr.o
 .ARM.attributes
                0x00000000       0x37 Drivers\STM32F7xx_HAL_Driver\Src\stm32f7xx_hal_pwr.o
 .text          0x00000000        0x0 Drivers\STM32F7xx_HAL_Driver\Src\stm32f7xx_hal_pwr_ex.o
 .data          0x00000000        0x0 Drivers\STM32F7xx_HAL_Driver\Src\stm32f7xx_hal_pwr_ex.o
 .bss           0x00000000        0x0 Drivers\STM32F7xx_HAL_Driver\Src\stm32f7xx_hal_pwr_ex.o
 .text.HAL_PWREx_EnableBkUpReg
                0x00000000       0x38 Drivers\STM32F7xx_HAL_Driver\Src\stm32f7xx_hal_pwr_ex.o
 .text.HAL_PWREx_DisableBkUpReg
                0x00000000       0x38 Drivers\STM32F7xx_HAL_Driver\Src\stm32f7xx_hal_pwr_ex.o
 .text.HAL_PWREx_EnableFlashPowerDown
                0x00000000       0x10 Drivers\STM32F7xx_HAL_Driver\Src\stm32f7xx_hal_pwr_ex.o
 .text.HAL_PWREx_DisableFlashPowerDown
                0x00000000       0x10 Drivers\STM32F7xx_HAL_Driver\Src\stm32f7xx_hal_pwr_ex.o
 .text.HAL_PWREx_EnableMainRegulatorLowVoltage
                0x00000000       0x10 Drivers\STM32F7xx_HAL_Driver\Src\stm32f7xx_hal_pwr_ex.o
 .text.HAL_PWREx_DisableMainRegulatorLowVoltage
                0x00000000       0x10 Drivers\STM32F7xx_HAL_Driver\Src\stm32f7xx_hal_pwr_ex.o
 .text.HAL_PWREx_EnableLowRegulatorLowVoltage
                0x00000000       0x10 Drivers\STM32F7xx_HAL_Driver\Src\stm32f7xx_hal_pwr_ex.o
 .text.HAL_PWREx_DisableLowRegulatorLowVoltage
                0x00000000       0x10 Drivers\STM32F7xx_HAL_Driver\Src\stm32f7xx_hal_pwr_ex.o
 .text.HAL_PWREx_DisableOverDrive
                0x00000000       0x6c Drivers\STM32F7xx_HAL_Driver\Src\stm32f7xx_hal_pwr_ex.o
 .text.HAL_PWREx_EnterUnderDriveSTOPMode
                0x00000000       0x8c Drivers\STM32F7xx_HAL_Driver\Src\stm32f7xx_hal_pwr_ex.o
 .text.HAL_PWREx_GetVoltageRange
                0x00000000       0x10 Drivers\STM32F7xx_HAL_Driver\Src\stm32f7xx_hal_pwr_ex.o
 .text.HAL_PWREx_ControlVoltageScaling
                0x00000000       0xac Drivers\STM32F7xx_HAL_Driver\Src\stm32f7xx_hal_pwr_ex.o
 .text          0x00000000        0x0 Drivers\STM32F7xx_HAL_Driver\Src\stm32f7xx_hal_rcc.o
 .data          0x00000000        0x0 Drivers\STM32F7xx_HAL_Driver\Src\stm32f7xx_hal_rcc.o
 .bss           0x00000000        0x0 Drivers\STM32F7xx_HAL_Driver\Src\stm32f7xx_hal_rcc.o
 .text.HAL_RCC_DeInit
                0x00000000      0x12c Drivers\STM32F7xx_HAL_Driver\Src\stm32f7xx_hal_rcc.o
 .text.HAL_RCC_MCOConfig
                0x00000000       0x90 Drivers\STM32F7xx_HAL_Driver\Src\stm32f7xx_hal_rcc.o
 .text.HAL_RCC_EnableCSS
                0x00000000       0x10 Drivers\STM32F7xx_HAL_Driver\Src\stm32f7xx_hal_rcc.o
 .text.HAL_RCC_DisableCSS
                0x00000000       0x10 Drivers\STM32F7xx_HAL_Driver\Src\stm32f7xx_hal_rcc.o
 .text.HAL_RCC_GetHCLKFreq
                0x00000000        0xc Drivers\STM32F7xx_HAL_Driver\Src\stm32f7xx_hal_rcc.o
 .text.HAL_RCC_GetPCLK1Freq
                0x00000000       0x20 Drivers\STM32F7xx_HAL_Driver\Src\stm32f7xx_hal_rcc.o
 .text.HAL_RCC_GetPCLK2Freq
                0x00000000       0x20 Drivers\STM32F7xx_HAL_Driver\Src\stm32f7xx_hal_rcc.o
 .text.HAL_RCC_GetOscConfig
                0x00000000       0xb0 Drivers\STM32F7xx_HAL_Driver\Src\stm32f7xx_hal_rcc.o
 .text.HAL_RCC_GetClockConfig
                0x00000000       0x3c Drivers\STM32F7xx_HAL_Driver\Src\stm32f7xx_hal_rcc.o
 .text.HAL_RCC_CSSCallback
                0x00000000        0x2 Drivers\STM32F7xx_HAL_Driver\Src\stm32f7xx_hal_rcc.o
 .text.HAL_RCC_NMI_IRQHandler
                0x00000000       0x20 Drivers\STM32F7xx_HAL_Driver\Src\stm32f7xx_hal_rcc.o
 .text          0x00000000        0x0 Drivers\STM32F7xx_HAL_Driver\Src\stm32f7xx_hal_rcc_ex.o
 .data          0x00000000        0x0 Drivers\STM32F7xx_HAL_Driver\Src\stm32f7xx_hal_rcc_ex.o
 .bss           0x00000000        0x0 Drivers\STM32F7xx_HAL_Driver\Src\stm32f7xx_hal_rcc_ex.o
 .text.HAL_RCCEx_GetPeriphCLKConfig
                0x00000000      0x180 Drivers\STM32F7xx_HAL_Driver\Src\stm32f7xx_hal_rcc_ex.o
 .text.HAL_RCCEx_GetPeriphCLKFreq
                0x00000000       0xe4 Drivers\STM32F7xx_HAL_Driver\Src\stm32f7xx_hal_rcc_ex.o
 .text.HAL_RCCEx_EnablePLLI2S
                0x00000000       0x6c Drivers\STM32F7xx_HAL_Driver\Src\stm32f7xx_hal_rcc_ex.o
 .text.HAL_RCCEx_DisablePLLI2S
                0x00000000       0x30 Drivers\STM32F7xx_HAL_Driver\Src\stm32f7xx_hal_rcc_ex.o
 .text.HAL_RCCEx_EnablePLLSAI
                0x00000000       0x6c Drivers\STM32F7xx_HAL_Driver\Src\stm32f7xx_hal_rcc_ex.o
 .text.HAL_RCCEx_DisablePLLSAI
                0x00000000       0x30 Drivers\STM32F7xx_HAL_Driver\Src\stm32f7xx_hal_rcc_ex.o
 .text          0x00000000        0x0 Drivers\STM32F7xx_HAL_Driver\Src\stm32f7xx_hal_tim.o
 .data          0x00000000        0x0 Drivers\STM32F7xx_HAL_Driver\Src\stm32f7xx_hal_tim.o
 .bss           0x00000000        0x0 Drivers\STM32F7xx_HAL_Driver\Src\stm32f7xx_hal_tim.o
 .debug_info    0x00000000      0x16b Drivers\STM32F7xx_HAL_Driver\Src\stm32f7xx_hal_tim.o
 .debug_abbrev  0x00000000       0x8d Drivers\STM32F7xx_HAL_Driver\Src\stm32f7xx_hal_tim.o
 .debug_aranges
                0x00000000       0x18 Drivers\STM32F7xx_HAL_Driver\Src\stm32f7xx_hal_tim.o
 .debug_line    0x00000000      0x1a3 Drivers\STM32F7xx_HAL_Driver\Src\stm32f7xx_hal_tim.o
 .debug_str     0x00000000      0x2c4 Drivers\STM32F7xx_HAL_Driver\Src\stm32f7xx_hal_tim.o
 .comment       0x00000000       0x7d Drivers\STM32F7xx_HAL_Driver\Src\stm32f7xx_hal_tim.o
 .ARM.attributes
                0x00000000       0x37 Drivers\STM32F7xx_HAL_Driver\Src\stm32f7xx_hal_tim.o
 .text          0x00000000        0x0 Drivers\STM32F7xx_HAL_Driver\Src\stm32f7xx_hal_tim_ex.o
 .data          0x00000000        0x0 Drivers\STM32F7xx_HAL_Driver\Src\stm32f7xx_hal_tim_ex.o
 .bss           0x00000000        0x0 Drivers\STM32F7xx_HAL_Driver\Src\stm32f7xx_hal_tim_ex.o
 .debug_info    0x00000000      0x16b Drivers\STM32F7xx_HAL_Driver\Src\stm32f7xx_hal_tim_ex.o
 .debug_abbrev  0x00000000       0x8d Drivers\STM32F7xx_HAL_Driver\Src\stm32f7xx_hal_tim_ex.o
 .debug_aranges
                0x00000000       0x18 Drivers\STM32F7xx_HAL_Driver\Src\stm32f7xx_hal_tim_ex.o
 .debug_line    0x00000000      0x1a3 Drivers\STM32F7xx_HAL_Driver\Src\stm32f7xx_hal_tim_ex.o
 .debug_str     0x00000000      0x2c7 Drivers\STM32F7xx_HAL_Driver\Src\stm32f7xx_hal_tim_ex.o
 .comment       0x00000000       0x7d Drivers\STM32F7xx_HAL_Driver\Src\stm32f7xx_hal_tim_ex.o
 .ARM.attributes
                0x00000000       0x37 Drivers\STM32F7xx_HAL_Driver\Src\stm32f7xx_hal_tim_ex.o
 .text          0x00000000        0x0 Src\main.o
 .data          0x00000000        0x0 Src\main.o
 .bss           0x00000000        0x0 Src\main.o
 .text.Error_Handler
                0x00000000        0x2 Src\main.o
 .data.num      0x00000000        0x6 Src\main.o
 .text          0x00000000        0x0 Src\stm32f7xx_hal_msp.o
 .data          0x00000000        0x0 Src\stm32f7xx_hal_msp.o
 .bss           0x00000000        0x0 Src\stm32f7xx_hal_msp.o
 .text.HAL_I2C_MspDeInit
                0x00000000       0x2c Src\stm32f7xx_hal_msp.o
 .text          0x00000000        0x0 Src\stm32f7xx_it.o
 .data          0x00000000        0x0 Src\stm32f7xx_it.o
 .bss           0x00000000        0x0 Src\stm32f7xx_it.o
 .text          0x00000000        0x0 Src\syscalls.o
 .data          0x00000000        0x0 Src\syscalls.o
 .bss           0x00000000        0x0 Src\syscalls.o
 .text.initialise_monitor_handles
                0x00000000        0x2 Src\syscalls.o
 .text._getpid  0x00000000        0x4 Src\syscalls.o
 .text._kill    0x00000000       0x10 Src\syscalls.o
 .text._exit    0x00000000        0xc Src\syscalls.o
 .text._read    0x00000000       0x1c Src\syscalls.o
 .text._write   0x00000000       0x1c Src\syscalls.o
 .text._sbrk    0x00000000       0x34 Src\syscalls.o
 .text._close   0x00000000        0x6 Src\syscalls.o
 .text._fstat   0x00000000        0xa Src\syscalls.o
 .text._isatty  0x00000000        0x4 Src\syscalls.o
 .text._lseek   0x00000000        0x4 Src\syscalls.o
 .text._open    0x00000000        0xa Src\syscalls.o
 .text._wait    0x00000000       0x10 Src\syscalls.o
 .text._unlink  0x00000000       0x10 Src\syscalls.o
 .text._times   0x00000000        0x6 Src\syscalls.o
 .text._stat    0x00000000        0xa Src\syscalls.o
 .text._link    0x00000000       0x10 Src\syscalls.o
 .text._fork    0x00000000       0x10 Src\syscalls.o
 .text._execve  0x00000000       0x10 Src\syscalls.o
 .bss.__env     0x00000000        0x4 Src\syscalls.o
 .bss.heap_end.7010
                0x00000000        0x4 Src\syscalls.o
 .data.environ  0x00000000        0x4 Src\syscalls.o
 .debug_info    0x00000000      0xfe1 Src\syscalls.o
 .debug_abbrev  0x00000000      0x2d9 Src\syscalls.o
 .debug_loc     0x00000000      0x3ef Src\syscalls.o
 .debug_aranges
                0x00000000       0xb0 Src\syscalls.o
 .debug_ranges  0x00000000       0xa0 Src\syscalls.o
 .debug_line    0x00000000      0x3bf Src\syscalls.o
 .debug_str     0x00000000      0x881 Src\syscalls.o
 .comment       0x00000000       0x7d Src\syscalls.o
 .debug_frame   0x00000000      0x1a8 Src\syscalls.o
 .ARM.attributes
                0x00000000       0x37 Src\syscalls.o
 .text          0x00000000        0x0 Src\system_stm32f7xx.o
 .data          0x00000000        0x0 Src\system_stm32f7xx.o
 .bss           0x00000000        0x0 Src\system_stm32f7xx.o
 .text.SystemCoreClockUpdate
                0x00000000       0x74 Src\system_stm32f7xx.o
 .rodata.APBPrescTable
                0x00000000        0x8 Src\system_stm32f7xx.o
 .text          0x00000000       0x14 startup\startup_stm32f767xx.o
 .data          0x00000000        0x0 startup\startup_stm32f767xx.o
 .bss           0x00000000        0x0 startup\startup_stm32f767xx.o
 .text          0x00000000        0x0 c:/program files (x86)/atollic/truestudio for stm32 9.3.0/armtools/bin/../lib/gcc/arm-atollic-eabi/6.3.1/../../../../arm-atollic-eabi/lib/armv7e-m/fpu/fpv5-d16\libc_nano.a(lib_a-errno.o)
 .data          0x00000000        0x0 c:/program files (x86)/atollic/truestudio for stm32 9.3.0/armtools/bin/../lib/gcc/arm-atollic-eabi/6.3.1/../../../../arm-atollic-eabi/lib/armv7e-m/fpu/fpv5-d16\libc_nano.a(lib_a-errno.o)
 .bss           0x00000000        0x0 c:/program files (x86)/atollic/truestudio for stm32 9.3.0/armtools/bin/../lib/gcc/arm-atollic-eabi/6.3.1/../../../../arm-atollic-eabi/lib/armv7e-m/fpu/fpv5-d16\libc_nano.a(lib_a-errno.o)
 .text.__errno  0x00000000        0xc c:/program files (x86)/atollic/truestudio for stm32 9.3.0/armtools/bin/../lib/gcc/arm-atollic-eabi/6.3.1/../../../../arm-atollic-eabi/lib/armv7e-m/fpu/fpv5-d16\libc_nano.a(lib_a-errno.o)
 .debug_frame   0x00000000       0x20 c:/program files (x86)/atollic/truestudio for stm32 9.3.0/armtools/bin/../lib/gcc/arm-atollic-eabi/6.3.1/../../../../arm-atollic-eabi/lib/armv7e-m/fpu/fpv5-d16\libc_nano.a(lib_a-errno.o)
 .ARM.attributes
                0x00000000       0x32 c:/program files (x86)/atollic/truestudio for stm32 9.3.0/armtools/bin/../lib/gcc/arm-atollic-eabi/6.3.1/../../../../arm-atollic-eabi/lib/armv7e-m/fpu/fpv5-d16\libc_nano.a(lib_a-errno.o)
 .text          0x00000000        0x0 c:/program files (x86)/atollic/truestudio for stm32 9.3.0/armtools/bin/../lib/gcc/arm-atollic-eabi/6.3.1/../../../../arm-atollic-eabi/lib/armv7e-m/fpu/fpv5-d16\libc_nano.a(lib_a-impure.o)
 .data          0x00000000        0x0 c:/program files (x86)/atollic/truestudio for stm32 9.3.0/armtools/bin/../lib/gcc/arm-atollic-eabi/6.3.1/../../../../arm-atollic-eabi/lib/armv7e-m/fpu/fpv5-d16\libc_nano.a(lib_a-impure.o)
 .bss           0x00000000        0x0 c:/program files (x86)/atollic/truestudio for stm32 9.3.0/armtools/bin/../lib/gcc/arm-atollic-eabi/6.3.1/../../../../arm-atollic-eabi/lib/armv7e-m/fpu/fpv5-d16\libc_nano.a(lib_a-impure.o)
 .data._impure_ptr
                0x00000000        0x4 c:/program files (x86)/atollic/truestudio for stm32 9.3.0/armtools/bin/../lib/gcc/arm-atollic-eabi/6.3.1/../../../../arm-atollic-eabi/lib/armv7e-m/fpu/fpv5-d16\libc_nano.a(lib_a-impure.o)
 .data.impure_data
                0x00000000       0x60 c:/program files (x86)/atollic/truestudio for stm32 9.3.0/armtools/bin/../lib/gcc/arm-atollic-eabi/6.3.1/../../../../arm-atollic-eabi/lib/armv7e-m/fpu/fpv5-d16\libc_nano.a(lib_a-impure.o)
 .rodata._global_impure_ptr
                0x00000000        0x4 c:/program files (x86)/atollic/truestudio for stm32 9.3.0/armtools/bin/../lib/gcc/arm-atollic-eabi/6.3.1/../../../../arm-atollic-eabi/lib/armv7e-m/fpu/fpv5-d16\libc_nano.a(lib_a-impure.o)
 .ARM.attributes
                0x00000000       0x32 c:/program files (x86)/atollic/truestudio for stm32 9.3.0/armtools/bin/../lib/gcc/arm-atollic-eabi/6.3.1/../../../../arm-atollic-eabi/lib/armv7e-m/fpu/fpv5-d16\libc_nano.a(lib_a-impure.o)
 .text          0x00000000        0x0 c:/program files (x86)/atollic/truestudio for stm32 9.3.0/armtools/bin/../lib/gcc/arm-atollic-eabi/6.3.1/../../../../arm-atollic-eabi/lib/armv7e-m/fpu/fpv5-d16\libc_nano.a(lib_a-init.o)
 .data          0x00000000        0x0 c:/program files (x86)/atollic/truestudio for stm32 9.3.0/armtools/bin/../lib/gcc/arm-atollic-eabi/6.3.1/../../../../arm-atollic-eabi/lib/armv7e-m/fpu/fpv5-d16\libc_nano.a(lib_a-init.o)
 .bss           0x00000000        0x0 c:/program files (x86)/atollic/truestudio for stm32 9.3.0/armtools/bin/../lib/gcc/arm-atollic-eabi/6.3.1/../../../../arm-atollic-eabi/lib/armv7e-m/fpu/fpv5-d16\libc_nano.a(lib_a-init.o)
 .text          0x00000000        0x0 c:/program files (x86)/atollic/truestudio for stm32 9.3.0/armtools/bin/../lib/gcc/arm-atollic-eabi/6.3.1/../../../../arm-atollic-eabi/lib/armv7e-m/fpu/fpv5-d16\libc_nano.a(lib_a-memset.o)
 .data          0x00000000        0x0 c:/program files (x86)/atollic/truestudio for stm32 9.3.0/armtools/bin/../lib/gcc/arm-atollic-eabi/6.3.1/../../../../arm-atollic-eabi/lib/armv7e-m/fpu/fpv5-d16\libc_nano.a(lib_a-memset.o)
 .bss           0x00000000        0x0 c:/program files (x86)/atollic/truestudio for stm32 9.3.0/armtools/bin/../lib/gcc/arm-atollic-eabi/6.3.1/../../../../arm-atollic-eabi/lib/armv7e-m/fpu/fpv5-d16\libc_nano.a(lib_a-memset.o)
 .data          0x00000000        0x0 c:/program files (x86)/atollic/truestudio for stm32 9.3.0/armtools/bin/../lib/gcc/arm-atollic-eabi/6.3.1/armv7e-m/fpu/fpv5-d16\libgcc.a(_aeabi_uldivmod.o)
 .bss           0x00000000        0x0 c:/program files (x86)/atollic/truestudio for stm32 9.3.0/armtools/bin/../lib/gcc/arm-atollic-eabi/6.3.1/armv7e-m/fpu/fpv5-d16\libgcc.a(_aeabi_uldivmod.o)
 .data          0x00000000        0x0 c:/program files (x86)/atollic/truestudio for stm32 9.3.0/armtools/bin/../lib/gcc/arm-atollic-eabi/6.3.1/armv7e-m/fpu/fpv5-d16\libgcc.a(_udivmoddi4.o)
 .bss           0x00000000        0x0 c:/program files (x86)/atollic/truestudio for stm32 9.3.0/armtools/bin/../lib/gcc/arm-atollic-eabi/6.3.1/armv7e-m/fpu/fpv5-d16\libgcc.a(_udivmoddi4.o)
 .ARM.extab     0x00000000        0x0 c:/program files (x86)/atollic/truestudio for stm32 9.3.0/armtools/bin/../lib/gcc/arm-atollic-eabi/6.3.1/armv7e-m/fpu/fpv5-d16\libgcc.a(_udivmoddi4.o)
 .data          0x00000000        0x0 c:/program files (x86)/atollic/truestudio for stm32 9.3.0/armtools/bin/../lib/gcc/arm-atollic-eabi/6.3.1/armv7e-m/fpu/fpv5-d16\libgcc.a(_dvmd_tls.o)
 .bss           0x00000000        0x0 c:/program files (x86)/atollic/truestudio for stm32 9.3.0/armtools/bin/../lib/gcc/arm-atollic-eabi/6.3.1/armv7e-m/fpu/fpv5-d16\libgcc.a(_dvmd_tls.o)
 .text          0x00000000        0x0 c:/program files (x86)/atollic/truestudio for stm32 9.3.0/armtools/bin/../lib/gcc/arm-atollic-eabi/6.3.1/armv7e-m/fpu/fpv5-d16/crtend.o
 .data          0x00000000        0x0 c:/program files (x86)/atollic/truestudio for stm32 9.3.0/armtools/bin/../lib/gcc/arm-atollic-eabi/6.3.1/armv7e-m/fpu/fpv5-d16/crtend.o
 .bss           0x00000000        0x0 c:/program files (x86)/atollic/truestudio for stm32 9.3.0/armtools/bin/../lib/gcc/arm-atollic-eabi/6.3.1/armv7e-m/fpu/fpv5-d16/crtend.o
 .eh_frame      0x00000000        0x4 c:/program files (x86)/atollic/truestudio for stm32 9.3.0/armtools/bin/../lib/gcc/arm-atollic-eabi/6.3.1/armv7e-m/fpu/fpv5-d16/crtend.o
 .ARM.attributes
                0x00000000       0x32 c:/program files (x86)/atollic/truestudio for stm32 9.3.0/armtools/bin/../lib/gcc/arm-atollic-eabi/6.3.1/armv7e-m/fpu/fpv5-d16/crtend.o
 .text          0x00000000        0x0 c:/program files (x86)/atollic/truestudio for stm32 9.3.0/armtools/bin/../lib/gcc/arm-atollic-eabi/6.3.1/armv7e-m/fpu/fpv5-d16/crtn.o
 .data          0x00000000        0x0 c:/program files (x86)/atollic/truestudio for stm32 9.3.0/armtools/bin/../lib/gcc/arm-atollic-eabi/6.3.1/armv7e-m/fpu/fpv5-d16/crtn.o
 .bss           0x00000000        0x0 c:/program files (x86)/atollic/truestudio for stm32 9.3.0/armtools/bin/../lib/gcc/arm-atollic-eabi/6.3.1/armv7e-m/fpu/fpv5-d16/crtn.o

Memory Configuration

Name             Origin             Length             Attributes
RAM              0x20000000         0x00080000         xrw
FLASH            0x08000000         0x00200000         xr
*default*        0x00000000         0xffffffff

Linker script and memory map

LOAD c:/program files (x86)/atollic/truestudio for stm32 9.3.0/armtools/bin/../lib/gcc/arm-atollic-eabi/6.3.1/armv7e-m/fpu/fpv5-d16/crti.o
LOAD c:/program files (x86)/atollic/truestudio for stm32 9.3.0/armtools/bin/../lib/gcc/arm-atollic-eabi/6.3.1/armv7e-m/fpu/fpv5-d16/crtbegin.o
LOAD Drivers\STM32F7xx_HAL_Driver\Src\stm32f7xx_hal.o
LOAD Drivers\STM32F7xx_HAL_Driver\Src\stm32f7xx_hal_cortex.o
LOAD Drivers\STM32F7xx_HAL_Driver\Src\stm32f7xx_hal_dma.o
LOAD Drivers\STM32F7xx_HAL_Driver\Src\stm32f7xx_hal_dma_ex.o
LOAD Drivers\STM32F7xx_HAL_Driver\Src\stm32f7xx_hal_exti.o
LOAD Drivers\STM32F7xx_HAL_Driver\Src\stm32f7xx_hal_flash.o
LOAD Drivers\STM32F7xx_HAL_Driver\Src\stm32f7xx_hal_flash_ex.o
LOAD Drivers\STM32F7xx_HAL_Driver\Src\stm32f7xx_hal_gpio.o
LOAD Drivers\STM32F7xx_HAL_Driver\Src\stm32f7xx_hal_i2c.o
LOAD Drivers\STM32F7xx_HAL_Driver\Src\stm32f7xx_hal_i2c_ex.o
LOAD Drivers\STM32F7xx_HAL_Driver\Src\stm32f7xx_hal_pwr.o
LOAD Drivers\STM32F7xx_HAL_Driver\Src\stm32f7xx_hal_pwr_ex.o
LOAD Drivers\STM32F7xx_HAL_Driver\Src\stm32f7xx_hal_rcc.o
LOAD Drivers\STM32F7xx_HAL_Driver\Src\stm32f7xx_hal_rcc_ex.o
LOAD Drivers\STM32F7xx_HAL_Driver\Src\stm32f7xx_hal_tim.o
LOAD Drivers\STM32F7xx_HAL_Driver\Src\stm32f7xx_hal_tim_ex.o
LOAD Src\main.o
LOAD Src\stm32f7xx_hal_msp.o
LOAD Src\stm32f7xx_it.o
LOAD Src\syscalls.o
LOAD Src\system_stm32f7xx.o
LOAD startup\startup_stm32f767xx.o
                0x00000080                malloc_getpagesize_P = 0x80
START GROUP
LOAD c:/program files (x86)/atollic/truestudio for stm32 9.3.0/armtools/bin/../lib/gcc/arm-atollic-eabi/6.3.1/../../../../arm-atollic-eabi/lib/armv7e-m/fpu/fpv5-d16\libc_nano.a
LOAD c:/program files (x86)/atollic/truestudio for stm32 9.3.0/armtools/bin/../lib/gcc/arm-atollic-eabi/6.3.1/../../../../arm-atollic-eabi/lib/armv7e-m/fpu/fpv5-d16\libm.a
END GROUP
START GROUP
LOAD c:/program files (x86)/atollic/truestudio for stm32 9.3.0/armtools/bin/../lib/gcc/arm-atollic-eabi/6.3.1/armv7e-m/fpu/fpv5-d16\libgcc.a
LOAD c:/program files (x86)/atollic/truestudio for stm32 9.3.0/armtools/bin/../lib/gcc/arm-atollic-eabi/6.3.1/../../../../arm-atollic-eabi/lib/armv7e-m/fpu/fpv5-d16\libc_nano.a
END GROUP
START GROUP
LOAD c:/program files (x86)/atollic/truestudio for stm32 9.3.0/armtools/bin/../lib/gcc/arm-atollic-eabi/6.3.1/armv7e-m/fpu/fpv5-d16\libgcc.a
LOAD c:/program files (x86)/atollic/truestudio for stm32 9.3.0/armtools/bin/../lib/gcc/arm-atollic-eabi/6.3.1/../../../../arm-atollic-eabi/lib/armv7e-m/fpu/fpv5-d16\libc_nano.a
LOAD c:/program files (x86)/atollic/truestudio for stm32 9.3.0/armtools/bin/../lib/gcc/arm-atollic-eabi/6.3.1/../../../../arm-atollic-eabi/lib/armv7e-m/fpu/fpv5-d16\libnosys.a
END GROUP
START GROUP
LOAD c:/program files (x86)/atollic/truestudio for stm32 9.3.0/armtools/bin/../lib/gcc/arm-atollic-eabi/6.3.1/armv7e-m/fpu/fpv5-d16\libgcc.a
LOAD c:/program files (x86)/atollic/truestudio for stm32 9.3.0/armtools/bin/../lib/gcc/arm-atollic-eabi/6.3.1/../../../../arm-atollic-eabi/lib/armv7e-m/fpu/fpv5-d16\libc_nano.a
LOAD c:/program files (x86)/atollic/truestudio for stm32 9.3.0/armtools/bin/../lib/gcc/arm-atollic-eabi/6.3.1/../../../../arm-atollic-eabi/lib/armv7e-m/fpu/fpv5-d16\libnosys.a
END GROUP
LOAD c:/program files (x86)/atollic/truestudio for stm32 9.3.0/armtools/bin/../lib/gcc/arm-atollic-eabi/6.3.1/armv7e-m/fpu/fpv5-d16/crtend.o
LOAD c:/program files (x86)/atollic/truestudio for stm32 9.3.0/armtools/bin/../lib/gcc/arm-atollic-eabi/6.3.1/armv7e-m/fpu/fpv5-d16/crtn.o
                0x20080000                _estack = 0x20080000
                0x00000200                _Min_Heap_Size = 0x200
                0x00000400                _Min_Stack_Size = 0x400

.isr_vector     0x08000000      0x1f8
                0x08000000                . = ALIGN (0x4)
 *(.isr_vector)
 .isr_vector    0x08000000      0x1f8 startup\startup_stm32f767xx.o
                0x08000000                g_pfnVectors
                0x080001f8                . = ALIGN (0x4)

.text           0x080001f8     0x1950
                0x080001f8                . = ALIGN (0x4)
 *(.text)
 .text          0x080001f8       0x40 c:/program files (x86)/atollic/truestudio for stm32 9.3.0/armtools/bin/../lib/gcc/arm-atollic-eabi/6.3.1/armv7e-m/fpu/fpv5-d16/crtbegin.o
 .text          0x08000238       0x30 c:/program files (x86)/atollic/truestudio for stm32 9.3.0/armtools/bin/../lib/gcc/arm-atollic-eabi/6.3.1/armv7e-m/fpu/fpv5-d16\libgcc.a(_aeabi_uldivmod.o)
                0x08000238                __aeabi_uldivmod
 .text          0x08000268      0x2dc c:/program files (x86)/atollic/truestudio for stm32 9.3.0/armtools/bin/../lib/gcc/arm-atollic-eabi/6.3.1/armv7e-m/fpu/fpv5-d16\libgcc.a(_udivmoddi4.o)
                0x08000268                __udivmoddi4
 .text          0x08000544        0x4 c:/program files (x86)/atollic/truestudio for stm32 9.3.0/armtools/bin/../lib/gcc/arm-atollic-eabi/6.3.1/armv7e-m/fpu/fpv5-d16\libgcc.a(_dvmd_tls.o)
                0x08000544                __aeabi_idiv0
                0x08000544                __aeabi_ldiv0
 *(.text*)
 .text.HAL_InitTick
                0x08000548       0x48 Drivers\STM32F7xx_HAL_Driver\Src\stm32f7xx_hal.o
                0x08000548                HAL_InitTick
 .text.HAL_Init
                0x08000590       0x16 Drivers\STM32F7xx_HAL_Driver\Src\stm32f7xx_hal.o
                0x08000590                HAL_Init
 *fill*         0x080005a6        0x2 
 .text.HAL_IncTick
                0x080005a8       0x18 Drivers\STM32F7xx_HAL_Driver\Src\stm32f7xx_hal.o
                0x080005a8                HAL_IncTick
 .text.HAL_GetTick
                0x080005c0        0xc Drivers\STM32F7xx_HAL_Driver\Src\stm32f7xx_hal.o
                0x080005c0                HAL_GetTick
 .text.HAL_Delay
                0x080005cc       0x24 Drivers\STM32F7xx_HAL_Driver\Src\stm32f7xx_hal.o
                0x080005cc                HAL_Delay
 .text.HAL_NVIC_SetPriorityGrouping
                0x080005f0       0x24 Drivers\STM32F7xx_HAL_Driver\Src\stm32f7xx_hal_cortex.o
                0x080005f0                HAL_NVIC_SetPriorityGrouping
 .text.HAL_NVIC_SetPriority
                0x08000614       0x70 Drivers\STM32F7xx_HAL_Driver\Src\stm32f7xx_hal_cortex.o
                0x08000614                HAL_NVIC_SetPriority
 .text.HAL_SYSTICK_Config
                0x08000684       0x2c Drivers\STM32F7xx_HAL_Driver\Src\stm32f7xx_hal_cortex.o
                0x08000684                HAL_SYSTICK_Config
 .text.HAL_GPIO_Init
                0x080006b0      0x1d4 Drivers\STM32F7xx_HAL_Driver\Src\stm32f7xx_hal_gpio.o
                0x080006b0                HAL_GPIO_Init
 .text.HAL_GPIO_WritePin
                0x08000884        0xa Drivers\STM32F7xx_HAL_Driver\Src\stm32f7xx_hal_gpio.o
                0x08000884                HAL_GPIO_WritePin
 .text.I2C_Flush_TXDR
                0x0800088e       0x1c Drivers\STM32F7xx_HAL_Driver\Src\stm32f7xx_hal_i2c.o
 .text.I2C_TransferConfig
                0x080008aa       0x34 Drivers\STM32F7xx_HAL_Driver\Src\stm32f7xx_hal_i2c.o
 .text.I2C_WaitOnFlagUntilTimeout
                0x080008de       0x56 Drivers\STM32F7xx_HAL_Driver\Src\stm32f7xx_hal_i2c.o
 .text.I2C_IsAcknowledgeFailed
                0x08000934       0x7a Drivers\STM32F7xx_HAL_Driver\Src\stm32f7xx_hal_i2c.o
 .text.I2C_WaitOnTXISFlagUntilTimeout
                0x080009ae       0x4e Drivers\STM32F7xx_HAL_Driver\Src\stm32f7xx_hal_i2c.o
 .text.I2C_WaitOnSTOPFlagUntilTimeout
                0x080009fc       0x4a Drivers\STM32F7xx_HAL_Driver\Src\stm32f7xx_hal_i2c.o
 .text.HAL_I2C_Init
                0x08000a46       0xa2 Drivers\STM32F7xx_HAL_Driver\Src\stm32f7xx_hal_i2c.o
                0x08000a46                HAL_I2C_Init
 .text.HAL_I2C_Master_Transmit
                0x08000ae8      0x128 Drivers\STM32F7xx_HAL_Driver\Src\stm32f7xx_hal_i2c.o
                0x08000ae8                HAL_I2C_Master_Transmit
 .text.HAL_I2CEx_ConfigAnalogFilter
                0x08000c10       0x4c Drivers\STM32F7xx_HAL_Driver\Src\stm32f7xx_hal_i2c_ex.o
                0x08000c10                HAL_I2CEx_ConfigAnalogFilter
 .text.HAL_I2CEx_ConfigDigitalFilter
                0x08000c5c       0x4a Drivers\STM32F7xx_HAL_Driver\Src\stm32f7xx_hal_i2c_ex.o
                0x08000c5c                HAL_I2CEx_ConfigDigitalFilter
 *fill*         0x08000ca6        0x2 
 .text.HAL_PWREx_EnableOverDrive
                0x08000ca8       0x70 Drivers\STM32F7xx_HAL_Driver\Src\stm32f7xx_hal_pwr_ex.o
                0x08000ca8                HAL_PWREx_EnableOverDrive
 .text.HAL_RCC_OscConfig
                0x08000d18      0x328 Drivers\STM32F7xx_HAL_Driver\Src\stm32f7xx_hal_rcc.o
                0x08000d18                HAL_RCC_OscConfig
 .text.HAL_RCC_GetSysClockFreq
                0x08001040       0x5c Drivers\STM32F7xx_HAL_Driver\Src\stm32f7xx_hal_rcc.o
                0x08001040                HAL_RCC_GetSysClockFreq
 .text.HAL_RCC_ClockConfig
                0x0800109c      0x13c Drivers\STM32F7xx_HAL_Driver\Src\stm32f7xx_hal_rcc.o
                0x0800109c                HAL_RCC_ClockConfig
 .text.HAL_RCCEx_PeriphCLKConfig
                0x080011d8      0x55c Drivers\STM32F7xx_HAL_Driver\Src\stm32f7xx_hal_rcc_ex.o
                0x080011d8                HAL_RCCEx_PeriphCLKConfig
 .text.lcd_send_cmd
                0x08001734       0x3c Src\main.o
                0x08001734                lcd_send_cmd
 .text.lcd_send_data
                0x08001770       0x44 Src\main.o
                0x08001770                lcd_send_data
 .text.lcd_init
                0x080017b4       0x1e Src\main.o
                0x080017b4                lcd_init
 .text.lcd_send_string
                0x080017d2       0x12 Src\main.o
                0x080017d2                lcd_send_string
 .text.SystemClock_Config
                0x080017e4       0xac Src\main.o
                0x080017e4                SystemClock_Config
 .text.startup.main
                0x08001890       0xf8 Src\main.o
                0x08001890                main
 .text.HAL_MspInit
                0x08001988       0x30 Src\stm32f7xx_hal_msp.o
                0x08001988                HAL_MspInit
 .text.HAL_I2C_MspInit
                0x080019b8       0x6c Src\stm32f7xx_hal_msp.o
                0x080019b8                HAL_I2C_MspInit
 .text.NMI_Handler
                0x08001a24        0x2 Src\stm32f7xx_it.o
                0x08001a24                NMI_Handler
 .text.HardFault_Handler
                0x08001a26        0x2 Src\stm32f7xx_it.o
                0x08001a26                HardFault_Handler
 .text.MemManage_Handler
                0x08001a28        0x2 Src\stm32f7xx_it.o
                0x08001a28                MemManage_Handler
 .text.BusFault_Handler
                0x08001a2a        0x2 Src\stm32f7xx_it.o
                0x08001a2a                BusFault_Handler
 .text.UsageFault_Handler
                0x08001a2c        0x2 Src\stm32f7xx_it.o
                0x08001a2c                UsageFault_Handler
 .text.SVC_Handler
                0x08001a2e        0x2 Src\stm32f7xx_it.o
                0x08001a2e                SVC_Handler
 .text.DebugMon_Handler
                0x08001a30        0x2 Src\stm32f7xx_it.o
                0x08001a30                DebugMon_Handler
 .text.PendSV_Handler
                0x08001a32        0x2 Src\stm32f7xx_it.o
                0x08001a32                PendSV_Handler
 .text.SysTick_Handler
                0x08001a34        0x4 Src\stm32f7xx_it.o
                0x08001a34                SysTick_Handler
 .text.SystemInit
                0x08001a38       0x4c Src\system_stm32f7xx.o
                0x08001a38                SystemInit
 .text.Reset_Handler
                0x08001a84       0x50 startup\startup_stm32f767xx.o
                0x08001a84                Reset_Handler
 .text.Default_Handler
                0x08001ad4        0x2 startup\startup_stm32f767xx.o
                0x08001ad4                RTC_Alarm_IRQHandler
                0x08001ad4                EXTI2_IRQHandler
                0x08001ad4                TIM8_CC_IRQHandler
                0x08001ad4                UART8_IRQHandler
                0x08001ad4                SPI4_IRQHandler
                0x08001ad4                TIM1_CC_IRQHandler
                0x08001ad4                DMA2_Stream5_IRQHandler
                0x08001ad4                JPEG_IRQHandler
                0x08001ad4                DMA1_Stream5_IRQHandler
                0x08001ad4                CAN3_RX1_IRQHandler
                0x08001ad4                PVD_IRQHandler
                0x08001ad4                TAMP_STAMP_IRQHandler
                0x08001ad4                CAN2_RX1_IRQHandler
                0x08001ad4                EXTI3_IRQHandler
                0x08001ad4                TIM8_TRG_COM_TIM14_IRQHandler
                0x08001ad4                DFSDM1_FLT1_IRQHandler
                0x08001ad4                TIM1_UP_TIM10_IRQHandler
                0x08001ad4                TIM8_UP_TIM13_IRQHandler
                0x08001ad4                I2C3_ER_IRQHandler
                0x08001ad4                DFSDM1_FLT2_IRQHandler
                0x08001ad4                EXTI0_IRQHandler
                0x08001ad4                I2C2_EV_IRQHandler
                0x08001ad4                DMA1_Stream2_IRQHandler
                0x08001ad4                CAN1_RX0_IRQHandler
                0x08001ad4                FPU_IRQHandler
                0x08001ad4                OTG_HS_WKUP_IRQHandler
                0x08001ad4                CAN3_SCE_IRQHandler
                0x08001ad4                LTDC_ER_IRQHandler
                0x08001ad4                CAN2_SCE_IRQHandler
                0x08001ad4                DMA2_Stream2_IRQHandler
                0x08001ad4                SPI1_IRQHandler
                0x08001ad4                TIM6_DAC_IRQHandler
                0x08001ad4                TIM1_BRK_TIM9_IRQHandler
                0x08001ad4                DCMI_IRQHandler
                0x08001ad4                CAN2_RX0_IRQHandler
                0x08001ad4                DMA2_Stream3_IRQHandler
                0x08001ad4                SAI2_IRQHandler
                0x08001ad4                DFSDM1_FLT3_IRQHandler
                0x08001ad4                USART6_IRQHandler
                0x08001ad4                CAN3_RX0_IRQHandler
                0x08001ad4                USART3_IRQHandler
                0x08001ad4                CAN1_RX1_IRQHandler
                0x08001ad4                UART5_IRQHandler
                0x08001ad4                DMA2_Stream0_IRQHandler
                0x08001ad4                TIM4_IRQHandler
                0x08001ad4                QUADSPI_IRQHandler
                0x08001ad4                I2C1_EV_IRQHandler
                0x08001ad4                DMA1_Stream6_IRQHandler
                0x08001ad4                DMA1_Stream1_IRQHandler
                0x08001ad4                UART4_IRQHandler
                0x08001ad4                TIM3_IRQHandler
                0x08001ad4                RCC_IRQHandler
                0x08001ad4                TIM8_BRK_TIM12_IRQHandler
                0x08001ad4                Default_Handler
                0x08001ad4                CEC_IRQHandler
                0x08001ad4                EXTI15_10_IRQHandler
                0x08001ad4                ADC_IRQHandler
                0x08001ad4                DMA1_Stream7_IRQHandler
                0x08001ad4                SPI5_IRQHandler
                0x08001ad4                TIM7_IRQHandler
                0x08001ad4                SDMMC1_IRQHandler
                0x08001ad4                CAN2_TX_IRQHandler
                0x08001ad4                TIM5_IRQHandler
                0x08001ad4                DMA2_Stream7_IRQHandler
                0x08001ad4                I2C3_EV_IRQHandler
                0x08001ad4                EXTI9_5_IRQHandler
                0x08001ad4                RTC_WKUP_IRQHandler
                0x08001ad4                LTDC_IRQHandler
                0x08001ad4                ETH_WKUP_IRQHandler
                0x08001ad4                SPDIF_RX_IRQHandler
                0x08001ad4                SPI2_IRQHandler
                0x08001ad4                OTG_HS_EP1_IN_IRQHandler
                0x08001ad4                DMA1_Stream0_IRQHandler
                0x08001ad4                CAN1_TX_IRQHandler
                0x08001ad4                EXTI4_IRQHandler
                0x08001ad4                RNG_IRQHandler
                0x08001ad4                ETH_IRQHandler
                0x08001ad4                OTG_HS_EP1_OUT_IRQHandler
                0x08001ad4                WWDG_IRQHandler
                0x08001ad4                SPI6_IRQHandler
                0x08001ad4                MDIOS_IRQHandler
                0x08001ad4                I2C4_EV_IRQHandler
                0x08001ad4                CAN3_TX_IRQHandler
                0x08001ad4                TIM2_IRQHandler
                0x08001ad4                OTG_FS_WKUP_IRQHandler
                0x08001ad4                TIM1_TRG_COM_TIM11_IRQHandler
                0x08001ad4                OTG_HS_IRQHandler
                0x08001ad4                DMA2D_IRQHandler
                0x08001ad4                EXTI1_IRQHandler
                0x08001ad4                SDMMC2_IRQHandler
                0x08001ad4                UART7_IRQHandler
                0x08001ad4                USART2_IRQHandler
                0x08001ad4                DFSDM1_FLT0_IRQHandler
                0x08001ad4                I2C2_ER_IRQHandler
                0x08001ad4                DMA2_Stream1_IRQHandler
                0x08001ad4                CAN1_SCE_IRQHandler
                0x08001ad4                FLASH_IRQHandler
                0x08001ad4                DMA2_Stream4_IRQHandler
                0x08001ad4                USART1_IRQHandler
                0x08001ad4                OTG_FS_IRQHandler
                0x08001ad4                SPI3_IRQHandler
                0x08001ad4                DMA1_Stream4_IRQHandler
                0x08001ad4                I2C1_ER_IRQHandler
                0x08001ad4                FMC_IRQHandler
                0x08001ad4                LPTIM1_IRQHandler
                0x08001ad4                I2C4_ER_IRQHandler
                0x08001ad4                DMA2_Stream6_IRQHandler
                0x08001ad4                SAI1_IRQHandler
                0x08001ad4                DMA1_Stream3_IRQHandler
 *fill*         0x08001ad6        0x2 
 .text.__libc_init_array
                0x08001ad8       0x48 c:/program files (x86)/atollic/truestudio for stm32 9.3.0/armtools/bin/../lib/gcc/arm-atollic-eabi/6.3.1/../../../../arm-atollic-eabi/lib/armv7e-m/fpu/fpv5-d16\libc_nano.a(lib_a-init.o)
                0x08001ad8                __libc_init_array
 .text.memset   0x08001b20       0x10 c:/program files (x86)/atollic/truestudio for stm32 9.3.0/armtools/bin/../lib/gcc/arm-atollic-eabi/6.3.1/../../../../arm-atollic-eabi/lib/armv7e-m/fpu/fpv5-d16\libc_nano.a(lib_a-memset.o)
                0x08001b20                memset
 *(.glue_7)
 .glue_7        0x08001b30        0x0 linker stubs
 *(.glue_7t)
 .glue_7t       0x08001b30        0x0 linker stubs
 *(.eh_frame)
 .eh_frame      0x08001b30        0x0 c:/program files (x86)/atollic/truestudio for stm32 9.3.0/armtools/bin/../lib/gcc/arm-atollic-eabi/6.3.1/armv7e-m/fpu/fpv5-d16/crtbegin.o
 *(.init)
 .init          0x08001b30        0x4 c:/program files (x86)/atollic/truestudio for stm32 9.3.0/armtools/bin/../lib/gcc/arm-atollic-eabi/6.3.1/armv7e-m/fpu/fpv5-d16/crti.o
                0x08001b30                _init
 .init          0x08001b34        0x8 c:/program files (x86)/atollic/truestudio for stm32 9.3.0/armtools/bin/../lib/gcc/arm-atollic-eabi/6.3.1/armv7e-m/fpu/fpv5-d16/crtn.o
 *(.fini)
 .fini          0x08001b3c        0x4 c:/program files (x86)/atollic/truestudio for stm32 9.3.0/armtools/bin/../lib/gcc/arm-atollic-eabi/6.3.1/armv7e-m/fpu/fpv5-d16/crti.o
                0x08001b3c                _fini
 .fini          0x08001b40        0x8 c:/program files (x86)/atollic/truestudio for stm32 9.3.0/armtools/bin/../lib/gcc/arm-atollic-eabi/6.3.1/armv7e-m/fpu/fpv5-d16/crtn.o
                0x08001b48                . = ALIGN (0x4)
                0x08001b48                _etext = .

.vfp11_veneer   0x08001b48        0x0
 .vfp11_veneer  0x08001b48        0x0 linker stubs

.v4_bx          0x08001b48        0x0
 .v4_bx         0x08001b48        0x0 linker stubs

.iplt           0x08001b48        0x0
 .iplt          0x08001b48        0x0 c:/program files (x86)/atollic/truestudio for stm32 9.3.0/armtools/bin/../lib/gcc/arm-atollic-eabi/6.3.1/armv7e-m/fpu/fpv5-d16/crtbegin.o

.rodata         0x08001b48       0x2c
                0x08001b48                . = ALIGN (0x4)
 *(.rodata)
 *(.rodata*)
 .rodata.main.str1.1
                0x08001b48       0x1b Src\main.o
 .rodata.AHBPrescTable
                0x08001b63       0x10 Src\system_stm32f7xx.o
                0x08001b63                AHBPrescTable
                0x08001b74                . = ALIGN (0x4)
 *fill*         0x08001b73        0x1 

.ARM.extab
 *(.ARM.extab* .gnu.linkonce.armextab.*)

.ARM            0x08001b74        0x8
                0x08001b74                __exidx_start = .
 *(.ARM.exidx*)
 .ARM.exidx     0x08001b74        0x8 c:/program files (x86)/atollic/truestudio for stm32 9.3.0/armtools/bin/../lib/gcc/arm-atollic-eabi/6.3.1/armv7e-m/fpu/fpv5-d16\libgcc.a(_udivmoddi4.o)
                0x08001b7c                __exidx_end = .

.rel.dyn        0x08001b7c        0x0
 .rel.iplt      0x08001b7c        0x0 c:/program files (x86)/atollic/truestudio for stm32 9.3.0/armtools/bin/../lib/gcc/arm-atollic-eabi/6.3.1/armv7e-m/fpu/fpv5-d16/crtbegin.o

.preinit_array  0x08001b7c        0x0
                0x08001b7c                PROVIDE (__preinit_array_start, .)
 *(.preinit_array*)
                0x08001b7c                PROVIDE (__preinit_array_end, .)

.init_array     0x08001b7c        0x4
                0x08001b7c                PROVIDE (__init_array_start, .)
 *(SORT(.init_array.*))
 *(.init_array*)
 .init_array    0x08001b7c        0x4 c:/program files (x86)/atollic/truestudio for stm32 9.3.0/armtools/bin/../lib/gcc/arm-atollic-eabi/6.3.1/armv7e-m/fpu/fpv5-d16/crtbegin.o
                0x08001b80                PROVIDE (__init_array_end, .)

.fini_array     0x08001b80        0x4
                [!provide]                PROVIDE (__fini_array_start, .)
 *(SORT(.fini_array.*))
 *(.fini_array*)
 .fini_array    0x08001b80        0x4 c:/program files (x86)/atollic/truestudio for stm32 9.3.0/armtools/bin/../lib/gcc/arm-atollic-eabi/6.3.1/armv7e-m/fpu/fpv5-d16/crtbegin.o
                [!provide]                PROVIDE (__fini_array_end, .)
                0x08001b84                _sidata = LOADADDR (.data)

.data           0x20000000        0xc load address 0x08001b84
                0x20000000                . = ALIGN (0x4)
                0x20000000                _sdata = .
 *(.data)
 *(.data*)
 .data.uwTickFreq
                0x20000000        0x1 Drivers\STM32F7xx_HAL_Driver\Src\stm32f7xx_hal.o
                0x20000000                uwTickFreq
 *fill*         0x20000001        0x3 
 .data.uwTickPrio
                0x20000004        0x4 Drivers\STM32F7xx_HAL_Driver\Src\stm32f7xx_hal.o
                0x20000004                uwTickPrio
 .data.SystemCoreClock
                0x20000008        0x4 Src\system_stm32f7xx.o
                0x20000008                SystemCoreClock
                0x2000000c                . = ALIGN (0x4)
                0x2000000c                _edata = .

.igot.plt       0x2000000c        0x0 load address 0x08001b90
 .igot.plt      0x2000000c        0x0 c:/program files (x86)/atollic/truestudio for stm32 9.3.0/armtools/bin/../lib/gcc/arm-atollic-eabi/6.3.1/armv7e-m/fpu/fpv5-d16/crtbegin.o
                0x2000000c                . = ALIGN (0x4)

.bss            0x2000000c       0x70 load address 0x08001b90
                0x2000000c                _sbss = .
                0x2000000c                __bss_start__ = _sbss
 *(.bss)
 .bss           0x2000000c       0x1c c:/program files (x86)/atollic/truestudio for stm32 9.3.0/armtools/bin/../lib/gcc/arm-atollic-eabi/6.3.1/armv7e-m/fpu/fpv5-d16/crtbegin.o
 *(.bss*)
 *(COMMON)
 COMMON         0x20000028        0x4 Drivers\STM32F7xx_HAL_Driver\Src\stm32f7xx_hal.o
                0x20000028                uwTick
 COMMON         0x2000002c       0x4e Src\main.o
                0x2000002c                hi2c1
                0x20000078                i2cBuff
                0x2000007c                . = ALIGN (0x4)
 *fill*         0x2000007a        0x2 
                0x2000007c                _ebss = .
                0x2000007c                __bss_end__ = _ebss

._user_heap_stack
                0x2000007c      0x600 load address 0x08001b90
                0x2000007c                . = ALIGN (0x4)
                0x2000007c                PROVIDE (end, .)
                [!provide]                PROVIDE (_end, .)
                0x2000027c                . = (. + _Min_Heap_Size)
 *fill*         0x2000007c      0x200 
                0x2000067c                . = (. + _Min_Stack_Size)
 *fill*         0x2000027c      0x400 
                0x2000067c                . = ALIGN (0x4)

/DISCARD/
 libc.a(*)
 libm.a(*)
 libgcc.a(*)

.ARM.attributes
                0x00000000       0x2e
 *(.ARM.attributes)
 .ARM.attributes
                0x00000000       0x20 c:/program files (x86)/atollic/truestudio for stm32 9.3.0/armtools/bin/../lib/gcc/arm-atollic-eabi/6.3.1/armv7e-m/fpu/fpv5-d16/crti.o
 .ARM.attributes
                0x00000020       0x32 c:/program files (x86)/atollic/truestudio for stm32 9.3.0/armtools/bin/../lib/gcc/arm-atollic-eabi/6.3.1/armv7e-m/fpu/fpv5-d16/crtbegin.o
 .ARM.attributes
                0x00000052       0x37 Drivers\STM32F7xx_HAL_Driver\Src\stm32f7xx_hal.o
 .ARM.attributes
                0x00000089       0x37 Drivers\STM32F7xx_HAL_Driver\Src\stm32f7xx_hal_cortex.o
 .ARM.attributes
                0x000000c0       0x37 Drivers\STM32F7xx_HAL_Driver\Src\stm32f7xx_hal_gpio.o
 .ARM.attributes
                0x000000f7       0x37 Drivers\STM32F7xx_HAL_Driver\Src\stm32f7xx_hal_i2c.o
 .ARM.attributes
                0x0000012e       0x37 Drivers\STM32F7xx_HAL_Driver\Src\stm32f7xx_hal_i2c_ex.o
 .ARM.attributes
                0x00000165       0x37 Drivers\STM32F7xx_HAL_Driver\Src\stm32f7xx_hal_pwr_ex.o
 .ARM.attributes
                0x0000019c       0x37 Drivers\STM32F7xx_HAL_Driver\Src\stm32f7xx_hal_rcc.o
 .ARM.attributes
                0x000001d3       0x37 Drivers\STM32F7xx_HAL_Driver\Src\stm32f7xx_hal_rcc_ex.o
 .ARM.attributes
                0x0000020a       0x37 Src\main.o
 .ARM.attributes
                0x00000241       0x37 Src\stm32f7xx_hal_msp.o
 .ARM.attributes
                0x00000278       0x37 Src\stm32f7xx_it.o
 .ARM.attributes
                0x000002af       0x37 Src\system_stm32f7xx.o
 .ARM.attributes
                0x000002e6       0x21 startup\startup_stm32f767xx.o
 .ARM.attributes
                0x00000307       0x32 c:/program files (x86)/atollic/truestudio for stm32 9.3.0/armtools/bin/../lib/gcc/arm-atollic-eabi/6.3.1/../../../../arm-atollic-eabi/lib/armv7e-m/fpu/fpv5-d16\libc_nano.a(lib_a-init.o)
 .ARM.attributes
                0x00000339       0x32 c:/program files (x86)/atollic/truestudio for stm32 9.3.0/armtools/bin/../lib/gcc/arm-atollic-eabi/6.3.1/../../../../arm-atollic-eabi/lib/armv7e-m/fpu/fpv5-d16\libc_nano.a(lib_a-memset.o)
 .ARM.attributes
                0x0000036b       0x20 c:/program files (x86)/atollic/truestudio for stm32 9.3.0/armtools/bin/../lib/gcc/arm-atollic-eabi/6.3.1/armv7e-m/fpu/fpv5-d16\libgcc.a(_aeabi_uldivmod.o)
 .ARM.attributes
                0x0000038b       0x32 c:/program files (x86)/atollic/truestudio for stm32 9.3.0/armtools/bin/../lib/gcc/arm-atollic-eabi/6.3.1/armv7e-m/fpu/fpv5-d16\libgcc.a(_udivmoddi4.o)
 .ARM.attributes
                0x000003bd       0x20 c:/program files (x86)/atollic/truestudio for stm32 9.3.0/armtools/bin/../lib/gcc/arm-atollic-eabi/6.3.1/armv7e-m/fpu/fpv5-d16\libgcc.a(_dvmd_tls.o)
 .ARM.attributes
                0x000003dd       0x20 c:/program files (x86)/atollic/truestudio for stm32 9.3.0/armtools/bin/../lib/gcc/arm-atollic-eabi/6.3.1/armv7e-m/fpu/fpv5-d16/crtn.o
OUTPUT(I2C_LCD_QAPASS.elf elf32-littlearm)

.debug_info     0x00000000     0xad8a
 .debug_info    0x00000000      0xb06 Drivers\STM32F7xx_HAL_Driver\Src\stm32f7xx_hal.o
 .debug_info    0x00000b06     0x11ee Drivers\STM32F7xx_HAL_Driver\Src\stm32f7xx_hal_cortex.o
 .debug_info    0x00001cf4      0x7fa Drivers\STM32F7xx_HAL_Driver\Src\stm32f7xx_hal_gpio.o
 .debug_info    0x000024ee     0x386d Drivers\STM32F7xx_HAL_Driver\Src\stm32f7xx_hal_i2c.o
 .debug_info    0x00005d5b      0x9f7 Drivers\STM32F7xx_HAL_Driver\Src\stm32f7xx_hal_i2c_ex.o
 .debug_info    0x00006752      0xa38 Drivers\STM32F7xx_HAL_Driver\Src\stm32f7xx_hal_pwr_ex.o
 .debug_info    0x0000718a      0xba6 Drivers\STM32F7xx_HAL_Driver\Src\stm32f7xx_hal_rcc.o
 .debug_info    0x00007d30      0x8c9 Drivers\STM32F7xx_HAL_Driver\Src\stm32f7xx_hal_rcc_ex.o
 .debug_info    0x000085f9     0x12fb Src\main.o
 .debug_info    0x000098f4      0xac3 Src\stm32f7xx_hal_msp.o
 .debug_info    0x0000a3b7      0x20d Src\stm32f7xx_it.o
 .debug_info    0x0000a5c4      0x744 Src\system_stm32f7xx.o
 .debug_info    0x0000ad08       0x82 startup\startup_stm32f767xx.o

.debug_abbrev   0x00000000     0x19b1
 .debug_abbrev  0x00000000      0x239 Drivers\STM32F7xx_HAL_Driver\Src\stm32f7xx_hal.o
 .debug_abbrev  0x00000239      0x314 Drivers\STM32F7xx_HAL_Driver\Src\stm32f7xx_hal_cortex.o
 .debug_abbrev  0x0000054d      0x1ef Drivers\STM32F7xx_HAL_Driver\Src\stm32f7xx_hal_gpio.o
 .debug_abbrev  0x0000073c      0x362 Drivers\STM32F7xx_HAL_Driver\Src\stm32f7xx_hal_i2c.o
 .debug_abbrev  0x00000a9e      0x1a3 Drivers\STM32F7xx_HAL_Driver\Src\stm32f7xx_hal_i2c_ex.o
 .debug_abbrev  0x00000c41      0x1c4 Drivers\STM32F7xx_HAL_Driver\Src\stm32f7xx_hal_pwr_ex.o
 .debug_abbrev  0x00000e05      0x2d6 Drivers\STM32F7xx_HAL_Driver\Src\stm32f7xx_hal_rcc.o
 .debug_abbrev  0x000010db      0x1c8 Drivers\STM32F7xx_HAL_Driver\Src\stm32f7xx_hal_rcc_ex.o
 .debug_abbrev  0x000012a3      0x2d5 Src\main.o
 .debug_abbrev  0x00001578      0x1d3 Src\stm32f7xx_hal_msp.o
 .debug_abbrev  0x0000174b      0x112 Src\stm32f7xx_it.o
 .debug_abbrev  0x0000185d      0x142 Src\system_stm32f7xx.o
 .debug_abbrev  0x0000199f       0x12 startup\startup_stm32f767xx.o

.debug_loc      0x00000000     0x54ac
 .debug_loc     0x00000000      0x11b Drivers\STM32F7xx_HAL_Driver\Src\stm32f7xx_hal.o
 .debug_loc     0x0000011b      0x57e Drivers\STM32F7xx_HAL_Driver\Src\stm32f7xx_hal_cortex.o
 .debug_loc     0x00000699      0x36d Drivers\STM32F7xx_HAL_Driver\Src\stm32f7xx_hal_gpio.o
 .debug_loc     0x00000a06     0x3b80 Drivers\STM32F7xx_HAL_Driver\Src\stm32f7xx_hal_i2c.o
 .debug_loc     0x00004586      0x12c Drivers\STM32F7xx_HAL_Driver\Src\stm32f7xx_hal_i2c_ex.o
 .debug_loc     0x000046b2      0x1c2 Drivers\STM32F7xx_HAL_Driver\Src\stm32f7xx_hal_pwr_ex.o
 .debug_loc     0x00004874      0x40a Drivers\STM32F7xx_HAL_Driver\Src\stm32f7xx_hal_rcc.o
 .debug_loc     0x00004c7e      0x5dc Drivers\STM32F7xx_HAL_Driver\Src\stm32f7xx_hal_rcc_ex.o
 .debug_loc     0x0000525a       0xde Src\main.o
 .debug_loc     0x00005338       0x58 Src\stm32f7xx_hal_msp.o
 .debug_loc     0x00005390      0x11c Src\system_stm32f7xx.o

.debug_aranges  0x00000000      0x6e8
 .debug_aranges
                0x00000000      0x108 Drivers\STM32F7xx_HAL_Driver\Src\stm32f7xx_hal.o
 .debug_aranges
                0x00000108       0xa8 Drivers\STM32F7xx_HAL_Driver\Src\stm32f7xx_hal_cortex.o
 .debug_aranges
                0x000001b0       0x58 Drivers\STM32F7xx_HAL_Driver\Src\stm32f7xx_hal_gpio.o
 .debug_aranges
                0x00000208      0x238 Drivers\STM32F7xx_HAL_Driver\Src\stm32f7xx_hal_i2c.o
 .debug_aranges
                0x00000440       0x38 Drivers\STM32F7xx_HAL_Driver\Src\stm32f7xx_hal_i2c_ex.o
 .debug_aranges
                0x00000478       0x80 Drivers\STM32F7xx_HAL_Driver\Src\stm32f7xx_hal_pwr_ex.o
 .debug_aranges
                0x000004f8       0x88 Drivers\STM32F7xx_HAL_Driver\Src\stm32f7xx_hal_rcc.o
 .debug_aranges
                0x00000580       0x50 Drivers\STM32F7xx_HAL_Driver\Src\stm32f7xx_hal_rcc_ex.o
 .debug_aranges
                0x000005d0       0x50 Src\main.o
 .debug_aranges
                0x00000620       0x30 Src\stm32f7xx_hal_msp.o
 .debug_aranges
                0x00000650       0x48 Src\stm32f7xx_it.o
 .debug_aranges
                0x00000698       0x28 Src\system_stm32f7xx.o
 .debug_aranges
                0x000006c0       0x28 startup\startup_stm32f767xx.o

.debug_ranges   0x00000000      0x9a0
 .debug_ranges  0x00000000       0xf8 Drivers\STM32F7xx_HAL_Driver\Src\stm32f7xx_hal.o
 .debug_ranges  0x000000f8      0x138 Drivers\STM32F7xx_HAL_Driver\Src\stm32f7xx_hal_cortex.o
 .debug_ranges  0x00000230       0x70 Drivers\STM32F7xx_HAL_Driver\Src\stm32f7xx_hal_gpio.o
 .debug_ranges  0x000002a0      0x2a0 Drivers\STM32F7xx_HAL_Driver\Src\stm32f7xx_hal_i2c.o
 .debug_ranges  0x00000540       0x68 Drivers\STM32F7xx_HAL_Driver\Src\stm32f7xx_hal_i2c_ex.o
 .debug_ranges  0x000005a8       0xe8 Drivers\STM32F7xx_HAL_Driver\Src\stm32f7xx_hal_pwr_ex.o
 .debug_ranges  0x00000690       0xf0 Drivers\STM32F7xx_HAL_Driver\Src\stm32f7xx_hal_rcc.o
 .debug_ranges  0x00000780       0x58 Drivers\STM32F7xx_HAL_Driver\Src\stm32f7xx_hal_rcc_ex.o
 .debug_ranges  0x000007d8      0x108 Src\main.o
 .debug_ranges  0x000008e0       0x50 Src\stm32f7xx_hal_msp.o
 .debug_ranges  0x00000930       0x38 Src\stm32f7xx_it.o
 .debug_ranges  0x00000968       0x18 Src\system_stm32f7xx.o
 .debug_ranges  0x00000980       0x20 startup\startup_stm32f767xx.o

.debug_line     0x00000000     0x41dd
 .debug_line    0x00000000      0x44b Drivers\STM32F7xx_HAL_Driver\Src\stm32f7xx_hal.o
 .debug_line    0x0000044b      0x473 Drivers\STM32F7xx_HAL_Driver\Src\stm32f7xx_hal_cortex.o
 .debug_line    0x000008be      0x427 Drivers\STM32F7xx_HAL_Driver\Src\stm32f7xx_hal_gpio.o
 .debug_line    0x00000ce5     0x1943 Drivers\STM32F7xx_HAL_Driver\Src\stm32f7xx_hal_i2c.o
 .debug_line    0x00002628      0x2f3 Drivers\STM32F7xx_HAL_Driver\Src\stm32f7xx_hal_i2c_ex.o
 .debug_line    0x0000291b      0x38b Drivers\STM32F7xx_HAL_Driver\Src\stm32f7xx_hal_pwr_ex.o
 .debug_line    0x00002ca6      0x5bf Drivers\STM32F7xx_HAL_Driver\Src\stm32f7xx_hal_rcc.o
 .debug_line    0x00003265      0x47a Drivers\STM32F7xx_HAL_Driver\Src\stm32f7xx_hal_rcc_ex.o
 .debug_line    0x000036df      0x3d1 Src\main.o
 .debug_line    0x00003ab0      0x27d Src\stm32f7xx_hal_msp.o
 .debug_line    0x00003d2d      0x21d Src\stm32f7xx_it.o
 .debug_line    0x00003f4a      0x214 Src\system_stm32f7xx.o
 .debug_line    0x0000415e       0x7f startup\startup_stm32f767xx.o

.debug_str      0x00000000     0x2d3b
 .debug_str     0x00000000      0xd2f Drivers\STM32F7xx_HAL_Driver\Src\stm32f7xx_hal.o
                                0xd93 (size before relaxing)
 .debug_str     0x00000d2f      0x56c Drivers\STM32F7xx_HAL_Driver\Src\stm32f7xx_hal_cortex.o
                                0xf27 (size before relaxing)
 .debug_str     0x0000129b      0x1b2 Drivers\STM32F7xx_HAL_Driver\Src\stm32f7xx_hal_gpio.o
                                0x5eb (size before relaxing)
 .debug_str     0x0000144d      0xd53 Drivers\STM32F7xx_HAL_Driver\Src\stm32f7xx_hal_i2c.o
                               0x10ca (size before relaxing)
 .debug_str     0x000021a0       0xc4 Drivers\STM32F7xx_HAL_Driver\Src\stm32f7xx_hal_i2c_ex.o
                                0x9ef (size before relaxing)
 .debug_str     0x00002264      0x20e Drivers\STM32F7xx_HAL_Driver\Src\stm32f7xx_hal_pwr_ex.o
                                0x73a (size before relaxing)
 .debug_str     0x00002472      0x308 Drivers\STM32F7xx_HAL_Driver\Src\stm32f7xx_hal_rcc.o
                                0x7d2 (size before relaxing)
 .debug_str     0x0000277a      0x3fb Drivers\STM32F7xx_HAL_Driver\Src\stm32f7xx_hal_rcc_ex.o
                                0x827 (size before relaxing)
 .debug_str     0x00002b75       0xc0 Src\main.o
                                0xeeb (size before relaxing)
 .debug_str     0x00002c35       0x1b Src\stm32f7xx_hal_msp.o
                                0x9ba (size before relaxing)
 .debug_str     0x00002c50       0xa6 Src\stm32f7xx_it.o
                                0x33e (size before relaxing)
 .debug_str     0x00002cf6       0x45 Src\system_stm32f7xx.o
                                0x518 (size before relaxing)

.comment        0x00000000       0x7c
 .comment       0x00000000       0x7c Drivers\STM32F7xx_HAL_Driver\Src\stm32f7xx_hal.o
                                 0x7d (size before relaxing)
 .comment       0x0000007c       0x7d Drivers\STM32F7xx_HAL_Driver\Src\stm32f7xx_hal_cortex.o
 .comment       0x0000007c       0x7d Drivers\STM32F7xx_HAL_Driver\Src\stm32f7xx_hal_gpio.o
 .comment       0x0000007c       0x7d Drivers\STM32F7xx_HAL_Driver\Src\stm32f7xx_hal_i2c.o
 .comment       0x0000007c       0x7d Drivers\STM32F7xx_HAL_Driver\Src\stm32f7xx_hal_i2c_ex.o
 .comment       0x0000007c       0x7d Drivers\STM32F7xx_HAL_Driver\Src\stm32f7xx_hal_pwr_ex.o
 .comment       0x0000007c       0x7d Drivers\STM32F7xx_HAL_Driver\Src\stm32f7xx_hal_rcc.o
 .comment       0x0000007c       0x7d Drivers\STM32F7xx_HAL_Driver\Src\stm32f7xx_hal_rcc_ex.o
 .comment       0x0000007c       0x7d Src\main.o
 .comment       0x0000007c       0x7d Src\stm32f7xx_hal_msp.o
 .comment       0x0000007c       0x7d Src\stm32f7xx_it.o
 .comment       0x0000007c       0x7d Src\system_stm32f7xx.o

.debug_frame    0x00000000     0x13b8
 .debug_frame   0x00000000      0x230 Drivers\STM32F7xx_HAL_Driver\Src\stm32f7xx_hal.o
 .debug_frame   0x00000230      0x158 Drivers\STM32F7xx_HAL_Driver\Src\stm32f7xx_hal_cortex.o
 .debug_frame   0x00000388       0xd8 Drivers\STM32F7xx_HAL_Driver\Src\stm32f7xx_hal_gpio.o
 .debug_frame   0x00000460      0x8fc Drivers\STM32F7xx_HAL_Driver\Src\stm32f7xx_hal_i2c.o
 .debug_frame   0x00000d5c       0x70 Drivers\STM32F7xx_HAL_Driver\Src\stm32f7xx_hal_i2c_ex.o
 .debug_frame   0x00000dcc      0x13c Drivers\STM32F7xx_HAL_Driver\Src\stm32f7xx_hal_pwr_ex.o
 .debug_frame   0x00000f08      0x148 Drivers\STM32F7xx_HAL_Driver\Src\stm32f7xx_hal_rcc.o
 .debug_frame   0x00001050       0xcc Drivers\STM32F7xx_HAL_Driver\Src\stm32f7xx_hal_rcc_ex.o
 .debug_frame   0x0000111c       0xc0 Src\main.o
 .debug_frame   0x000011dc       0x58 Src\stm32f7xx_hal_msp.o
 .debug_frame   0x00001234       0xa0 Src\stm32f7xx_it.o
 .debug_frame   0x000012d4       0x38 Src\system_stm32f7xx.o
 .debug_frame   0x0000130c       0x2c c:/program files (x86)/atollic/truestudio for stm32 9.3.0/armtools/bin/../lib/gcc/arm-atollic-eabi/6.3.1/../../../../arm-atollic-eabi/lib/armv7e-m/fpu/fpv5-d16\libc_nano.a(lib_a-init.o)
 .debug_frame   0x00001338       0x20 c:/program files (x86)/atollic/truestudio for stm32 9.3.0/armtools/bin/../lib/gcc/arm-atollic-eabi/6.3.1/../../../../arm-atollic-eabi/lib/armv7e-m/fpu/fpv5-d16\libc_nano.a(lib_a-memset.o)
 .debug_frame   0x00001358       0x2c c:/program files (x86)/atollic/truestudio for stm32 9.3.0/armtools/bin/../lib/gcc/arm-atollic-eabi/6.3.1/armv7e-m/fpu/fpv5-d16\libgcc.a(_aeabi_uldivmod.o)
 .debug_frame   0x00001384       0x34 c:/program files (x86)/atollic/truestudio for stm32 9.3.0/armtools/bin/../lib/gcc/arm-atollic-eabi/6.3.1/armv7e-m/fpu/fpv5-d16\libgcc.a(_udivmoddi4.o)
